05-23 23:13:35.773   828  4997 I [CT]    : HealthReport: 
05-23 23:13:35.773   828  4997 I [CT]    : HealthReport: ...... IMU: Total Dropped: 33.19350000000002, Total Sample Count: 323260.17600000004 (0.010268354243549016%)
05-23 23:13:35.773   828  4997 I [CT]    : HealthReport: 
05-23 23:13:35.773   828  4997 I [CT]    : HealthReport:        Controller 14228583225320460321::
05-23 23:13:35.773   828  4997 I [CT]    : HealthReport: ...... IMU: Capture period since last report exceeded threshold (at least 1 packet dropped/delayed). Largest period: 0.003944999999930587s (WARNING)
05-23 23:13:35.773   828  4997 I [CT]    : HealthReport: 
05-23 23:13:35.773   828  4997 I [CT]    : HealthReport: ...... IMU: Largest capture period since start of tracking session: 0.003945999999984906s
05-23 23:13:35.773   828  4997 I [CT]    : HealthReport: 
05-23 23:13:35.773   828  4997 I [CT]    : HealthReport: ...... IMU: Total Dropped: 3.8904999999999994, Total Sample Count: 303007.114 (0.001283963253747237%)
05-23 23:13:35.773   828  4997 I [CT]    : HealthReport: 
05-23 23:13:35.773   828  4997 I [CT]    : HealthReport: 
05-23 23:13:35.773   828  4997 I [CT]    : HealthReport: Reporter #2 (ConstellationHealthMonitor) Has Warnings
05-23 23:13:35.773   828  4997 I [CT]    : HealthReport: --------------------------------------------------
05-23 23:13:35.773   828  4997 I [CT]    : HealthReport: 
05-23 23:13:35.773   828  4997 I [CT]    : HealthReport: 
05-23 23:13:35.773   828  4997 I [CT]    : HealthReport: Warnings Reported =/
05-23 23:13:35.773   828  4997 I [CT]    : HealthReport: ==================================================
05-23 23:13:35.909  1953  1953 D VrRuntimeService: onForegroundActivitiesChanged: pid=2381, uid=10014, hasForegroundActivities=false
05-23 23:13:36.005  1953  1953 D VrRuntimeService: onForegroundActivitiesChanged: pid=3920, uid=1000, hasForegroundActivities=false
05-23 23:13:36.158  2467  3045 I [OAO] ShellOverlayApp: Sleep timeout exceeded. Timeout:1393.510196, Now:1393.510196. Sleeping... 
05-23 23:13:36.158  2467  3045 I [OAO] ShellOverlayApp: WaitForWake: VrThread entering waiting state
05-23 23:13:36.265  1518  5469 W ContextImpl: Calling a method in the system process without a qualified user: android.app.ContextImpl.sendBroadcast:1057 android.content.ContextWrapper.sendBroadcast:448 X.HK.A00:155 X.HK.handleMessage:92 android.os.Handler.dispatchMessage:107 
05-23 23:13:36.642   828  4997 W [CT]    : VIPER: Closest keyframe is not in both maps. We can't recover the srcFromTgtMap transform.
05-23 23:13:36.985   828  5003 I [CT]    : CONSTELLATION:VISION_STATUS: 7332eb40b77e183e (R): BlobDetection:[#BlobsDetected=(17.38, 15.11)]Matching:[MatchSuccess=1.000, MatchCost=(0.00117, 0.00000), #MatchedBlobs=(6.49, 11.49), #MatchedLeds=(5.16, 0.18), RematchM=0.000, SkipRefine=0.000] MatchMethod:[Prox=1.000, ConstBrute=0.000, UnconstBrute=0.000] MatchResets[AnomBlobSize=0.000, SharedMatch=0.000, DenseReacq=0.000] | Fusion:[FusionError=0.000, ImuFromCamMs=(16.374, 2.048), RematchF=0.016] FusionUpdates:[Successful=0.016, Reliable=0.012, TightFusion=0.016, FullPose=0.000, StaticPrior=0.984, StaticForHandTrans=1.000, PoseUpdateMD=(0.0000, 0.0000)] FusionResets[6DoFReset=0.000, ResetSuccess=0.000] FusionStatus[HasPosition=1.000, HasVelocity=1.000] 
05-23 23:13:36.985   828  5003 I [CT]    : CONSTELLATION:VISION_STATUS: c576150ea24ed021 (L): BlobDetection:[#BlobsDetected=(17.38, 15.11)]Matching:[MatchSuccess=1.000, MatchCost=(0.00214, 0.00000), #MatchedBlobs=(6.02, 7.16), #MatchedLeds=(3.60, 1.64), RematchM=0.000, SkipRefine=0.004] MatchMethod:[Prox=1.000, ConstBrute=0.000, UnconstBrute=0.000] MatchResets[AnomBlobSize=0.000, SharedMatch=0.000, DenseReacq=0.000] | Fusion:[FusionError=0.000, ImuFromCamMs=(16.791, 1.082), RematchF=0.000] FusionUpdates:[Successful=0.000, Reliable=0.000, TightFusion=0.000, FullPose=0.000, StaticPrior=1.000, StaticForHandTrans=1.000, PoseUpdateMD=(0.0000, 0.0000)] FusionResets[6DoFReset=0.000, ResetSuccess=0.000] FusionStatus[HasPosition=1.000, HasVelocity=1.000] 
05-23 23:13:37.055   828  4997 I [CT]    : VIPER: Mode=Viper,Status=6DoF,TRACKING,KF=165,Inl=183,Pts=417,Mem=65.1,Jit=1.0mm,Issues(Cam/min=0.0,IMU/min=0.0),Exp=(7.1ms,g=7.0,I=77,Ir=1571.6)(6.2ms,g=6.0,I=80,Ir=2157.7)(6.2ms,g=6.0,I=60,Ir=1619.2)(14.0ms,g=15.0,I=64,Ir=308.6)
05-23 23:13:37.107   828  4343 I [CT]    : CONSTELLATION:IMU_STATUS: 7332eb40b77e183e (R): [FusionTracked=1.000, OutputTracked=1.000, OutputValid=1.000] [AccelSat=0.000, GyroSat=0.000] 
05-23 23:13:37.153   714  3134 D audio_hw_primary: out_standby: enter: stream (0xed9cd000) usecase(1: low-latency-playback)
05-23 23:13:37.175   714  3134 D audio_hw_primary: disable_audio_route: reset and update mixer path: low-latency-playback
05-23 23:13:37.176   714  3134 D msm8974_platform: platform_split_snd_device: snd_device(2) num devices(0) new_snd_devices(0)
05-23 23:13:37.176   714  3134 I msm8974_platform: platform_get_custom_mtmx_params: no matching param with id 0 ip_ch 2 op_ch 2 uc_id 1 snd_dev 2
05-23 23:13:37.176   714  3134 D hardware_info: hw_info_append_hw_type : device_name = speaker
05-23 23:13:37.176   714  3134 D msm8974_platform: platform_split_snd_device: snd_device(2) num devices(0) new_snd_devices(0)
05-23 23:13:37.176   714  3134 D audio_hw_primary: out_standby: exit
05-23 23:13:37.280   823  3135 I [CT]    : MIXEDREALITY: PassthroughTelemetry: Passthrough compute telemetry over 30.0 seconds:
05-23 23:13:37.280   823  3135 I [CT]    : MIXEDREALITY: PassthroughTelemetry: - using online cal: yes, calibration age: 1392.3 minutes
05-23 23:13:37.280   823  3135 I [CT]    : MIXEDREALITY: PassthroughTelemetry: - frames processed: 751.0, dequeued: 0.0, dropped 0.0
05-23 23:13:37.280   823  3135 I [CT]    : MIXEDREALITY: PassthroughTelemetry: - cvp: count: 1853940.0, extracted: 7627355.0, sparsified: 1853940.0
05-23 23:13:37.280   823  3135 I [CT]    : MIXEDREALITY: PassthroughTelemetry: - refinement: refine: 399352.0, temporal hist: 881131.0
05-23 23:13:37.280   823  3135 I [CT]    : MIXEDREALITY: PassthroughTelemetry: - points: new: 1694739.0, prior: 862741.0, primary: 511739.0, secondary: 356141.0
05-23 23:13:37.280   823  3135 I [CT]    : MIXEDREALITY: PassthroughTelemetry: - per frame: primary: 108.0,681.4,2123.0, secondary: 308.0,474.2,1340.0, solver iterations 29.7
05-23 23:13:37.280   823  3135 I [CT]    : MIXEDREALITY: MrRuntimeCompute: sendPassthroughComputeTelemetry: Logging telemetry.
05-23 23:13:37.404   823  3135 I [CT]    : Bolt:CVPUtilization: CVP DFS utilization: 3
05-23 23:13:37.404   823  3135 I [CT]    : Bolt:CVPUtilization: CVP runtime 1670us, frametime 6002704us
05-23 23:13:37.600  1060  1765 E TaskPersister: File error accessing recents directory (directory doesn't exist?).
05-23 23:13:37.727   828  4305 I [CT]    : boltlib: DSP utilization: 6.16 % (308 / 5006 ms)
05-23 23:13:37.909   726  1008 I SyncBossHAL: [info   ] syncboss_hal_prox.c(42): Reporting prox event: prox_on
05-23 23:13:37.909  1060  1060 I chatty  : uid=1000 system_server expire 2 lines
05-23 23:13:37.910  1542  4000 D VrPowerManagerClient: Headset state: 1
05-23 23:13:37.910   828  3064 D TrackingService: Received transition request to RUNNING current is STANDBY
05-23 23:13:37.910   828  3064 D TrackingService: Executing transition from STANDBY to RUNNING
05-23 23:13:37.910  1542  4000 V ControllerNotifications: Headset was mounted, requesting that notifications are enabled
05-23 23:13:37.910  1542  4000 V ControllerNotifications: Queueing enable of notifications in 5000ms
05-23 23:13:37.912  1953  1953 D VrRuntimeService: Received broadcast: com.oculus.intent.action.MOUNT_STATE_CHANGED
05-23 23:13:37.912  1953  1953 D VrRuntimeService: mounted state: true
05-23 23:13:37.912  1953  1953 I VrRuntimeService: nativeScreenStateChanged to on
05-23 23:13:37.912  1953  1953 I VrRuntimeService: Previous running state: RUNNING
05-23 23:13:37.912   714  3134 W DeviceHAL: Error from HAL Device in function get_mic_mute: Function not implemented
05-23 23:13:37.912  2467  2467 D [OAO] BaseOverlayService: screenStateReceiver Received broadcast: com.oculus.intent.action.MOUNT_STATE_CHANGED
05-23 23:13:37.912  2467  2467 D [OAO] ShellOverlayService: onMountStateChanged: true
05-23 23:13:37.912  2441  2441 D [SEO] BaseOverlayService: screenStateReceiver Received broadcast: com.oculus.intent.action.MOUNT_STATE_CHANGED
05-23 23:13:37.912  2467  2467 I [OAO] ShellOverlayServiceJNI: NativeSendOverlayCommand
05-23 23:13:37.912  2467  2467 I [OAO] ShellOverlayServiceJNI: NativeWake
05-23 23:13:37.912  2467  2467 I [OAO] ShellOverlayMain: WakeVrThread
05-23 23:13:37.912  2467  2467 I [OAO] ShellOverlayMain: WakeVrThread - notifying vr thread
05-23 23:13:37.912  2467  3045 I [OAO] ShellOverlayApp: VrThread woke up
05-23 23:13:37.912  2467  3045 I [OAO] ShellOverlayApp: 0xc2d7bc20 msg: overlayCommand:
05-23 23:13:37.912  2467  3045 I [OAO] ShellOverlayApp: command = mountStateChanged
05-23 23:13:37.912  2467  3045 I [OAO] ShellOverlayApp: state = 1
05-23 23:13:37.912  2467  3045 I [OAO] ShellOverlayApp: Process_OverlayCommand command : mountStateChanged
05-23 23:13:37.912  2467  3045 I [OAO] ShellOverlayApp: mountStateChanged message received
05-23 23:13:37.913  2467  3045 I [OAO] ShellOverlayApp: ResolveDeviceState: change from WaitingForSleep to Awake
05-23 23:13:37.913  2467  3045 I [OAO] ShellOverlayApp: ResolveDeviceState: isWakingOrUnlockingIntoWake : 0
05-23 23:13:37.913  2467  3045 I [OAO] ShellOverlayApp: ResolveDeviceState: interactionState : None
05-23 23:13:37.913  2467  3045 I [OAO] SystemTabletController: Processing pending None tablet.
05-23 23:13:37.913  2467  3045 I [OAO] SystemTabletController: Processing AUI deep link uri /tablet_none.
05-23 23:13:37.913  1576  1576 I [CT]    : MIXEDREALITY: MrService: MountStateChanged: true
05-23 23:13:37.913   714   939 W DeviceHAL: Error from HAL Device in function get_mic_mute: Function not implemented
05-23 23:13:37.914  2467  3045 I [OAO] PanelRenderLayer: ResetSurface 0 x 0 - shape:1 stereo:0
05-23 23:13:37.914  2467  3045 I [OAO] PanelAppHost: Resize layer #main to size 800 x 110 shape:1 stereo:0
05-23 23:13:37.914  2467  3045 I [OAO] PanelRenderLayer: ResetSurface 800 x 110 - shape:1 stereo:0
05-23 23:13:37.915  2467  3045 I [OAO] PanelAppHost: Resize layer tablet to size 960 x 425 shape:1 stereo:0
05-23 23:13:37.915  2467  3045 I [OAO] PanelRenderLayer: ResetSurface 960 x 425 - shape:1 stereo:0
05-23 23:13:37.915   714   939 D audio_hw_primary: adev_set_mic_mute state 0
05-23 23:13:37.915  1879  1879 W VRLifecycleManager: onHeadsetMounted
05-23 23:13:37.915  1953  2979 I VrRuntimeService: UpdateAndroidSurfaceSwapChainDimensions: 164: 960x425
05-23 23:13:37.916   714   939 W DeviceHAL: Error from HAL Device in function set_mic_mute: Function not implemented
05-23 23:13:37.916   714   939 W DeviceHAL: Error from HAL Device in function set_mic_mute: Function not implemented
05-23 23:13:37.917  1060  3123 I chatty  : uid=1000(system) Binder:1060_15 expire 1 line
05-23 23:13:37.917  1953  2979 I VrRuntimeService: UpdateSwapChainSamplerState: 164
05-23 23:13:37.917  1953  2979 I VrRuntimeService: UpdateSwapChainSamplerState: minFilter=1 magFilter=1 wrapModeS=3 warpModeT=3 maxAniso=1.000000 border={0.000000,0.000000,0.000000,0.000000} swizzle={1903,1904,1905,1906}
05-23 23:13:37.917  1953  2269 I UnifiedTelemetryWrapper: Started UT session don
05-23 23:13:37.917  2467  3045 I [OAO] PanelAppHost: Resize layer tabletNav to size 270 x 425 shape:1 stereo:0
05-23 23:13:37.917  2467  3045 I [OAO] PanelRenderLayer: ResetSurface 270 x 425 - shape:1 stereo:0
05-23 23:13:37.918  1953  2979 I VrRuntimeService: UpdateAndroidSurfaceSwapChainDimensions: 165: 270x425
05-23 23:13:37.919  1953  2979 I VrRuntimeService: UpdateSwapChainSamplerState: 165
05-23 23:13:37.919  1953  2979 I VrRuntimeService: UpdateSwapChainSamplerState: minFilter=1 magFilter=1 wrapModeS=3 warpModeT=3 maxAniso=1.000000 border={0.000000,0.000000,0.000000,0.000000} swizzle={1903,1904,1905,1906}
05-23 23:13:37.919  1879  1879 I OVRPlatform: [AudioManager] SetHeadsetMounted: true
05-23 23:13:37.919  1879  1879 I OVRPlatform: [AudioManager] Current headsetMounted_ true
05-23 23:13:37.919  1879  1879 I OVRPlatform: [AudioManager] Current headphoneStatus_: DISCONNECTED
05-23 23:13:37.920  2467  3045 I [OAO] PanelRenderLayer: Using layerTransform 2. layerWidth:270 , layerHeight:425
05-23 23:13:37.920  2467  3045 I [OAO] PanelAppHost: Resize layer tabletContent to size 690 x 425 shape:1 stereo:0
05-23 23:13:37.920  2467  3045 I [OAO] PanelRenderLayer: ResetSurface 690 x 425 - shape:1 stereo:0
05-23 23:13:37.920  1953  2979 I VrRuntimeService: UpdateAndroidSurfaceSwapChainDimensions: 166: 690x425
05-23 23:13:37.923  1953  2979 I VrRuntimeService: UpdateSwapChainSamplerState: 166
05-23 23:13:37.923  1953  2979 I VrRuntimeService: UpdateSwapChainSamplerState: minFilter=1 magFilter=1 wrapModeS=3 warpModeT=3 maxAniso=1.000000 border={0.000000,0.000000,0.000000,0.000000} swizzle={1903,1904,1905,1906}
05-23 23:13:37.925  2467  3045 I [OAO] PanelRenderLayer: Using layerTransform 2. layerWidth:690 , layerHeight:425
05-23 23:13:37.926  3373  3373 I AndroidPanelApp: Processing next frame action "layerShow" for layer "#main"
05-23 23:13:37.926  3373  3373 I AndroidPanelApp: nextFrameAction(layerShow, #main)
05-23 23:13:37.926  3373  3373 I AndroidPanelApp: layerShow acknowledged for #main
05-23 23:13:37.926  3373  3373 I AndroidPanelApp: tryShowLayer(#main)
05-23 23:13:37.926  3373  3373 I AndroidPanelLayer: Showing layer #main
05-23 23:13:37.928  3373  3373 I AndroidPanelLayer: Unhiding layer #main
05-23 23:13:37.929  1060  1081 I DisplayManagerService: Display device changed state: "com.oculus.android_panel_app.AndroidPanelLayer-#main", ON
05-23 23:13:37.934  1060  3122 E WindowManager: App trying to use insecure INPUT_FEATURE_NO_INPUT_CHANNEL flag. Ignoring
05-23 23:13:37.936  3373  3373 I AndroidPanelApp: Processing next frame action "layerShow" for layer "tablet"
05-23 23:13:37.936  3373  3373 I AndroidPanelApp: nextFrameAction(layerShow, tablet)
05-23 23:13:37.936  3373  3373 I AndroidPanelApp: layerShow acknowledged for tablet
05-23 23:13:37.936  3373  3373 I AndroidPanelApp: tryShowLayer(tablet)
05-23 23:13:37.936  3373  3373 I AndroidPanelLayer: Showing layer tablet
05-23 23:13:37.937  3373  3373 I AndroidPanelLayer: Unhiding layer tablet
05-23 23:13:37.939  1060  1081 I DisplayManagerService: Display device changed state: "com.oculus.android_panel_app.AndroidPanelLayer-tablet", ON
05-23 23:13:37.942  1060  3122 E WindowManager: App trying to use insecure INPUT_FEATURE_NO_INPUT_CHANNEL flag. Ignoring
05-23 23:13:37.943  3373  3373 I AndroidPanelApp: Processing next frame action "layerShow" for layer "tabletNav"
05-23 23:13:37.943  3373  3373 I AndroidPanelApp: nextFrameAction(layerShow, tabletNav)
05-23 23:13:37.943  3373  3373 I AndroidPanelApp: layerShow acknowledged for tabletNav
05-23 23:13:37.943  3373  3373 I AndroidPanelApp: tryShowLayer(tabletNav)
05-23 23:13:37.943  3373  3373 I AndroidPanelLayer: Showing layer tabletNav
05-23 23:13:37.944  1060  1081 I DisplayManagerService: Display device changed state: "com.oculus.android_panel_app.AndroidPanelLayer-tabletNav", ON
05-23 23:13:37.944  3373  3373 I AndroidPanelLayer: Unhiding layer tabletNav
05-23 23:13:37.947  1060  1262 E WindowManager: App trying to use insecure INPUT_FEATURE_NO_INPUT_CHANNEL flag. Ignoring
05-23 23:13:37.948  1986  5478 I OSUpdateService: Intent with action system_battery_changed
05-23 23:13:37.948  3373  3373 I AndroidPanelApp: Processing next frame action "layerShow" for layer "tabletContent"
05-23 23:13:37.948  3373  3373 I AndroidPanelApp: nextFrameAction(layerShow, tabletContent)
05-23 23:13:37.948  3373  3373 I AndroidPanelApp: layerShow acknowledged for tabletContent
05-23 23:13:37.949  3373  3373 I AndroidPanelApp: tryShowLayer(tabletContent)
05-23 23:13:37.949  3373  3373 I AndroidPanelLayer: Showing layer tabletContent
05-23 23:13:37.949  3373  3373 I AndroidPanelLayer: Unhiding layer tabletContent
05-23 23:13:37.951  1060  1081 I DisplayManagerService: Display device changed state: "com.oculus.android_panel_app.AndroidPanelLayer-tabletContent", ON
05-23 23:13:37.951  1060  3123 E WindowManager: App trying to use insecure INPUT_FEATURE_NO_INPUT_CHANNEL flag. Ignoring
05-23 23:13:37.952  3373  3373 D [SUI] AnytimeUIAndroidPanelApp: Received deeplink; uri: /tablet_none.
05-23 23:13:37.952  3373  3373 D [SUI] AnytimeUIAndroidPanelApp: Hiding tablet due to unknown reason
05-23 23:13:37.953  3373  3373 D [SUI] MemoryManager: Executing clearViewCache - maxAgeSecs: 0
05-23 23:13:37.953  3373  3373 D [SUI] AnytimeUIBroadcastReceiver: action: com.oculus.intent.action.MOUNT_STATE_CHANGED
05-23 23:13:37.975  3373  3373 I AndroidPanelApp: measureLayerView adjusting initial height from 110 to 1250 due to resize behavior.
05-23 23:13:37.975  3373  3373 I AndroidPanelApp: measureLayerView with initial width 800, initial height 1250, resize behavior WRAP_CONTENT_HEIGHT.
05-23 23:13:37.975  3373  3373 I AndroidPanelApp: Measured width 800 and height 110.
05-23 23:13:37.978  2467  3045 I [OAO] PanelAppAnalytics: First frame latency: 3.511 for id 4 com.oculus.systemux/com.oculus.panelapp.anytimeui.AnytimeUIAndroidPanelService
05-23 23:13:37.978  1953  2979 I VrRuntimeService: CreateSwapChain: 955430324
05-23 23:13:37.978  1953  2979 I VrRuntimeService: CreateSwapChain: api:gles 0 0x8c43 800 110 10 3 1 0 14
05-23 23:13:37.979  1953  2979 I VrRuntimeServer: CreateTextureSwapChain: result importswapchaingles 1
05-23 23:13:37.984   714   939 D audio_hw_primary: out_standby: enter: stream (0xed9cf800) usecase(0: deep-buffer-playback)
05-23 23:13:37.997  3373  3431 E memtrack: Couldn't load memtrack module
05-23 23:13:37.998  3373  3431 W android.os.Debug: failed to get memory consumption info: -1
05-23 23:13:38.014  3373  3373 I AndroidPanelApp: Turning on layer visibility for layer #main.
05-23 23:13:38.015  3373  3373 I AndroidPanelApp: Turning on layer visibility for layer tablet.
05-23 23:13:38.015  3373  3373 I AndroidPanelApp: Turning on layer visibility for layer tabletNav.
05-23 23:13:38.016  3373  3373 I AndroidPanelApp: Turning on layer visibility for layer tabletContent.
05-23 23:13:38.017  3373  3373 I AndroidPanelApp: measureLayerView adjusting initial height from 110 to 1250 due to resize behavior.
05-23 23:13:38.017  3373  3373 I AndroidPanelApp: measureLayerView with initial width 800, initial height 1250, resize behavior WRAP_CONTENT_HEIGHT.
05-23 23:13:38.017  3373  3373 I AndroidPanelApp: Measured width 800 and height 110.
05-23 23:13:38.093  2467  3045 I [OAO] PanelAppHost: Setting panel layer visibility of layer "#main" to visible
05-23 23:13:38.093  2467  3045 I [OAO] PanelAppHost: Setting panel layer visibility of layer "tablet" to visible
05-23 23:13:38.093  2467  3045 I [OAO] PanelAppHost: Setting panel layer visibility of layer "tabletNav" to visible
05-23 23:13:38.093  2467  3045 I [OAO] PanelAppHost: Setting panel layer visibility of layer "tabletContent" to visible
05-23 23:13:38.108  2537  2822 I GuardianSystem: Headset was mounted
05-23 23:13:38.109  2537  2822 I GuardianSystem: Start pushing black after mount.
05-23 23:13:38.109  1953  2794 I VrRuntimeService: RuntimeServiceSDKServer::SetGuardianSystemState: 3298027205
05-23 23:13:38.125   714   939 D audio_hw_primary: disable_audio_route: reset and update mixer path: deep-buffer-playback
05-23 23:13:38.126   714   939 D msm8974_platform: platform_split_snd_device: snd_device(2) num devices(0) new_snd_devices(0)
05-23 23:13:38.126   714   939 I msm8974_platform: platform_get_custom_mtmx_params: no matching param with id 0 ip_ch 2 op_ch 2 uc_id 0 snd_dev 2
05-23 23:13:38.126   714   939 D hardware_info: hw_info_append_hw_type : device_name = speaker
05-23 23:13:38.126   714   939 D audio_hw_primary: disable_snd_device: snd_device(2: speaker)
05-23 23:13:38.126   714   939 D msm8974_platform: platform_split_snd_device: snd_device(2) num devices(0) new_snd_devices(0)
05-23 23:13:38.134   714   939 D audio_hw_primary: out_standby: exit
05-23 23:13:38.223  1518  5479 W ContextImpl: Calling a method in the system process without a qualified user: android.app.ContextImpl.sendBroadcast:1057 android.content.ContextWrapper.sendBroadcast:448 X.HK.A00:155 X.HK.handleMessage:92 android.os.Handler.dispatchMessage:107 
05-23 23:13:38.503  2467  3045 I [OAO] FlowController: UpdateActiveFlow from OverlaySystemUXTransitionFlow to (none)
05-23 23:13:38.503  2467  3045 I [OAO] OverlaySystemUXTransitionFlow: Deactivated
05-23 23:13:38.553  2467  3045 I [OAO] ShellOverlayApp: Start sleep timeout. Now:1395.905413, Timeout:1397.905413
05-23 23:13:38.690   828  4997 I [CT]    : VIPER:MAP_MANAGER: State: TrackingPersistent, UUID=5a8a3299-1ab3-19e1-ecfa-6b09d514023f, Num. Persistent maps = 2,  Persistent maps:5a8a3299-1ab3-19e1-ecfa-6b09d514023f,442c7654-055e-1ccf-76da-5013650de42a,, Ser. Disabled = 00000000-0000-0000-0000-000000000000
05-23 23:13:38.931   685   685 I netd    : firewallSetUidRule(2, 10068, 2) <0.08ms>
05-23 23:13:39.274   828  4343 I [CT]    : CONSTELLATION: R: Detected IMU motion => Leaving static state.
05-23 23:13:39.299   828  4343 D TrackingService: [HANDTRACKING] Controller 7332eb40b77e183e in hand: Y, valid: Y
05-23 23:13:39.344   828  4343 I [CT]    : CONSTELLATION: L: Detected IMU motion => Leaving static state.
05-23 23:13:39.352   726  4338 W vendor.oculus.hardware.sensors@1.0-service: Unknown packet type (20) received
05-23 23:13:39.382   828  4343 D TrackingService: [HANDTRACKING] Controller c576150ea24ed021 in hand: Y, valid: Y
05-23 23:13:39.711  2537  2822 I GuardianSystem: ForceShowGuardian: false, 3.00
05-23 23:13:39.711  2537  2822 I GuardianSystem: ForceShowGuardian: Soft fade out: 1.00
05-23 23:13:39.711  2537  2822 I GuardianSystem: Stop pushing black after mount. Show Guardian.
05-23 23:13:39.711  2537  2822 I GuardianSystem: Stop showing dots after not pushing black.
05-23 23:13:39.711  1953  2794 I VrRuntimeService: RuntimeServiceSDKServer::SetGuardianSystemState: 3298027205
05-23 23:13:39.723  1953  2269 I ClientMgr: Stop loading dots from guardian
05-23 23:13:39.723  1953  2269 I VrRuntimeServer: DisableCompositorClient: 0
05-23 23:13:39.723  1953  2269 I TimeWarpClientMgr: Disable client 0
05-23 23:13:39.723  1953  2269 I TimeWarpClientMgr: DisableClient: frame flush required: 1
05-23 23:13:39.836   828  4343 I [CT]    : CONSTELLATION:IMU_STATUS: c576150ea24ed021 (L): [FusionTracked=1.000, OutputTracked=1.000, OutputValid=1.000] [AccelSat=0.000, GyroSat=0.000] 
05-23 23:13:40.553  2467  3045 I [OAO] ShellOverlayApp: Sleep timeout exceeded. Timeout:1397.905413, Now:1397.905413. Sleeping... 
05-23 23:13:40.553  2467  3045 I [OAO] ShellOverlayApp: WaitForWake: VrThread entering waiting state
05-23 23:13:40.653   828  4997 I [CT]    : VIPER: Mode=Viper,Status=6DoF,TRACKING,KF=164,Inl=293,Pts=416,Mem=65.3,Jit=0.3mm,Issues(Cam/min=0.0,IMU/min=0.0),Exp=(5.0ms,g=3.0,I=73,Ir=4897.0)(6.0ms,g=6.0,I=84,Ir=2327.9)(6.0ms,g=6.0,I=63,Ir=1764.4)(6.1ms,g=5.0,I=74,Ir=2427.7)
05-23 23:13:41.611  2537  3056 I Telemetry: App memory usage: PSS=51MB DalvikPSS=3 MB
05-23 23:13:41.744  5417  5440 I chatty  : uid=10192(com.makepad.hello_quest) Thread-2 expire 465 lines
05-23 23:13:41.773   828  4997 I [CT]    : HealthReport: Everything Passed =)
05-23 23:13:42.291   828  4997 I [CT]    : VIPER:MAP_MANAGER: State: TrackingPersistent, UUID=5a8a3299-1ab3-19e1-ecfa-6b09d514023f, Num. Persistent maps = 2,  Persistent maps:5a8a3299-1ab3-19e1-ecfa-6b09d514023f,442c7654-055e-1ccf-76da-5013650de42a,, Ser. Disabled = 00000000-0000-0000-0000-000000000000
05-23 23:13:42.444  5417  5473 I chatty  : uid=10192(com.makepad.hello_quest) OVR::Stats expire 1 line
05-23 23:13:42.722  5417  5440 I chatty  : uid=10192(com.makepad.hello_quest) Thread-2 expire 503 lines
05-23 23:13:42.759   828  4305 I [CT]    : boltlib: DSP utilization: 6.40 % (322 / 5032 ms)
05-23 23:13:42.915  1542  1542 D ControllerNotifications: Enabling notifications
05-23 23:13:42.916  1542  1542 I ControllerNotifications: Updating input notifications based on state ConnectedBatteryNormal
05-23 23:13:42.945  1576  2940 I [CT]    : MIXEDREALITY: MrServiceView: renderIteration: (every 10 seconds), screen is: ON
05-23 23:13:43.210  1789  1789 D [OAR] RssdkHelper: getCurrentPackageInfo
05-23 23:13:43.210  1789  1789 I [OAR] RssdkHelperJNI: Java_com_oculus_common_navigation_RssdkHelper_nativeGetCurrentPackageInfo
05-23 23:13:43.210  1789  1789 I [OAR] RssdkHelperJNI: NativeGetCurrentPackageInfo - str combined: 'com.makepad.hello_quest true'
05-23 23:13:43.211  1789  1789 D [OAR] ShellControlBroadcastReceiver: onReceive with MainActivity native pointer 0, action com.oculus.vrshell.intent.action.LAUNCH
05-23 23:13:43.212  1789  1789 D [OAR] ShellControlBroadcastReceiver: isGuardianInOverlayEnabled = false
05-23 23:13:43.212  1789  1789 D [OAR] ShellControlBroadcastReceiver: isLaunchAction = true
05-23 23:13:43.212  1789  1789 D [OAR] RssdkHelper: getCurrentPackageInfo
05-23 23:13:43.212  1789  1789 I [OAR] RssdkHelperJNI: Java_com_oculus_common_navigation_RssdkHelper_nativeGetCurrentPackageInfo
05-23 23:13:43.213  1789  1789 I [OAR] RssdkHelperJNI: NativeGetCurrentPackageInfo - str combined: 'com.makepad.hello_quest true'
05-23 23:13:43.213  1789  1789 D [OAR] PrimaryPackage: ShellEnv is backgrounded or not running.
05-23 23:13:43.213  1789  1789 E [OAR] ShellControlBroadcastReceiver: Submitting as launch intent
05-23 23:13:43.213  1789  1789 D [OAR] NavigationRouter: shouldLaunchAsOverlay
05-23 23:13:43.213  1789  1789 D [OAR] RssdkHelper: getCurrentPackageInfo
05-23 23:13:43.213  1789  1789 I [OAR] RssdkHelperJNI: Java_com_oculus_common_navigation_RssdkHelper_nativeGetCurrentPackageInfo
05-23 23:13:43.213  1789  1789 I [OAR] RssdkHelperJNI: NativeGetCurrentPackageInfo - str combined: 'com.makepad.hello_quest true'
05-23 23:13:43.213  1789  1789 D [OAR] PrimaryPackage: Shell backgrounded or not running.
05-23 23:13:43.213  1789  1789 D [OAR] NavigationRouter: Data URI is systemux://dialog/exit
05-23 23:13:43.213  1789  1789 D [OAR] NavigationRouter: systemUxRouteString = systemux://dialog/exit
05-23 23:13:43.213  1789  1789 D [OAR] NavigationRouter: systemUXRoute = EXIT_TO_HOME(systemux://dialog/exit)
05-23 23:13:43.213  1789  1789 D [OAR] NavigationRouter: shouldLaunchAsOverlay == true (focus aware and valid route
05-23 23:13:43.213  1789  4715 D QplServiceClient: MarkerStart success!
05-23 23:13:43.215  2467  2467 I [OAO] ShellOverlayService: onStartCommand(): Intent { act=com.oculus.vrshell.intent.action.LAUNCH flg=0x10010030 pkg=com.oculus.vrshell cmp=com.oculus.vrshell/.ShellOverlayService (has extras) }
05-23 23:13:43.215  2467  2467 I [OAO] ShellOverlayServiceJNI: NativeWake
05-23 23:13:43.215  2467  2467 I [OAO] ShellOverlayMain: WakeVrThread
05-23 23:13:43.215  2467  2467 I [OAO] ShellOverlayMain: WakeVrThread - notifying vr thread
05-23 23:13:43.215  2467  3045 I [OAO] ShellOverlayApp: VrThread woke up
05-23 23:13:43.215  2467  3045 I [OAO] ShellOverlayApp: 0xc2d7bc20 msg: broadcastIntent:
05-23 23:13:43.215  2467  3045 I [OAO] ShellOverlayApp: intent_pkg = com.makepad.hello_quest
05-23 23:13:43.215  2467  3045 I [OAO] ShellOverlayApp: intent_data = systemux://dialog/exit
05-23 23:13:43.215  2467  3045 I [OAO] ShellOverlayApp: intent_action = com.oculus.vrshell.intent.action.LAUNCH
05-23 23:13:43.215  2467  3045 I [OAO] ShellOverlayApp: intent_component_name = com.makepad.hello_quest/com.makepad.hello_quest.MainActivity
05-23 23:13:43.215  2467  3045 I [OAO] ShellOverlayApp: ProcessMessage_Broadcast: com.oculus.vrshell.intent.action.LAUNCH
05-23 23:13:43.215  2467  3045 I [OAO] OverlayFlowController: ShellControl::BroadcastIntent::Launch
05-23 23:13:43.215  2467  3045 I [OAO] OverlayFlowController: SetPendingLaunchFromIntent - target=systemux://dialog/exit, return=com.makepad.hello_quest, uri=, launchingComponent=com.oculus.vrshell.intent.action.LAUNCH
05-23 23:13:43.215  2467  3045 I [OAO] OverlayFlowController: exclusiveDialogFlow Parse result:  0
05-23 23:13:43.215  2467  3045 I [OAO] OverlayGuardianFlow: OverlayGuardianFlow::ParseShellUri
05-23 23:13:43.215  2467  3045 I [OAO] OverlayFlowController: Guardian Parse result:  0
05-23 23:13:43.215  2467  3045 I [OAO] OverlayPrimaryPanelFlow: OverlayPrimaryPanelFlow::ShouldHandle targetComponent = systemux://dialog/exit
05-23 23:13:43.215  2467  3045 I [OAO] OverlayFlowController: PrimaryPanelFlow Parse result:  0
05-23 23:13:43.215  2467  3045 I [OAO] OverlayFlowController: KeyboardFlow Parse result:  0
05-23 23:13:43.215  2467  3045 I [OAO] OverlayPauseFlow: OverlayPauseFlow::ParseShellUri requesting activation
05-23 23:13:43.215  2467  3045 I [OAO] OverlayFlowController: PauseFlow Parse result:  1
05-23 23:13:43.215  2467  3045 I [OAO] OverlayFlowController: Setting lastNonSystemPackageName to com.makepad.hello_quest
05-23 23:13:43.215  2467  3045 I [OAO] OverlayFlowController: Setting primaryAppComponent = com.makepad.hello_quest
05-23 23:13:43.215  2467  3045 I [OAO] FlowController: UpdateActiveFlow from (none) to OverlayPauseFlow
05-23 23:13:43.215  2467  3045 I [OAO] OverlayPauseFlow: Activated
05-23 23:13:43.216  2467  3045 I [OAO] ShellOverlayApp: ResolveInteractionState: change from None to InputFocus
05-23 23:13:43.216  2467  3045 D [OAO] ShellApplication: setOverlayInputFocus: inputFocus=true shouldSupportIME=false
05-23 23:13:43.216  2467  3045 D [OAO] BaseOverlayService: setOverlayInputFocus : entrypoint - inputFocus=true shouldSupportIME=false
05-23 23:13:43.216  2467  3045 I [OAO] SystemAssistant: OnModeChanged from FullShell to Paused
05-23 23:13:43.216  2467  2467 D [OAO] BaseOverlayService: attachServiceWindowView shouldSupportIME:false
05-23 23:13:43.216  2467  3045 I [OAO] ShellOverlayApp: EnterVrMode
05-23 23:13:43.216  2467  3045 I [OAO] VrPlatformVrApi: VrPlatformVrApi::SessionBegin
05-23 23:13:43.216  2467  3045 I [OAO] VrPlatformVrApi: vrapi_EnterVrMode()
05-23 23:13:43.216  2467  3045 I VrApi   : ---------- vrapi_EnterVrMode [start] ----------
05-23 23:13:43.216  2467  3045 I VrRuntimeClient: Tracing is disabled
05-23 23:13:43.216  2467  3045 I VrRuntimeClient: SysProp debug mode is disabled on Client side
05-23 23:13:43.217  2467  3045 D VrApi   : targetSDKVersion 29
05-23 23:13:43.220  2467  3045 I VrRuntimeClient: DEVICE MODEL NUMBER = Quest 2
05-23 23:13:43.220  2467  3045 I VrRuntimeClient: DEVICE HARDWARE = hollywood
05-23 23:13:43.220  2467  3045 I VrRuntimeClient: DEVICE BUILD NAME = user-16476800118700000
05-23 23:13:43.220  2467  3045 I VrRuntimeClient: DEVICE BUILD TYPE = user
05-23 23:13:43.220  2467  3045 I VrRuntimeClient: DEVICE OS VERSION = 10
05-23 23:13:43.220  2467  3045 I VrRuntimeClient: API LOADER VERSION = 1.41.0
05-23 23:13:43.220  2467  3045 I VrRuntimeClient: RUNTIME API VERSION = 1.46.0
05-23 23:13:43.220  2467  3045 I VrRuntimeClient: RUNTIME VERSION = 29.0.0.65.370 May  8 2021 20:13:10 RELEASE
05-23 23:13:43.220  2467  3045 I VrRuntimeClient: APP NAME = Oculus App Runtime
05-23 23:13:43.220  2467  3045 I VrRuntimeClient: APP VERSION = 29.0.0.65.370 versionCode 289987433 internalVersionName 29.0.0.65.370.384025c4a70b 2021_05_08_20_13
05-23 23:13:43.220  2467  3045 I VrRuntimeClient: APP VR TYPE = vr_only
05-23 23:13:43.220  2467  3045 I VrRuntimeClient: APP MODE TYPE = VR
05-23 23:13:43.220  2467  3045 I VrRuntimeClient: APP PACKAGE NAME = com.oculus.vrshell
05-23 23:13:43.220  2467  3045 I VrRuntimeClient: APP ACTIVITY CLASS = com.oculus.os.WindowTokenContext
05-23 23:13:43.220  2467  3045 I Sensor  : OSSDKTRACKING Initializing head tracking
05-23 23:13:43.220  2467  3045 D OsSdk   : TrackingServiceConnection ctor
05-23 23:13:43.220  2467  3045 I Sensor  : OSSDKTRACKING Head tracker != nullpointer 0xbcfe7fdc, 1
05-23 23:13:43.220  2467  3045 I Sensor  : OSSDKTRACKING Initializing controller tracking
05-23 23:13:43.220  2467  3045 I Sensor  : OSSDKTRACKING Controller tracker != nullpointer 0xbd16b2a0, 1
05-23 23:13:43.220  2467  3045 D BatteryReceiver: Registering battery receiver
05-23 23:13:43.221  1060  3122 E WindowManager: App trying to use insecure INPUT_FEATURE_NO_INPUT_CHANNEL flag. Ignoring
05-23 23:13:43.223  1953  1953 I ClientMgr: FocusedWindowChanged: found matching overlay client: 955430324
05-23 23:13:43.223  1953  1953 I ClientMgr: FocusedClient ID changed: com.oculus.vrshell:Overlay:2467
05-23 23:13:43.223  1953  1953 I ClientMgr: ClientMgr::SetFocusedClient: 2467:com.oculus.vrshell type 1
05-23 23:13:43.224  1953  1953 I VrRuntimeService: RuntimeIPC: SendFocusChangeEventToAllClients: PostClientEvent SUCCESS: com.makepad.hello_quest:com.makepad.hello_quest:5417, com.oculus.vrshell, com.oculus.vrshell:Overlay
05-23 23:13:43.224  1953  1953 I VrRuntimeService: RuntimeIPC: SendFocusChangeEventToAllClients: PostClientEvent SUCCESS: com.oculus.mrservice:com.oculus.mrservice:1576, com.oculus.vrshell, com.oculus.vrshell:Overlay
05-23 23:13:43.224  1953  1953 I VrRuntimeService: RuntimeIPC: SendFocusChangeEventToAllClients: PostClientEvent SUCCESS: com.oculus.vrshell:com.oculus.vrshell:Overlay:2467, com.oculus.vrshell, com.oculus.vrshell:Overlay
05-23 23:13:43.224  1953  1953 I VrRuntimeService: RuntimeIPC: SendFocusChangeEventToAllClients: PostClientEvent SUCCESS: com.oculus.guardian:com.oculus.vrguardianservice:2537, com.oculus.vrshell, com.oculus.vrshell:Overlay
05-23 23:13:43.224  1953  1953 I VrRuntimeService: RuntimeIPC: SendFocusChangeEventToAllClients: PostClientEvent SUCCESS: com.oculus.vrshell:com.oculus.vrshell:EnvOverlay:2441, com.oculus.vrshell, com.oculus.vrshell:Overlay
05-23 23:13:43.224  1953  1953 I VrRuntimeService: RuntimeIPC: SendFocusChangeEventToAllClients: PostClientEvent SUCCESS: com.oculus.shellenv:com.oculus.shellenv:2381, com.oculus.vrshell, com.oculus.vrshell:Overlay
05-23 23:13:43.224  1953  1953 I VrRuntimeService: RuntimeIPC: SendFocusChangeEventToAllClients: PostClientEvent SUCCESS: com.oculus.vrshell:com.oculus.vrshell:1789, com.oculus.vrshell, com.oculus.vrshell:Overlay
05-23 23:13:43.229  2467  2467 D [OAO] BaseOverlayService: setOverlayInputFocus : completed - inputFocus=true shouldSupportIME=false actionTaken:true
05-23 23:13:43.231  2467  3045 D HeadsetReceiver: getCurrentHeadsetState: false
05-23 23:13:43.231  2467  3045 I DeviceStatus: nativeHeadsetEvent(0)
05-23 23:13:43.234  2467  3045 I ClientInputInterface: DEADRECKONING SetControllerTrackingExtendedDeadreckoning 0
05-23 23:13:43.234  2467  3045 D InputHooksJava: Enabling Java Input Hooks
05-23 23:13:43.234  2467  3045 W InputHooksJava: Unable to enable input hooks on a non-Activity Context
05-23 23:13:43.235  2467  3045 I InputDevice_TrackedRemote: OSSDKTRACKING Initializing Haptics
05-23 23:13:43.235  2467  3045 I InputDevice_TrackedRemote: OSSDKTRACKING Haptics != nullpointer 0xbd16bae0, 1
05-23 23:13:43.235  2467  3045 I InputDevice_TrackedRemote: OSSDKTRACKING Initializing Haptics
05-23 23:13:43.235  2467  3045 I InputDevice_TrackedRemote: OSSDKTRACKING Haptics != nullpointer 0xbd16bb00, 1
05-23 23:13:43.235  2467  3045 I InputDeviceManager: ovrInputDeviceManager::Initialize
05-23 23:13:43.235  2467  3045 I HandDataQuerier: OSSDKTRACKING Initializing HandsTracker
05-23 23:13:43.235  2467  3045 I HandDataQuerier: OSSDKTRACKING HandsTracker != nullpointer 0xbd2c7940, 1
05-23 23:13:43.235  2467  3045 I HandDataQuerier: OSSDKTRACKING Initializing HandsTracker
05-23 23:13:43.235  2467  3045 I HandDataQuerier: OSSDKTRACKING HandsTracker != nullpointer 0xbd2c7990, 1
05-23 23:13:43.235  2467  3045 I InputDeviceManager: HANDTRACKING packagename is com.oculus.vrshell
05-23 23:13:43.238  2467  3045 I InputDeviceManager: HANDTRACKING: Manifest Permission request for com.oculus.vrshell
05-23 23:13:43.239  2467  3045 I InputDeviceManager: HANDTRACKING:  'com.oculus.vrshell' Is hands or controller.
05-23 23:13:43.239  2467  3045 I InputDeviceManager: HANDTRACKING: feature flag set to 2
05-23 23:13:43.239  2467  3045 I ClientInputInterface: HANDTRACKING sethandmanifest 2
05-23 23:13:43.240   828  3064 I TrackingService: TrackingService::getSharedMemoryFileDescriptor
05-23 23:13:43.242  5417  5417 I chatty  : uid=10192(com.makepad.hello_quest) expire 1 line
05-23 23:13:43.242  2206  2330 I LibraryProvider: running queryApp(com.makepad.hello_quest) for com.oculus.uid:10031
05-23 23:13:43.242  2206  2330 W LibraryProvider: Cannot find entitlement for com.makepad.hello_quest
05-23 23:13:43.243  1879  1879 W OVRLibrary: null cursor received for query content://com.oculus.ocms.library/apps/com.makepad.hello_quest
05-23 23:13:43.244   828  3064 I chatty  : uid=1000(system) Binder:828_4 identical 3 lines
05-23 23:13:43.244   828  3064 I TrackingService: TrackingService::getSharedMemoryFileDescriptor
05-23 23:13:43.245  2467  5480 I InputDevice_TrackedRemote: REMOTE: Hand=2 IndexAnalog=0.00 GripAnalog=0.00 Buttons=0x00000000
05-23 23:13:43.245  2467  5480 I InputDevice_TrackedRemote: REMOTE: Hand=1 IndexAnalog=0.00 GripAnalog=0.00 Buttons=0x00000000
05-23 23:13:43.245  2467  5480 I InputDeviceManager: HANDTRACKING Pose filter profile changed to: 0
05-23 23:13:43.245  2467  5480 I InputDeviceManager: HANDTRACKING Pose filter profile changed to: 0
05-23 23:13:43.245   828  3064 I TrackingService: TrackingService::registerClient
05-23 23:13:43.246   828  3064 I TrackingService: Registering client with TrackingServiceHost (com.oculus.vrshell#2467)
05-23 23:13:43.246   828  3064 I TrackingService: TrackingServiceHost GetSharedMemoryFileDescriptor for client com.oculus.vrshell#2467
05-23 23:13:43.246   828  3064 I TrackingService: TrackingServiceHost registered common client; there are 0 secure clients
05-23 23:13:43.246   828  3064 I chatty  : uid=1000(system) Binder:828_4 identical 4 lines
05-23 23:13:43.246   828  3064 I TrackingService: TrackingServiceHost registered common client; there are 0 secure clients
05-23 23:13:43.246  2467  3045 D OsSdk   : TrackingServiceConnection registered
05-23 23:13:43.246  2467  3045 I Distortion: Initializing Mesh Decenter Correction
05-23 23:13:43.249  2206  2330 I LibraryProvider: running queryApp(com.makepad.hello_quest) for com.oculus.uid:10031
05-23 23:13:43.249  2206  2330 W LibraryProvider: Cannot find entitlement for com.makepad.hello_quest
05-23 23:13:43.249  1879  1879 W OVRLibrary: null cursor received for query content://com.oculus.ocms.library/apps/com.makepad.hello_quest
05-23 23:13:43.249  2467  2467 D KeyboardInputMethodService: onFinishInput
05-23 23:13:43.251  2467  3045 I Distortion: EYE_DECENTER ipdMin 58.1563 left H: -8.7872 v: 3.349  right  H: -10.2831 v: 3.1967
05-23 23:13:43.251  2467  3045 I Distortion: EYE_DECENTER ipdMid 63.1032 left H: -2.8447 v: 0.1006  right  H: -5.5135 v: 4.3348
05-23 23:13:43.251  2467  3045 I Distortion: EYE_DECENTER ipdMax 67.9762 left H: -0.4677 v: 0.1006  right  H: -6.7059 v: 4.3348
05-23 23:13:43.251  2467  3045 I Distortion: EYE_DECENTER PIXELS(4) left H: 2.8447 V: -0.1006  right H: 5.5135 V: -4.3348
05-23 23:13:43.251  2467  3045 I Distortion: EYE_DECENTER iad: 0.0631828, left H: 0.000137283 V: -3.30471e-06  right H: 0.000137283 V: -0.000142398
05-23 23:13:43.251  2467  3045 I Distortion: SetLensPositions - iad=0.0631828, left offset=2.82601e-05,-0.0012516, right offset=0.000246309,-0.0013907
05-23 23:13:43.251  2467  3045 I Distortion: Initializing Mesh Decenter Correction
05-23 23:13:43.258  2467  3045 I Distortion: EYE_DECENTER ipdMin 58.1563 left H: -8.7872 v: 3.349  right  H: -10.2831 v: 3.1967
05-23 23:13:43.258  2467  3045 I Distortion: EYE_DECENTER ipdMid 63.1032 left H: -2.8447 v: 0.1006  right  H: -5.5135 v: 4.3348
05-23 23:13:43.259  2467  3045 I Distortion: EYE_DECENTER ipdMax 67.9762 left H: -0.4677 v: 0.1006  right  H: -6.7059 v: 4.3348
05-23 23:13:43.259  2467  3045 I Distortion: EYE_DECENTER PIXELS(4) left H: 2.8447 V: -0.1006  right H: 5.5135 V: -4.3348
05-23 23:13:43.259  2467  3045 I Distortion: EYE_DECENTER iad: 0.0631828, left H: 0.000137283 V: -3.30471e-06  right H: 0.000137283 V: -0.000142398
05-23 23:13:43.259  2467  3045 I Distortion: SetLensPositions - iad=0.0631828, left offset=2.82601e-05,-0.0012516, right offset=0.000246309,-0.0013907
05-23 23:13:43.259  2467  3045 I Distortion: Created custom distortion mesh.
05-23 23:13:43.259  2467  3045 I Distortion: ovrDistortionMeshHeader::magic = 0x56347807
05-23 23:13:43.259  2467  3045 I Distortion: ovrDistortionMeshHeader::deviceModel = 0x200
05-23 23:13:43.259  2467  3045 I Distortion: ovrDistortionMeshHeader::headsetModel = 0x104
05-23 23:13:43.260  2467  3045 I Distortion: ovrDistortionMeshHeader::eyeBlocksWide = 32
05-23 23:13:43.260  2467  3045 I Distortion: ovrDistortionMeshHeader::eyeBlocksHigh = 32
05-23 23:13:43.260  2467  3045 I Distortion: ovrDistortionMeshHeader::lensSeparationMeters = 0.063183
05-23 23:13:43.260  2467  3045 I Distortion: ovrDistortionMeshHeader::horizontalOffsetMeters = 0.000137
05-23 23:13:43.260  2467  3045 I Distortion: ovrDistortionMeshHeader::displayWidthMeters = 0.120362
05-23 23:13:43.260  2467  3045 I Distortion: ovrDistortionMeshHeader::displayHeightMeters = 0.063072
05-23 23:13:43.260  2467  3045 I Distortion: ovrDistortionMeshHeader::displayWidthPixels = 3664
05-23 23:13:43.260  2467  3045 I Distortion: ovrDistortionMeshHeader::displayHeightPixels = 1920
05-23 23:13:43.260  2467  3045 I Distortion: ovrDistortionMeshHeader::eyeTextureWidthPixels = 1440
05-23 23:13:43.260  2467  3045 I Distortion: ovrDistortionMeshHeader::eyeTextureHeightPixels = 1584
05-23 23:13:43.260  2467  3045 I Distortion: ovrDistortionMeshHeader::leftEye = up 48.000000 / down 50.000000 / left 49.000000 / right 45.000000
05-23 23:13:43.260  2467  3045 I Distortion: ovrDistortionMeshHeader::rightEye = up 48.000000 / down 50.000000 / left 45.000000 / right 49.000000
05-23 23:13:43.260  2467  3045 I VrApi   : ovrModeParms::VRAPI_MODE_FLAG_RESET_WINDOW_FULLSCREEN = 1
05-23 23:13:43.260  2467  3045 I VrApi   : ovrModeParms::VRAPI_MODE_FLAG_NATIVE_WINDOW = 1
05-23 23:13:43.260  2467  3045 I VrApi   : ovrModeParms::VRAPI_MODE_FLAG_FRONT_BUFFER_SRGB = 1
05-23 23:13:43.260  2467  3045 I VrApi   : ovrModeParms::VRAPI_MODE_FLAG_CREATE_CONTEXT_NO_ERROR = 0
05-23 23:13:43.260  2467  3045 I VrApi   : ovrModeParms::VRAPI_MODE_FLAG_PHASE_SYNC = 1
05-23 23:13:43.260  2467  3045 I VrApi   : ovrModeParms::VRAPI_MODE_FLAG_APP_SPACE_WARP = 0
05-23 23:13:43.260  2467  3045 I VrRuntimeClient: SetPhaseSyncMode 1
05-23 23:13:43.260  2467  3045 I VrApi   : PhaseSync enabled
05-23 23:13:43.260  2467  3045 I VrApi   : HMD sensor attached.
05-23 23:13:43.260  2467  3045 I PhaseSync: PhaseSync::PhaseSync PaddingLowerLimit 0.350000 StandardDeviations 2.000000 PaddingUpperLimit 0.750000 on instance 5
05-23 23:13:43.260  2467  3045 I VrRuntimeClient: PhaseSync Instance created
05-23 23:13:43.260  2467  3045 D VrRuntimeClient: VrRuntimeClient: getClientWindow: windowtoken client
05-23 23:13:43.263  1953  2979 I VrRuntimeService: RuntimeServiceSDKServer::EnableRendering: 0x783bd34740, 2, com.oculus.vrshell:Overlay
05-23 23:13:43.263  1953  2979 I ClientMgr: EnableRendering2: Calling SetFocusedClient: 955430324
05-23 23:13:43.263  1953  2979 I ClientMgr: ClientMgr::SetFocusedClient: 2467:com.oculus.vrshell type 1
05-23 23:13:43.263  1953  2979 I ClientMgr: ClientMgr::EnableRendering 2467:com.oculus.vrshell : type 1 comp-id 5: enable
05-23 23:13:43.263  1953  2979 I TimeWarpClientMgr: Enable client 5
05-23 23:13:43.263  1953  2979 I VrRuntimeServer: EnableCompositorClient client(5): layer placement(2147483647) flags(0) sm(0x78d0ed2010)
05-23 23:13:43.263  1953  2979 I TimeWarp: CheckDebuggerConnected: debugger 0
05-23 23:13:43.263  1953  2979 I VrRuntimeServer: SysProp debug mode is disabled on Server side
05-23 23:13:43.266  2467  2467 I [OAO] VrNotificationListenerService: onNotificationPosted(): key = 0|android|0|com.android.server.wm.AlertWindowNotification - com.oculus.vrshell|1000, type = third_party
05-23 23:13:43.266  2467  2467 I [OAO] VrNotificationListenerService: onNotificationPosted(): user|package|tag|id = UserHandle{0}|android|com.android.server.wm.AlertWindowNotification - com.oculus.vrshell|0
05-23 23:13:43.270  1542  1542 D OculusNotificationListenerService: Notification posted: 0|android|0|com.android.server.wm.AlertWindowNotification - com.oculus.vrshell|1000
05-23 23:13:43.270  3373  3373 D [SUI] NotificationBroadcastReceiver: action: com.oculus.intent.action.NOTIF_CHANGE
05-23 23:13:43.270  3373  3373 I NotificationManagerSourceHandler: Dataset has changed
05-23 23:13:43.273  2467  2467 D VrNotificationAnalytics: logNotificationPosted(third_party)
05-23 23:13:43.274  1953  2979 I UnifiedTelemetryWrapper: Started UT session render:com.oculus.vrshell:Overlay
05-23 23:13:43.274  1953  2979 I VrRuntimeService: GetSpecialSwapChain: 955430324
05-23 23:13:43.274  2467  3045 I VrApi   : Creating Default swapchain
05-23 23:13:43.274  1953  2979 I VrRuntimeService: GetSpecialSwapChain: 955430324
05-23 23:13:43.274  2467  2467 D [OAO] VrBroadcastReceiver: action: com.oculus.vrshell.intent.action.NOTIFICATION_WAKE
05-23 23:13:43.274  2467  3045 I VrApi   : Creating Loading Icon swapchain
05-23 23:13:43.275  2467  3045 I VrApi   : OVR::Stats thread started
05-23 23:13:43.276  2467  3045 I XrRuntimeSystem_Client: BeginSession
05-23 23:13:43.276  2467  3045 I VrApi   : ---------- vrapi_EnterVrMode [end] ----------
05-23 23:13:43.276  2467  3045 I [OAO] VrPlatformVrApi: MrService is enabled, going to init the session.
05-23 23:13:43.276  2467  3045 I ipcLoader: RuntimeIPC: Loader: IPC Service API Loader Version: 22 Mar 19 2021 15:12:11
05-23 23:13:43.276  2467  3045 I ipcLoader: RuntimeIPC: Loader: Re-using vtable
05-23 23:13:43.276  2467  3045 I RuntimeIPCApi: ipc_Initialize
05-23 23:13:43.276  2467  3045 V RuntimeIPCServiceClient: compareContext FAILED: com.oculus.vrshell.ShellApplication, com.oculus.vrshell.ShellOverlayService
05-23 23:13:43.276  2467  3045 D RuntimeIPCServiceClient: ensureServiceStarted: com.oculus.mrservice, com.oculus.mrservice.MrService
05-23 23:13:43.279  2467  5481 D VrApi   : targetSDKVersion 29
05-23 23:13:43.280  2467  5481 I JniUtils: ovr_GetCurrentPackageSignature 
05-23 23:13:43.281  2467  5481 I Metrics : device name = Oculus Quest 2
05-23 23:13:43.281  2467  3045 D RuntimeIPCServiceClient: ensureServiceStarted SUCCESS: com.oculus.mrservice, com.oculus.mrservice.MrService
05-23 23:13:43.281  1576  1576 I MrService: onStartCommand
05-23 23:13:43.281  2467  3045 D RuntimeIPCClientMgr: SyncClientWithService: Client: com.oculus.vrshell:com.oculus.vrshell:Overlay:2467, Server: com.oculus.mrservice:com.oculus.mrservice (MrServiceIPCServer)
05-23 23:13:43.282  2467  2467 D [OAO] VrNotificationService: VrNotificationService onStartCommand() Intent { cmp=com.oculus.vrshell/.VrNotificationService }
05-23 23:13:43.283  1576  4028 I SharedMemoryServer: SharedMemoryServer::MapMemory: Allocated shared memory fd 70 (rpcBuffer)
05-23 23:13:43.283  1576  4028 I SharedMemoryServer: SharedMemoryServer::MapMemory: Allocated shared memory fd 72 (ipcReadOnlyState)
05-23 23:13:43.283  1576  4028 I JniUtils: Creating temporary JNIEnv. This is a heavy operation and should be infrequent. To optimize, use JNI AttachCurrentThread on calling thread
05-23 23:13:43.284  2656  2656 W com.oculus.processhelper.ProcessHelper: Current process name is: com.oculus.socialplatform
05-23 23:13:43.285  1576  4028 I JniUtils: Creating temporary JNIEnv. This is a heavy operation and should be infrequent. To optimize, use JNI AttachCurrentThread on calling thread
05-23 23:13:43.285  1576  4028 I JniUtils: Creating temporary JNIEnv. This is a heavy operation and should be infrequent. To optimize, use JNI AttachCurrentThread on calling thread
05-23 23:13:43.285  1879  1879 E OVRMediaServiceManager: LivestreamingManager Not initialized
05-23 23:13:43.286  1576  4028 I JniUtils: Creating temporary JNIEnv. This is a heavy operation and should be infrequent. To optimize, use JNI AttachCurrentThread on calling thread
05-23 23:13:43.286  1576  4028 I ServerProcessConnector: HandleClientConnect: Client: com.oculus.vrshell:com.oculus.vrshell:Overlay:2467, Server: com.oculus.mrservice:com.oculus.mrservice:1576 (MrServiceIPCServer)
05-23 23:13:43.290  2467  3045 W RuntimeIPCClientMgr: InitRPCToServer: RPC_CONNECTOR_CONNECT_TO_SERVER SUCCESS (new path): Client: com.oculus.vrshell:com.oculus.vrshell:Overlay:2467, Server: com.oculus.mrservice:com.oculus.mrservice (MrServiceIPCServer)
05-23 23:13:43.290  2467  3045 I RuntimeIPCClientMgr: ConnectToServer: SUCCESS: Client: com.oculus.vrshell:com.oculus.vrshell:Overlay:2467, Server: com.oculus.mrservice:com.oculus.mrservice (MrServiceIPCServer)
05-23 23:13:43.290  2467  3045 I [OAO] MrServiceClientVrApi: MrSessionCreate OK
05-23 23:13:43.292  2656  2656 E PartyStateManager: onAppStart nativeGetSystemVoipData didn't contain state
05-23 23:13:43.293  2656  2656 W VRLifecycleManager: onHeadsetMounted
05-23 23:13:43.440   823  3135 I [CT]    : Bolt:CVPUtilization: CVP DFS utilization: 3
05-23 23:13:43.440   823  3135 I [CT]    : Bolt:CVPUtilization: CVP runtime 1643us, frametime 6036127us
05-23 23:13:43.444  5417  5473 I chatty  : uid=10192(com.makepad.hello_quest) OVR::Stats expire 3 lines
05-23 23:13:43.499  2656  2656 W PartyNativeModuleManager: Calling nativeTearDown but native code wasn't initialized. Noop.
05-23 23:13:43.501  2656  2656 W PartyNativeModuleManager: Calling nativeTearDown but native code wasn't initialized. Noop.
05-23 23:13:43.618  1576  2937 D RuntimeIPCServerMgr: RegisterClient: Client: com.oculus.vrshell:com.oculus.vrshell:Overlay:2467, Server: com.oculus.mrservice:com.oculus.mrservice (MrServiceIPCServer)
05-23 23:13:43.618  1576  5484 I [CT]    : MIXEDREALITY: MrServiceIPCServer: MrServiceIPCServer::onClientConnected
