05-23 23:08:59.762  1060  1079 I ActivityTaskManager: START u0 {act=android.intent.action.MAIN cmp=com.oculus.os.clearactivity/.ClearActivity (has extras)} from uid 1000
05-23 23:08:59.763  1060  1079 W ActivityTaskManager: startActivity called from non-Activity context; forcing Intent.FLAG_ACTIVITY_NEW_TASK for: Intent { act=android.intent.action.MAIN flg=0x800000 cmp=com.oculus.os.clearactivity/.ClearActivity (has extras) }
05-23 23:08:59.769  1060  1079 W Looper  : Slow dispatch took 618ms android.ui h=com.android.server.am.ActivityManagerService$UiHandler c=null m=6
05-23 23:08:59.770  1060  1081 D OculusWindowMgr: Got focus change event with null focused window?
05-23 23:08:59.770  1060  1081 D OculusWindowMgr: Got focus change event with null focused window?
05-23 23:08:59.783  1060  1079 I ActivityTaskManager: START u0 {act=com.oculus.os.clearactivity.FINISH cmp=com.oculus.os.clearactivity/.ClearActivity (has extras)} from uid 1000
05-23 23:08:59.783  1060  1079 D ActivityTaskManager: Preferred display for non-VR activity ActivityRecord{a41955d u0 com.oculus.os.clearactivity/.ClearActivity t-1}: 0
05-23 23:08:59.783  1060  1079 W ActivityTaskManager: startActivity called from non-Activity context; forcing Intent.FLAG_ACTIVITY_NEW_TASK for: Intent { act=com.oculus.os.clearactivity.FINISH flg=0x800000 cmp=com.oculus.os.clearactivity/.ClearActivity (has extras) }
05-23 23:08:59.783  1060  1079 D ActivityTaskManager: Preferred display for non-VR activity ActivityRecord{a41955d u0 com.oculus.os.clearactivity/.ClearActivity t-1}: 0
05-23 23:08:59.784  1060  1079 W Looper  : Slow delivery took 618ms android.ui h=com.android.server.am.ActivityManagerService$UiHandler c=null m=6
05-23 23:08:59.819  1060  1081 I ActivityTaskManager: Override config changes=20005df8 {0.0 ?mcc?mnc ?localeList ?layoutDir sw88dp w640dp h88dp 200dpi nrml long land ?uimode ?night -touch qwerty/v/v -nav/h winConfig={ mBounds=Rect(0, 0 - 800, 110) mAppBounds=Rect(0, 0 - 800, 110) mWindowingMode=fullscreen mDisplayWindowingMode=fullscreen mActivityType=undefined mAlwaysOnTop=undefined mRotation=ROTATION_0}} for displayId=36
05-23 23:08:59.820  1518  5180 W ContextImpl: Calling a method in the system process without a qualified user: android.app.ContextImpl.sendBroadcast:1057 android.content.ContextWrapper.sendBroadcast:448 X.HK.A00:155 X.HK.handleMessage:92 android.os.Handler.dispatchMessage:107 
05-23 23:08:59.821  1060  1081 I ActivityTaskManager: Override config changes=20005df8 {0.0 ?mcc?mnc ?localeList ?layoutDir sw340dp w768dp h340dp 200dpi nrml long land ?uimode ?night -touch qwerty/v/v -nav/h winConfig={ mBounds=Rect(0, 0 - 960, 425) mAppBounds=Rect(0, 0 - 960, 425) mWindowingMode=fullscreen mDisplayWindowingMode=fullscreen mActivityType=undefined mAlwaysOnTop=undefined mRotation=ROTATION_0}} for displayId=37
05-23 23:08:59.824  1060  1081 I ActivityTaskManager: Override config changes=20005df8 {0.0 ?mcc?mnc ?localeList ?layoutDir sw216dp w216dp h340dp 200dpi smll port ?uimode ?night -touch qwerty/v/v -nav/h winConfig={ mBounds=Rect(0, 0 - 270, 425) mAppBounds=Rect(0, 0 - 270, 425) mWindowingMode=fullscreen mDisplayWindowingMode=fullscreen mActivityType=undefined mAlwaysOnTop=undefined mRotation=ROTATION_0}} for displayId=38
05-23 23:08:59.841  1060  1079 W Looper  : Drained
05-23 23:08:59.845  1060  1081 I ActivityTaskManager: Override config changes=20005df8 {0.0 ?mcc?mnc ?localeList ?layoutDir sw340dp w552dp h340dp 200dpi nrml land ?uimode ?night -touch qwerty/v/v -nav/h winConfig={ mBounds=Rect(0, 0 - 690, 425) mAppBounds=Rect(0, 0 - 690, 425) mWindowingMode=fullscreen mDisplayWindowingMode=fullscreen mActivityType=undefined mAlwaysOnTop=undefined mRotation=ROTATION_0}} for displayId=39
05-23 23:09:00.265  1060  1081 W ActivityTaskManager: Activity top resumed state loss timeout for ActivityRecord{f5628aa u0 com.makepad.hello_quest/.MainActivity t721}
05-23 23:09:00.266  1060  1081 W ActivityTaskManager: Activity pause timeout for ActivityRecord{f5628aa u0 com.makepad.hello_quest/.MainActivity t721}
05-23 23:09:00.327  1518  5199 W ContextImpl: Calling a method in the system process without a qualified user: android.app.ContextImpl.sendBroadcast:1057 android.content.ContextWrapper.sendBroadcast:448 X.HK.A00:155 X.HK.handleMessage:92 android.os.Handler.dispatchMessage:107 
05-23 23:09:00.448  1060  3116 E WindowManager: App trying to use insecure INPUT_FEATURE_NO_INPUT_CHANNEL flag. Ignoring
05-23 23:09:00.499   828  3064 I TrackingService: TrackingService::getSharedMemoryFileDescriptor
05-23 23:09:00.502   828  3064 I chatty  : uid=1000(system) Binder:828_4 identical 2 lines
05-23 23:09:00.503   828  3064 I TrackingService: TrackingService::getSharedMemoryFileDescriptor
05-23 23:09:00.506   828   828 I TrackingService: TrackingService::getSharedMemoryFileDescriptor
05-23 23:09:00.506   828  3064 I TrackingService: TrackingService::registerClient
05-23 23:09:00.507   828  3064 I TrackingService: Registering client with TrackingServiceHost (com.makepad.hello_quest#5142)
05-23 23:09:00.508   828  3064 I TrackingService: TrackingServiceHost GetSharedMemoryFileDescriptor for client com.makepad.hello_quest#5142
05-23 23:09:00.508   828  3064 I TrackingService: TrackingServiceHost registered common client; there are 0 secure clients
05-23 23:09:01.013  1518  5203 W ContextImpl: Calling a method in the system process without a qualified user: android.app.ContextImpl.sendBroadcast:1057 android.content.ContextWrapper.sendBroadcast:448 X.HK.A00:155 X.HK.handleMessage:92 android.os.Handler.dispatchMessage:107 
05-23 23:09:02.625  1060  1765 E TaskPersister: File error accessing recents directory (directory doesn't exist?).
05-23 23:09:00.508   828  3064 I chatty  : uid=1000(system) Binder:828_4 identical 4 lines
05-23 23:09:00.508   828  3064 I TrackingService: TrackingServiceHost registered common client; there are 0 secure clients
05-23 23:09:27.548   726  1008 I SyncBossHAL: [info   ] syncboss_hal_prox.c(42): Reporting prox event: prox_on
05-23 23:09:27.550   828  3064 D TrackingService: Received transition request to RUNNING current is STANDBY
05-23 23:09:27.550   828  3064 D TrackingService: Executing transition from STANDBY to RUNNING
05-23 23:09:27.568  1060  1081 I DisplayManagerService: Display device changed state: "com.oculus.android_panel_app.AndroidPanelLayer-#main", ON
05-23 23:09:27.579  1060  3125 E WindowManager: App trying to use insecure INPUT_FEATURE_NO_INPUT_CHANNEL flag. Ignoring
05-23 23:09:27.581  1060  1081 I DisplayManagerService: Display device changed state: "com.oculus.android_panel_app.AndroidPanelLayer-tablet", ON
05-23 23:09:27.585  1060  3120 E WindowManager: App trying to use insecure INPUT_FEATURE_NO_INPUT_CHANNEL flag. Ignoring
05-23 23:09:27.587  1060  1081 I DisplayManagerService: Display device changed state: "com.oculus.android_panel_app.AndroidPanelLayer-tabletNav", ON
05-23 23:09:27.595  1060  5092 E WindowManager: App trying to use insecure INPUT_FEATURE_NO_INPUT_CHANNEL flag. Ignoring
05-23 23:09:27.598  1060  1081 I DisplayManagerService: Display device changed state: "com.oculus.android_panel_app.AndroidPanelLayer-tabletContent", ON
05-23 23:09:27.602  1060  3125 E WindowManager: App trying to use insecure INPUT_FEATURE_NO_INPUT_CHANNEL flag. Ignoring
05-23 23:09:42.988  1060  1092 D KernelCpuUidUserSysTimeReader: Removing uids 10188-10188
05-23 23:09:45.250  1518  5228 W ContextImpl: Calling a method in the system process without a qualified user: android.app.ContextImpl.sendBroadcast:1057 android.content.ContextWrapper.sendBroadcast:448 X.HK.A00:155 X.HK.handleMessage:92 android.os.Handler.dispatchMessage:107 
05-23 23:09:51.791   726  1008 I SyncBossHAL: [info   ] syncboss_hal_prox.c(42): Reporting prox event: prox_off
05-23 23:09:51.796   828  3064 D TrackingService: Received transition request to STANDBY current is RUNNING
05-23 23:09:51.796   828  3064 D TrackingService: Executing transition from RUNNING to STANDBY
05-23 23:10:02.975   828  4343 D TrackingService: [HANDTRACKING] Controller c576150ea24ed021 in hand: Y, valid: Y
05-23 23:10:05.095   828  4343 D TrackingService: [HANDTRACKING] Controller c576150ea24ed021 in hand: N, valid: Y
05-23 23:10:06.407  1060  1087 W ActivityManager: Stopping service due to app idle: u0a68 -1m10s24ms com.oculus.appsafety/.AppSafetyService
05-23 23:10:07.853   828  4343 D TrackingService: [HANDTRACKING] Controller 7332eb40b77e183e in hand: Y, valid: Y
05-23 23:10:09.895   828  4343 D TrackingService: [HANDTRACKING] Controller 7332eb40b77e183e in hand: N, valid: Y
05-23 23:10:31.746  1060  1086 I UsageStatsService: User[0] Flushing usage stats to disk
05-23 23:10:31.765  1060  1086 W AppIdleHistory: Skipping App Idle write for unexpected null package
05-23 23:11:20.295   828  4343 D TrackingService: [HANDTRACKING] Controller 7332eb40b77e183e in hand: Y, valid: Y
05-23 23:11:22.412   828  4343 D TrackingService: [HANDTRACKING] Controller 7332eb40b77e183e in hand: N, valid: Y
05-23 23:11:24.758  1060  1060 I JobServiceContext: Client timed out while executing (no jobFinished received), sending onStop: 85134b #u0a6/94 org.mozilla.vrbrowser/androidx.work.impl.background.systemjob.SystemJobService
05-23 23:11:39.741  1060  1081 I ActivityManager: Force stopping com.makepad.hello_quest appid=10191 user=-1: set debug app
05-23 23:11:39.741  1060  1081 I ActivityManager: Killing 5142:com.makepad.hello_quest/u0a191 (adj 0): stop com.makepad.hello_quest
05-23 23:11:39.742  1060  1081 W ActivityTaskManager: Force removing ActivityRecord{f5628aa u0 com.makepad.hello_quest/.MainActivity t721 f}: app died, no saved state
05-23 23:11:39.751  1060  1081 I ActivityTaskManager: START u0 {act=android.intent.action.MAIN cat=[android.intent.category.HOME] flg=0x10000100 cmp=com.oculus.vrshell/.MainActivity} from uid 0
05-23 23:11:39.751   828  3064 I TrackingService: Unregistering client 'com.makepad.hello_quest#5142' by binder death
05-23 23:11:39.751   828  3064 I TrackingService: TrackingServiceHost Unregistering client: com.makepad.hello_quest#5142
05-23 23:11:39.751  1060  1081 D ActivityTaskManager: Using main display for VR activity ActivityRecord{c1f21a2 u0 com.oculus.vrshell/.MainActivity t-1}
05-23 23:11:39.751  1060  1081 I chatty  : uid=1000(system) android.display identical 1 line
05-23 23:11:39.751  1060  1081 D ActivityTaskManager: Using main display for VR activity ActivityRecord{c1f21a2 u0 com.oculus.vrshell/.MainActivity t-1}
05-23 23:11:39.758  1060  3120 I ActivityTaskManager: START u0 {flg=0x10000000 cmp=com.makepad.hello_quest/.MainActivity} from uid 2000
05-23 23:11:39.767  1060  1081 W ActivityManager: setHasOverlayUi called on unknown pid: 5142
05-23 23:11:39.825  1060  3120 E WindowManager: App trying to use insecure INPUT_FEATURE_NO_INPUT_CHANNEL flag. Ignoring
05-23 23:11:39.828   828  3064 I TrackingService: TrackingService::getSharedMemoryFileDescriptor
05-23 23:11:39.830   828  3064 I chatty  : uid=1000(system) Binder:828_4 identical 3 lines
05-23 23:11:39.830   828  3064 I TrackingService: TrackingService::getSharedMemoryFileDescriptor
05-23 23:11:39.831   828  3064 I TrackingService: TrackingService::registerClient
05-23 23:11:39.831   828  3064 I TrackingService: Registering client with TrackingServiceHost (com.oculus.vrshell#2441)
05-23 23:11:39.831   828  3064 I TrackingService: TrackingServiceHost GetSharedMemoryFileDescriptor for client com.oculus.vrshell#2441
05-23 23:11:39.832   828  3064 I TrackingService: TrackingServiceHost registered common client; there are 0 secure clients
05-23 23:11:39.832   828  3064 I chatty  : uid=1000(system) Binder:828_4 identical 4 lines
05-23 23:11:39.832   828  3064 I TrackingService: TrackingServiceHost registered common client; there are 0 secure clients
05-23 23:11:39.875  1060  1088 I ActivityManager: Start proc 5254:com.makepad.hello_quest/u0a191 for activity {com.makepad.hello_quest/com.makepad.hello_quest.MainActivity}
05-23 23:11:39.932  5254  5254 W ActivityThread: Application com.makepad.hello_quest is waiting for the debugger on port 8100...
05-23 23:11:40.023  1060  1079 W ContextImpl: Calling a method in the system process without a qualified user: android.app.ContextImpl.startService:1582 android.content.ContextWrapper.startService:669 android.content.ContextWrapper.startService:669 com.oculus.runtimeipcserviceclient.RuntimeIPCServiceClient.initialize:152 oculus.internal.ui.VrBase.nativeOnCreate:-2 
05-23 23:11:40.024  1060  1079 W ContextImpl: Calling a method in the system process without a qualified user: android.app.ContextImpl.startService:1582 android.content.ContextWrapper.startService:669 android.content.ContextWrapper.startService:669 com.oculus.runtimeipcserviceclient.RuntimeIPCServiceClient.ensureConnection:261 com.oculus.runtimeipcserviceclient.RuntimeIPCServiceClient.connectToService:45 
05-23 23:11:40.028  1060  1079 W ContextImpl: Calling a method in the system process without a qualified user: android.app.ContextImpl.startService:1582 android.content.ContextWrapper.startService:669 android.content.ContextWrapper.startService:669 com.oculus.runtimeipcserviceclient.RuntimeIPCServiceClient.ensureServiceStarted:446 oculus.internal.ui.VrBase.nativeOnCreate:-2 
05-23 23:11:40.224  1518  5249 W ContextImpl: Calling a method in the system process without a qualified user: android.app.ContextImpl.sendBroadcast:1057 android.content.ContextWrapper.sendBroadcast:448 X.HK.A00:155 X.HK.handleMessage:92 android.os.Handler.dispatchMessage:107 
05-23 23:11:40.381   828  3064 I TrackingService: Unregistering client by ITrackingService.unregisterClient
05-23 23:11:40.381   828  3064 I TrackingService: TrackingServiceHost Unregistering client: com.oculus.vrshell#2441
05-23 23:11:40.484  1060  3110 E WindowManager: App trying to use insecure INPUT_FEATURE_NO_INPUT_CHANNEL flag. Ignoring
05-23 23:11:40.517   828  3064 I TrackingService: TrackingService::getSharedMemoryFileDescriptor
05-23 23:11:40.518   828  3064 I TrackingService: TrackingService::getSharedMemoryFileDescriptor
05-23 23:11:40.518   828   828 I TrackingService: TrackingService::getSharedMemoryFileDescriptor
05-23 23:11:40.519   828   828 I chatty  : uid=1000(system) /system/bin/trackingservice identical 1 line
05-23 23:11:40.522   828   828 I TrackingService: TrackingService::getSharedMemoryFileDescriptor
05-23 23:11:40.524   828  3064 I TrackingService: TrackingService::registerClient
05-23 23:11:40.525   828  3064 I TrackingService: Registering client with TrackingServiceHost (com.makepad.hello_quest#5254)
05-23 23:11:40.527   828  3064 I TrackingService: TrackingServiceHost GetSharedMemoryFileDescriptor for client com.makepad.hello_quest#5254
05-23 23:11:40.527   828  3064 I TrackingService: TrackingServiceHost registered common client; there are 0 secure clients
05-23 23:11:40.527   828  3064 I chatty  : uid=1000(system) Binder:828_4 identical 4 lines
05-23 23:11:40.527   828  3064 I TrackingService: TrackingServiceHost registered common client; there are 0 secure clients
05-23 23:11:40.535   828  4343 D TrackingService: [HANDTRACKING] Controller c576150ea24ed021 in hand: Y, valid: Y
05-23 23:11:40.535   828  4343 D TrackingService: [HANDTRACKING] Controller 7332eb40b77e183e in hand: Y, valid: Y
05-23 23:11:40.789  1060  1079 I ActivityTaskManager: START u0 {act=android.intent.action.MAIN cmp=com.oculus.os.clearactivity/.ClearActivity (has extras)} from uid 1000
05-23 23:11:40.790  1060  1079 W ActivityTaskManager: startActivity called from non-Activity context; forcing Intent.FLAG_ACTIVITY_NEW_TASK for: Intent { act=android.intent.action.MAIN flg=0x800000 cmp=com.oculus.os.clearactivity/.ClearActivity (has extras) }
05-23 23:11:40.808  1060  1079 W Looper  : Slow dispatch took 875ms android.ui h=com.android.server.am.ActivityManagerService$UiHandler c=null m=6
05-23 23:11:40.820  1060  1081 D OculusWindowMgr: Got focus change event with null focused window?
05-23 23:11:40.820  1060  1081 D OculusWindowMgr: Got focus change event with null focused window?
05-23 23:11:40.951   828  3064 I TrackingService: Unregistering client by ITrackingService.unregisterClient
05-23 23:11:40.951   828  3064 I TrackingService: TrackingServiceHost Unregistering client: com.makepad.hello_quest#5254
05-23 23:11:41.034  1060  1079 I ActivityTaskManager: START u0 {act=com.oculus.os.clearactivity.FINISH cmp=com.oculus.os.clearactivity/.ClearActivity (has extras)} from uid 1000
05-23 23:11:41.034  1060  1079 D ActivityTaskManager: Preferred display for non-VR activity ActivityRecord{183d682 u0 com.oculus.os.clearactivity/.ClearActivity t-1}: 0
05-23 23:11:41.034  1060  1079 W ActivityTaskManager: startActivity called from non-Activity context; forcing Intent.FLAG_ACTIVITY_NEW_TASK for: Intent { act=com.oculus.os.clearactivity.FINISH flg=0x800000 cmp=com.oculus.os.clearactivity/.ClearActivity (has extras) }
05-23 23:11:41.034  1060  1079 D ActivityTaskManager: Preferred display for non-VR activity ActivityRecord{183d682 u0 com.oculus.os.clearactivity/.ClearActivity t-1}: 0
05-23 23:11:41.040  1060  1079 W Looper  : Slow delivery took 875ms android.ui h=com.android.server.am.ActivityManagerService$UiHandler c=null m=6
05-23 23:11:41.041  1060  1079 W Looper  : Slow dispatch took 232ms android.ui h=com.android.server.am.ActivityManagerService$UiHandler c=null m=6
05-23 23:11:41.066   828  3064 I TrackingService: TrackingService::getSharedMemoryFileDescriptor
05-23 23:11:41.067   828  3064 I chatty  : uid=1000(system) Binder:828_4 identical 3 lines
05-23 23:11:41.067   828  3064 I TrackingService: TrackingService::getSharedMemoryFileDescriptor
05-23 23:11:41.067   828  3064 I TrackingService: TrackingService::registerClient
05-23 23:11:41.067   828  3064 I TrackingService: Registering client with TrackingServiceHost (com.makepad.hello_quest#5254)
05-23 23:11:41.067   828  3064 I TrackingService: TrackingServiceHost GetSharedMemoryFileDescriptor for client com.makepad.hello_quest#5254
05-23 23:11:41.067   828  3064 I TrackingService: TrackingServiceHost registered common client; there are 0 secure clients
05-23 23:11:41.067   828  3064 I chatty  : uid=1000(system) Binder:828_4 identical 4 lines
05-23 23:11:41.067   828  3064 I TrackingService: TrackingServiceHost registered common client; there are 0 secure clients
05-23 23:11:41.316  1518  5322 W ContextImpl: Calling a method in the system process without a qualified user: android.app.ContextImpl.sendBroadcast:1057 android.content.ContextWrapper.sendBroadcast:448 X.HK.A00:155 X.HK.handleMessage:92 android.os.Handler.dispatchMessage:107 
05-23 23:11:41.455  1060  1079 W Looper  : Drained
05-23 23:11:42.735   828  4343 D TrackingService: [HANDTRACKING] Controller 7332eb40b77e183e in hand: N, valid: Y
05-23 23:11:42.738   828  4343 D TrackingService: [HANDTRACKING] Controller c576150ea24ed021 in hand: N, valid: Y
05-23 23:11:42.983   726  1008 I SyncBossHAL: [info   ] syncboss_hal_prox.c(42): Reporting prox event: prox_on
05-23 23:11:42.984   828  3064 D TrackingService: Received transition request to RUNNING current is STANDBY
05-23 23:11:42.984   828  3064 D TrackingService: Executing transition from STANDBY to RUNNING
05-23 23:11:44.868  1060  1765 E TaskPersister: File error accessing recents directory (directory doesn't exist?).
05-23 23:11:44.936   828  4343 D TrackingService: [HANDTRACKING] Controller 7332eb40b77e183e in hand: Y, valid: Y
05-23 23:11:45.139   828  4343 D TrackingService: [HANDTRACKING] Controller c576150ea24ed021 in hand: Y, valid: Y
05-23 23:11:48.258  1060  1076 E WindowManager: App trying to use insecure INPUT_FEATURE_NO_INPUT_CHANNEL flag. Ignoring
05-23 23:11:48.268   828  3064 I TrackingService: TrackingService::getSharedMemoryFileDescriptor
05-23 23:11:48.272   828  3064 I chatty  : uid=1000(system) Binder:828_4 identical 3 lines
05-23 23:11:48.280   828  3064 I TrackingService: TrackingService::getSharedMemoryFileDescriptor
05-23 23:11:48.281   828  3064 I TrackingService: TrackingService::registerClient
05-23 23:11:48.282   828  3064 I TrackingService: Registering client with TrackingServiceHost (com.oculus.vrshell#2467)
05-23 23:11:48.283   828  3064 I TrackingService: TrackingServiceHost GetSharedMemoryFileDescriptor for client com.oculus.vrshell#2467
05-23 23:11:48.283   828  3064 I TrackingService: TrackingServiceHost registered common client; there are 0 secure clients
05-23 23:11:48.841  1518  5334 W ContextImpl: Calling a method in the system process without a qualified user: android.app.ContextImpl.sendBroadcast:1057 android.content.ContextWrapper.sendBroadcast:448 X.HK.A00:155 X.HK.handleMessage:92 android.os.Handler.dispatchMessage:107 
05-23 23:11:48.283   828  3064 I chatty  : uid=1000(system) Binder:828_4 identical 4 lines
05-23 23:11:48.283   828  3064 I TrackingService: TrackingServiceHost registered common client; there are 0 secure clients
05-23 23:11:55.364   828  3064 I TrackingService: Unregistering client by ITrackingService.unregisterClient
05-23 23:11:55.364   828  3064 I TrackingService: TrackingServiceHost Unregistering client: com.oculus.vrshell#2467
05-23 23:11:59.186   726  1008 I SyncBossHAL: [info   ] syncboss_hal_prox.c(42): Reporting prox event: prox_off
05-23 23:11:59.188   828  3064 D TrackingService: Received transition request to STANDBY current is RUNNING
05-23 23:11:59.188   828  3064 D TrackingService: Executing transition from RUNNING to STANDBY
05-23 23:12:00.138   828  4343 D TrackingService: [HANDTRACKING] Controller c576150ea24ed021 in hand: N, valid: Y
05-23 23:12:00.218   828  4343 D TrackingService: [HANDTRACKING] Controller c576150ea24ed021 in hand: Y, valid: Y
05-23 23:12:02.376   828  4343 D TrackingService: [HANDTRACKING] Controller 7332eb40b77e183e in hand: N, valid: Y
05-23 23:12:02.538   828  4343 D TrackingService: [HANDTRACKING] Controller c576150ea24ed021 in hand: N, valid: Y
05-23 23:12:06.300  1518  5342 W ContextImpl: Calling a method in the system process without a qualified user: android.app.ContextImpl.sendBroadcast:1057 android.content.ContextWrapper.sendBroadcast:448 X.HK.A00:155 X.HK.handleMessage:92 android.os.Handler.dispatchMessage:107 
05-23 23:12:55.556   726  4338 E SyncBossHAL: [error  ] syncboss_hal_jedi.c(77): Failed to send telemetry event for module jedi with error -22
05-23 23:13:26.981  1060  1092 D KernelCpuUidUserSysTimeReader: Removing uids 10189-10189
05-23 23:13:27.965  1060  1087 I ActivityManager: Force stopping com.makepad.hello_quest appid=10191 user=-1: deletePackageX
05-23 23:13:27.966  1060  1087 I ActivityManager: Killing 5254:com.makepad.hello_quest/u0a191 (adj 0): stop com.makepad.hello_quest
05-23 23:13:27.968  1060  1087 W ActivityTaskManager: Force removing ActivityRecord{f6d2a8f u0 com.makepad.hello_quest/.MainActivity t724 f}: app died, no saved state
05-23 23:13:27.978   828  3064 I TrackingService: Unregistering client 'com.makepad.hello_quest#5254' by binder death
05-23 23:13:27.978   828  3064 I TrackingService: TrackingServiceHost Unregistering client: com.makepad.hello_quest#5254
05-23 23:13:28.072  1060  1076 I ActivityTaskManager: START u0 {act=android.intent.action.MAIN cat=[android.intent.category.INFO] flg=0x14000000 pkg=com.oculus.shellenv cmp=com.oculus.shellenv/.ShellEnvActivity (has extras)} from uid 10020
05-23 23:13:28.081  1060  1765 E TaskPersister: File error accessing recents directory (directory doesn't exist?).
05-23 23:13:28.083  1060  1081 W ActivityManager: setHasOverlayUi called on unknown pid: 5254
05-23 23:13:28.093  1060  1079 W Looper  : Slow dispatch took 127ms android.ui h=com.android.server.am.ActivityManagerService$UiHandler c=null m=53
05-23 23:13:28.162  1060  1509 E WindowManager: App trying to use insecure INPUT_FEATURE_NO_INPUT_CHANNEL flag. Ignoring
05-23 23:13:28.170   828  3064 I TrackingService: TrackingService::getSharedMemoryFileDescriptor
05-23 23:13:28.171   828  3064 I chatty  : uid=1000(system) Binder:828_4 identical 2 lines
05-23 23:13:28.171   828  3064 I TrackingService: TrackingService::getSharedMemoryFileDescriptor
05-23 23:13:28.171   828   828 I TrackingService: TrackingService::getSharedMemoryFileDescriptor
05-23 23:13:28.172   828   828 I TrackingService: TrackingService::registerClient
05-23 23:13:28.180   828   828 I TrackingService: Registering client with TrackingServiceHost (com.oculus.vrshell#2441)
05-23 23:13:28.180   828   828 I TrackingService: TrackingServiceHost GetSharedMemoryFileDescriptor for client com.oculus.vrshell#2441
05-23 23:13:28.180   828   828 I TrackingService: TrackingServiceHost registered common client; there are 0 secure clients
05-23 23:13:28.180   828   828 I chatty  : uid=1000(system) /system/bin/trackingservice identical 4 lines
05-23 23:13:28.180   828   828 I TrackingService: TrackingServiceHost registered common client; there are 0 secure clients
05-23 23:13:28.206   828   828 I TrackingService: TrackingService::getSharedMemoryFileDescriptor
05-23 23:13:28.207   828   828 I chatty  : uid=1000(system) /system/bin/trackingservice identical 1 line
05-23 23:13:28.209   828   828 I TrackingService: TrackingService::getSharedMemoryFileDescriptor
05-23 23:13:28.211   828  3064 I TrackingService: TrackingService::getSharedMemoryFileDescriptor
05-23 23:13:28.211   828  3064 I TrackingService: TrackingService::getSharedMemoryFileDescriptor
05-23 23:13:28.211   828  3064 I TrackingService: TrackingService::registerClient
05-23 23:13:28.212   828  3064 I TrackingService: Registering client with TrackingServiceHost (com.oculus.shellenv#2381)
05-23 23:13:28.213   828  3064 I TrackingService: TrackingServiceHost GetSharedMemoryFileDescriptor for client com.oculus.shellenv#2381
05-23 23:13:28.213   828  3064 I TrackingService: TrackingServiceHost registered common client; there are 0 secure clients
05-23 23:13:28.213   828  3064 I chatty  : uid=1000(system) Binder:828_4 identical 4 lines
05-23 23:13:28.213   828  3064 I TrackingService: TrackingServiceHost registered common client; there are 0 secure clients
05-23 23:13:28.356  1060  1099 I ActivityManager: Force stopping com.makepad.hello_quest appid=10191 user=0: pkg removed
05-23 23:13:28.369  1060  1099 E HistoricalRegistry: Interaction before persistence initialized
05-23 23:13:28.387  1060  1765 E TaskPersister: File error accessing recents directory (directory doesn't exist?).
05-23 23:13:28.389  1060  1060 I RoleManagerService: Granting default permissions...
05-23 23:13:28.400  1060  1086 W TextServicesManagerService: no available spell checker services found
05-23 23:13:28.410  1060  1147 I DropBoxManagerService: add tag=system_server_wtf isTagEnabled=true flags=0x2
05-23 23:13:28.421  1060  3123 W BroadcastQueue: Background execution not allowed: receiving Intent { act=android.intent.action.PACKAGE_REMOVED dat=package:com.makepad.hello_quest flg=0x4000010 (has extras) } to com.oculus.socialplatform/com.oculus.common.packagescache.PackagesCacheReceiver
05-23 23:13:28.466  1060  3123 I DisplayManagerService: Display device removed: DisplayDeviceInfo{"com.oculus.android_panel_app.AndroidPanelLayer-tablet": uniqueId="virtual:com.oculus.systemux,10026,com.oculus.android_panel_app.AndroidPanelLayer-tablet,0", 960 x 425, modeId 42, defaultModeId 42, supportedModes [{id=42, width=960, height=425, fps=60.0}], colorMode 0, supportedColorModes [0], HdrCapabilities null, density 200, 200.0 x 200.0 dpi, appVsyncOff 0, presDeadline 16666666, touch NONE, rotation 0, type VIRTUAL, state ON, owner com.oculus.systemux (uid 10026), FLAG_PRIVATE, FLAG_NEVER_BLANK, FLAG_OWN_CONTENT_ONLY}
05-23 23:13:28.490  1060  1164 I DisplayManagerService: Display device removed: DisplayDeviceInfo{"com.oculus.android_panel_app.AndroidPanelLayer-tabletNav": uniqueId="virtual:com.oculus.systemux,10026,com.oculus.android_panel_app.AndroidPanelLayer-tabletNav,0", 270 x 425, modeId 43, defaultModeId 43, supportedModes [{id=43, width=270, height=425, fps=60.0}], colorMode 0, supportedColorModes [0], HdrCapabilities null, density 200, 200.0 x 200.0 dpi, appVsyncOff 0, presDeadline 16666666, touch NONE, rotation 0, type VIRTUAL, state ON, owner com.oculus.systemux (uid 10026), FLAG_PRIVATE, FLAG_NEVER_BLANK, FLAG_OWN_CONTENT_ONLY}
05-23 23:13:28.501  1060  1060 I ConditionProviders: Disallowing condition provider com.makepad.hello_quest
05-23 23:13:28.506  1060  3123 I DisplayManagerService: Display device removed: DisplayDeviceInfo{"com.oculus.android_panel_app.AndroidPanelLayer-#main": uniqueId="virtual:com.oculus.systemux,10026,com.oculus.android_panel_app.AndroidPanelLayer-#main,0", 800 x 110, modeId 41, defaultModeId 41, supportedModes [{id=41, width=800, height=110, fps=60.0}], colorMode 0, supportedColorModes [0], HdrCapabilities null, density 200, 200.0 x 200.0 dpi, appVsyncOff 0, presDeadline 16666666, touch NONE, rotation 0, type VIRTUAL, state ON, owner com.oculus.systemux (uid 10026), FLAG_PRIVATE, FLAG_NEVER_BLANK, FLAG_OWN_CONTENT_ONLY}
05-23 23:13:28.519  1060  3123 I DisplayManagerService: Display device removed: DisplayDeviceInfo{"com.oculus.android_panel_app.AndroidPanelLayer-tabletContent": uniqueId="virtual:com.oculus.systemux,10026,com.oculus.android_panel_app.AndroidPanelLayer-tabletContent,0", 690 x 425, modeId 44, defaultModeId 44, supportedModes [{id=44, width=690, height=425, fps=60.0}], colorMode 0, supportedColorModes [0], HdrCapabilities null, density 200, 200.0 x 200.0 dpi, appVsyncOff 0, presDeadline 16666666, touch NONE, rotation 0, type VIRTUAL, state ON, owner com.oculus.systemux (uid 10026), FLAG_PRIVATE, FLAG_NEVER_BLANK, FLAG_OWN_CONTENT_ONLY}
05-23 23:13:28.787  1060  1086 I RoleUserState: Wrote roles.xml successfully
05-23 23:13:28.956  1518  5360 W ContextImpl: Calling a method in the system process without a qualified user: android.app.ContextImpl.sendBroadcast:1057 android.content.ContextWrapper.sendBroadcast:448 X.HK.A00:155 X.HK.handleMessage:92 android.os.Handler.dispatchMessage:107 
05-23 23:13:29.059  1060  1099 I PackageManager: Un-granting permission android.permission.HIDE_NON_SYSTEM_OVERLAY_WINDOWS from package com.android.companiondevicemanager (protectionLevel=258 flags=0x30c83e45)
05-23 23:13:29.060  1060  1099 I PackageManager: Un-granting permission android.permission.GET_DETAILED_TASKS from package com.oculus.vrshell (protectionLevel=2 flags=0x30883e45)
05-23 23:13:29.060  1060  1099 I PackageManager: Un-granting permission com.oculus.permission.LAUNCH_CLEAR_ACTIVITY from package com.oculus.vrshell (protectionLevel=2 flags=0x30883e45)
05-23 23:13:29.061  1060  1099 I PackageManager: Un-granting permission android.permission.SYSTEM_ALERT_WINDOW from package org.telegram.messenger.web (protectionLevel=1250 flags=0x30983e44)
05-23 23:13:29.061  1060  1099 I PackageManager: Un-granting permission android.permission.REQUEST_INSTALL_PACKAGES from package org.telegram.messenger.web (protectionLevel=66 flags=0x30983e44)
05-23 23:13:29.061  1060  1099 I PackageManager: Un-granting permission android.permission.CAPTURE_AUDIO_OUTPUT from package com.oculus.horizon (protectionLevel=18 flags=0x38883e45)
05-23 23:13:29.063  1060  1099 I PackageManager: Un-granting permission com.oculus.horizon.permission.OVR_PLATFORM_BROADCAST from package com.oculus.socialplatform (protectionLevel=18 flags=0x30c83ec5)
05-23 23:13:29.064  1060  1099 I PackageManager: Un-granting permission com.oculus.horizon.auth from package com.oculus.socialplatform (protectionLevel=18 flags=0x30c83ec5)
05-23 23:13:29.067  1060  1099 I PackageManager: Un-granting permission com.oculus.vrshell.ShellWidgetBroadcastReceiverPermission from package com.oculus.fitnesstracker (protectionLevel=18 flags=0x38c83ec5)
05-23 23:13:29.068  1060  1099 I PackageManager: Un-granting permission android.permission.NETWORK_SETTINGS from package com.oculus.ocms (protectionLevel=2 flags=0x38883e45)
05-23 23:13:29.070  1060  1099 I PackageManager: Un-granting permission android.permission.SYSTEM_ALERT_WINDOW from package com.termux (protectionLevel=1250 flags=0x30883e44)
05-23 23:13:29.074  1060  1099 I PackageManager: Un-granting permission com.oculus.horizon.permission.OVR_PLATFORM_BROADCAST from package com.oculus.vrshell.home (protectionLevel=18 flags=0x38883e45)
05-23 23:13:29.321  1060  1060 I RoleManagerService: Granting default permissions...
05-23 23:13:29.327  1060  1087 W BroadcastQueue: Background execution not allowed: receiving Intent { act=android.intent.action.PACKAGE_ADDED dat=package:com.makepad.hello_quest flg=0x4000010 (has extras) } to com.android.packageinstaller/.PackageInstalledReceiver
05-23 23:13:29.348  1060  1164 W BroadcastQueue: Background execution not allowed: receiving Intent { act=android.intent.action.PACKAGE_ADDED dat=package:com.makepad.hello_quest flg=0x4000010 (has extras) } to com.oculus.socialplatform/com.oculus.common.packagescache.PackagesCacheReceiver
05-23 23:13:29.360  1060  1086 W TextServicesManagerService: no available spell checker services found
05-23 23:13:29.375  1060  1086 W VoiceInteractionManagerService: no available voice recognition services found for user 0
05-23 23:13:29.571  1060  1086 I RoleUserState: Wrote roles.xml successfully
05-23 23:13:31.458   726  4338 E SyncBossHAL: [error  ] syncboss_hal_jedi.c(77): Failed to send telemetry event for module jedi with error -22
05-23 23:13:34.016  1060  1081 I ActivityManager: Force stopping com.makepad.hello_quest appid=10192 user=-1: set debug app
05-23 23:13:34.017  1060  1509 I ActivityTaskManager: START u0 {flg=0x10000000 cmp=com.makepad.hello_quest/.MainActivity} from uid 2000
05-23 23:13:34.055   828   828 I TrackingService: Unregistering client by ITrackingService.unregisterClient
05-23 23:13:34.055   828   828 I TrackingService: TrackingServiceHost Unregistering client: com.oculus.shellenv#2381
05-23 23:13:34.064  1060  1088 I ActivityManager: Start proc 5417:com.makepad.hello_quest/u0a192 for activity {com.makepad.hello_quest/com.makepad.hello_quest.MainActivity}
05-23 23:13:34.093  5417  5417 W ActivityThread: Application com.makepad.hello_quest is waiting for the debugger on port 8100...
05-23 23:13:34.146   828   828 I TrackingService: Unregistering client by ITrackingService.unregisterClient
05-23 23:13:34.146   828   828 I TrackingService: TrackingServiceHost Unregistering client: com.oculus.vrshell#2441
--------- beginning of main
05-23 23:13:34.167   714  3134 D ACDB-LOADER: ACDB -> AUDIO_SET_VOL_CAL cal type = 40
05-23 23:13:34.173  1953  2915 I UnifiedTelemetryWrapper: Stopped UT session render:com.oculus.vrshell:EnvOverlay
05-23 23:13:34.173  2441  5385 I chatty  : uid=10020 com.oculus.vrshell:EnvOverlay expire 1 line
05-23 23:13:34.174  2441  2630 I chatty  : uid=10020(com.oculus.vrshell) Thread-3 expire 15 lines
05-23 23:13:34.174  1576  5383 W [CT]    : MIXEDREALITY: MrFeatureStatus: Status change from Created with the operation Pause is not allowed.
05-23 23:13:34.174  1576  5383 W [CT]    : MIXEDREALITY: MrFeatureStatus: clientChangeStatus: client 4273875765 status change not allowed.
05-23 23:13:34.176  1576  5383 I [CT]    : MIXEDREALITY: MrFeatureStatus: Client status changed from Created to Destroyed.
05-23 23:13:34.176  1576  3069 I ServerProcessConnector: HandleClientDisconnect: Client: com.oculus.vrshell:com.oculus.vrshell:EnvOverlay:2441, Server: com.oculus.mrservice:com.oculus.mrservice:1576 (MrServiceIPCServer)
05-23 23:13:34.177  1576  5383 W PipeUtils: RuntimeIPC: ReadFromPipeInternal: read failed: 0, Success
05-23 23:13:34.177  1576  5383 W PipeUtils: RuntimeIPC: ReadFromPipe: ReadFromPipeInternal FAILED
05-23 23:13:34.177  1576  5383 W RuntimeIPCServerMgr: RPCClientHandler::MainLoop: Error reading pipe: Client: com.oculus.vrshell:com.oculus.vrshell:EnvOverlay:2441, Server: com.oculus.mrservice:com.oculus.mrservice (MrServiceIPCServer)
05-23 23:13:34.177  1576  5383 I [CT]    : MIXEDREALITY: MrServiceIPCServer: MrServiceIPCServer::onClientDisconnected
05-23 23:13:34.177  1576  5383 I [CT]    : MIXEDREALITY: MrServiceController: clientDisconnected: 4273875765/com.oculus.vrshell/com.oculus.vrshell:EnvOverlay
05-23 23:13:34.177  1576  5383 I [CT]    : MIXEDREALITY: ClientsStatus: ====== Connected clients ======
05-23 23:13:34.177  1576  5383 I [CT]    : MIXEDREALITY: ClientsStatus: Client: 4273875765/com.oculus.vrshell/com.oculus.vrshell:EnvOverlay
05-23 23:13:34.177  1576  5383 I [CT]    : MIXEDREALITY: ClientsStatus:    [Passthrough] -> Destroyed
05-23 23:13:34.177  1576  5383 I [CT]    : MIXEDREALITY: ClientsStatus:    [Freespace] -> Destroyed
05-23 23:13:34.177  1576  5383 I [CT]    : MIXEDREALITY: ClientsStatus: Client: 3298027205/com.oculus.guardian/com.oculus.vrguardianservice
05-23 23:13:34.177  1576  5383 I [CT]    : MIXEDREALITY: ClientsStatus:    [Passthrough] -> Created
05-23 23:13:34.177  1576  5383 I [CT]    : MIXEDREALITY: ClientsStatus:    [Freespace] -> Created
05-23 23:13:34.177  1576  5383 I [CT]    : MIXEDREALITY: ClientsStatus: ===============================
05-23 23:13:34.177  1576  5383 I [CT]    : MIXEDREALITY: MrClientModelStates: unregisterClient: For client 4273875765.
05-23 23:13:34.177  1576  5383 I [CT]    : MIXEDREALITY: MrClientModelStates: ==== Known clients ====
05-23 23:13:34.177  1576  5383 I [CT]    : MIXEDREALITY: MrClientModelStates:   ID: 4273875765 layers: 0 meshes: 0 geometries: 0 shaders: 0
05-23 23:13:34.177  1576  5383 I [CT]    : MIXEDREALITY: MrClientModelStates:   ID: 3298027205 layers: 1 meshes: 0 geometries: 0 shaders: 0
05-23 23:13:34.177  1576  5383 I [CT]    : MIXEDREALITY: MrClientModelStates: ==== Known clients ====
05-23 23:13:34.177  1576  5383 I [CT]    : MIXEDREALITY: MrClientModelStates:   ID: 3298027205 layers: 1 meshes: 0 geometries: 0 shaders: 0
05-23 23:13:34.177  1576  5383 I [CT]    : MIXEDREALITY: ClientsStatus: Unregistration from 4273875765/com.oculus.vrshell/com.oculus.vrshell:EnvOverlay accepted.
05-23 23:13:34.185  2206  2330 W PublicLibraryProvider: Cannot find entitlement for com.makepad.hello_quest
05-23 23:13:34.185  1060  1079 I VrRuntimeClient: spaceWarpGateKeeper 0
05-23 23:13:34.185  1060  1079 I AudioCapture: AudioCapture::Init
05-23 23:13:34.185  1060  1079 I AudioCapture: AudioCapture::Init -> Initializing audio capture using direct OS Callbacks
05-23 23:13:34.186  1060  1079 I AudioCapture: AudioCapture::Init COMPLETE
05-23 23:13:34.186  1576  2940 I [CT]    : MIXEDREALITY: MrClientModelStates: Cleaned up resources for client 4273875765
05-23 23:13:34.201  1922  1922 D RuntimeIPCService: onStartCommand
05-23 23:13:34.201  5417  5443 I chatty  : uid=10192(com.makepad.hello_quest) Thread-2 expire 1 line
05-23 23:13:34.205  1922  1922 D RuntimeIPCService: onStartCommand
05-23 23:13:34.207  5417  5442 I chatty  : uid=10192(com.makepad.hello_quest) RuntimeIPCServi expire 1 line
05-23 23:13:34.208  1922  2782 D RuntimeIPCService: createClient: ProcessName: com.makepad.hello_quest
05-23 23:13:34.208  1922  2782 I RuntimeIPCService: CreateBinderConnection: 5417:com.makepad.hello_quest:com.makepad.hello_quest
05-23 23:13:34.208  1922  2782 D ThreadHelpers: RuntimeIPC: ThreadBase: Shutdown
05-23 23:13:34.208  1922  2782 D RuntimeIPCService: createClient: -44888592, android.os.BinderProxy@3c7463d, com.makepad.hello_quest
05-23 23:13:34.210  2537  2537 D VrGuardianService: onStartCommand
05-23 23:13:34.211  2537  2537 D VrGuardianUserService: onStartCommandIntent { cmp=com.oculus.guardian/com.oculus.vrguardianservice.VrGuardianUserService }
05-23 23:13:34.212  2537  2537 D VrGuardianUserService: onStartCommand null user = 0
05-23 23:13:34.212  2537  2537 D VrGuardianService: setCurrentUser() called with: userId = [0]
05-23 23:13:34.212  2537  2537 I VrGuardianService: nativeSetCurrentUser userid = 0
05-23 23:13:34.212  2537  2537 I GuardianSystem: GuardianSystem::SetCurrentUser: 0 
05-23 23:13:34.214  2537  2745 I JniUtils: Creating temporary JNIEnv. This is a heavy operation and should be infrequent. To optimize, use JNI AttachCurrentThread on calling thread
05-23 23:13:34.215  2537  2745 I JniUtils: Creating temporary JNIEnv. This is a heavy operation and should be infrequent. To optimize, use JNI AttachCurrentThread on calling thread
05-23 23:13:34.216  1922  5444 I RuntimeIPCService: RPC_BROKER_CREATE_PROCESS_CONNECTION: SUCCESS: Client: com.makepad.hello_quest:com.makepad.hello_quest:5417, Server: com.oculus.guardian:com.oculus.vrguardianservice:2537, SetBrokerHandlerCalled: 1
05-23 23:13:34.217  2537  5447 I SharedMemoryServer: SharedMemoryServer::MapMemory: Allocated shared memory fd 133 (rpcBuffer)
05-23 23:13:34.217  2537  5447 I SharedMemoryServer: SharedMemoryServer::MapMemory: Allocated shared memory fd 136 (ipcReadOnlyState)
05-23 23:13:34.217  2537  5447 I JniUtils: Creating temporary JNIEnv. This is a heavy operation and should be infrequent. To optimize, use JNI AttachCurrentThread on calling thread
05-23 23:13:34.218  2537  5447 I chatty  : uid=10069(com.oculus.guardian) com.oculus.vrguardianservice identical 2 lines
05-23 23:13:34.218  2537  5447 I JniUtils: Creating temporary JNIEnv. This is a heavy operation and should be infrequent. To optimize, use JNI AttachCurrentThread on calling thread
05-23 23:13:34.219  2537  5447 I ServerProcessConnector: HandleClientConnect: Client: com.makepad.hello_quest:com.makepad.hello_quest:5417, Server: com.oculus.guardian:com.oculus.vrguardianservice:2537 (guardianserver)
05-23 23:13:34.226  1060  1079 W Foveation: Forcing on dynamic foveation
05-23 23:13:34.226  1060  1079 D VrRuntimeClient: VrRuntimeClient: initialize. inContext: com.oculus.os.DialogContext@c7a417
05-23 23:13:34.226  1060  1079 I VrGuardianClient: Disabling guardianclient for package: android
05-23 23:13:34.226  1060  1079 I ipcLoader: RuntimeIPC: Loader: IPC Service API Loader Version: 22 May  7 2021 18:13:20
05-23 23:13:34.226  1060  1079 I ipcLoader: RuntimeIPC: Loader: Re-using vtable
05-23 23:13:34.226  1060  1079 I RuntimeIPCApi: ipc_Initialize
05-23 23:13:34.227  1060  1079 D RuntimeIPCServiceClient: initialize. inContext: com.oculus.os.DialogContext@c7a417processName: system_server
05-23 23:13:34.228  1060  1079 W ContextImpl: Calling a method in the system process without a qualified user: android.app.ContextImpl.startService:1582 android.content.ContextWrapper.startService:669 android.content.ContextWrapper.startService:669 com.oculus.runtimeipcserviceclient.RuntimeIPCServiceClient.initialize:152 oculus.internal.ui.VrBase.nativeOnCreate:-2 
05-23 23:13:34.228  1922  1922 D RuntimeIPCService: onStartCommand
05-23 23:13:34.229  1060  5449 I AsyncTaskMgr: MainLoop starting
05-23 23:13:34.229  1060  1079 I AsyncTaskMgr: Init SUCCESS
05-23 23:13:34.229  1060  1079 I ServerStateMgr: Init
05-23 23:13:34.229  1060  1079 I ServerStateMgr: Init
05-23 23:13:34.229  1060  1079 D RuntimeIPCServiceClient: connectToService
05-23 23:13:34.229  1060  1079 D RuntimeIPCServiceClient: creating new service
05-23 23:13:34.229  1060  1079 W ContextImpl: Calling a method in the system process without a qualified user: android.app.ContextImpl.startService:1582 android.content.ContextWrapper.startService:669 android.content.ContextWrapper.startService:669 com.oculus.runtimeipcserviceclient.RuntimeIPCServiceClient.ensureConnection:261 com.oculus.runtimeipcserviceclient.RuntimeIPCServiceClient.connectToService:45 
05-23 23:13:34.230  1922  1922 D RuntimeIPCService: onStartCommand
05-23 23:13:34.230  1060  1079 D RuntimeIPCServiceClient: Waiting on ipc connection...
05-23 23:13:34.230  1060  5448 D RuntimeIPCServiceClient: Service connected: android.os.BinderProxy@ad97e76
05-23 23:13:34.231  1922  2782 D RuntimeIPCService: createClient: ProcessName: system_server
05-23 23:13:34.231  1922  2782 I RuntimeIPCService: CreateBinderConnection: 1060:android.uid.system:1000:system_server
05-23 23:13:34.231  1922  2782 D ThreadHelpers: RuntimeIPC: ThreadBase: Shutdown
05-23 23:13:34.231  1922  2782 D RuntimeIPCService: createClient: 1076698874, android.os.BinderProxy@2bc00d, android.uid.system:1000
05-23 23:13:34.231  1060  1079 D RuntimeIPCServiceClient: ipc connectionIsReady: true
05-23 23:13:34.231  1060  1079 D RuntimeIPCServiceClient: ipc context.bindService SUCCESS
05-23 23:13:34.231  1060  1079 W Binder  : Outgoing transactions from this process must be FLAG_ONEWAY
05-23 23:13:34.231  1060  1079 W Binder  : java.lang.Throwable
05-23 23:13:34.231  1060  1079 W Binder  : 	at android.os.BinderProxy.transact(BinderProxy.java:481)
05-23 23:13:34.231  1060  1079 W Binder  : 	at com.oculus.runtimeipcservice.IRuntimeIPCServiceClient$Stub$Proxy.getFileDescriptor(IRuntimeIPCServiceClient.java:234)
05-23 23:13:34.231  1060  1079 W Binder  : 	at com.oculus.runtimeipcserviceclient.RuntimeIPCServiceClient.getFileDescriptor(RuntimeIPCServiceClient.java:328)
05-23 23:13:34.231  1060  1079 W Binder  : 	at oculus.internal.ui.VrBase.nativeOnCreate(Native Method)
05-23 23:13:34.231  1060  1079 W Binder  : 	at oculus.internal.ui.VrBase.recreateInternal(VrBase.java:290)
05-23 23:13:34.231  1060  1079 W Binder  : 	at oculus.internal.ui.VrBase.onCreate(VrBase.java:264)
05-23 23:13:34.231  1060  1079 W Binder  : 	at oculus.internal.ui.VrUiWrapper.commonInit(VrUiWrapper.java:134)
05-23 23:13:34.231  1060  1079 W Binder  : 	at oculus.internal.ui.VrUiWrapper.onCreate(VrUiWrapper.java:142)
05-23 23:13:34.231  1060  1079 W Binder  : 	at oculus.internal.ui.VrUiWrapper.onCreate(VrUiWrapper.java:105)
05-23 23:13:34.231  1060  1079 W Binder  : 	at oculus.internal.ui.VrAlertDialog.onCreate(VrAlertDialog.java:89)
05-23 23:13:34.231  1060  1079 W Binder  : 	at oculus.internal.ui.VrAlertDialog.onCreate(VrAlertDialog.java:79)
05-23 23:13:34.231  1060  1079 W Binder  : 	at android.app.Dialog.dispatchOnCreate(Dialog.java:421)
05-23 23:13:34.231  1060  1079 W Binder  : 	at android.app.Dialog.show(Dialog.java:315)
05-23 23:13:34.231  1060  1079 W Binder  : 	at com.android.server.am.ActivityManagerService$UiHandler.handleMessage(ActivityManagerService.java:1662)
05-23 23:13:34.231  1060  1079 W Binder  : 	at android.os.Handler.dispatchMessage(Handler.java:107)
05-23 23:13:34.231  1060  1079 W Binder  : 	at android.os.Looper.loop(Looper.java:214)
05-23 23:13:34.231  1060  1079 W Binder  : 	at android.os.HandlerThread.run(HandlerThread.java:67)
05-23 23:13:34.231  1060  1079 W Binder  : 	at com.android.server.ServiceThread.run(ServiceThread.java:44)
05-23 23:13:34.231  1060  1079 W Binder  : 	at com.android.server.UiThread.run(UiThread.java:43)
05-23 23:13:34.232  1060  1079 D ThreadHelpers: RuntimeIPC: ThreadBase: Shutdown
05-23 23:13:34.233  1060  1079 D RuntimeIPCServiceClient: ensureServiceStarted: com.oculus.systemdriver, com.oculus.vrruntimeservice.VrRuntimeService
05-23 23:13:34.233  1060  1079 W ContextImpl: Calling a method in the system process without a qualified user: android.app.ContextImpl.startService:1582 android.content.ContextWrapper.startService:669 android.content.ContextWrapper.startService:669 com.oculus.runtimeipcserviceclient.RuntimeIPCServiceClient.ensureServiceStarted:446 oculus.internal.ui.VrBase.nativeOnCreate:-2 
05-23 23:13:34.233  1060  1079 D RuntimeIPCServiceClient: ensureServiceStarted SUCCESS: com.oculus.systemdriver, com.oculus.vrruntimeservice.VrRuntimeService
05-23 23:13:34.233  1953  1953 D VrRuntimeService: onStartCommand
05-23 23:13:34.234  1060  1079 D RuntimeIPCClientMgr: SyncClientWithService: Client: android.uid.system:1000:system_server:1060, Server: com.oculus.systemdriver:com.oculus.vrruntimeservice (RuntimeServiceServer)
05-23 23:13:34.234  1953  3907 I SharedMemoryServer: SharedMemoryServer::MapMemory: Allocated shared memory fd 45 (rpcBuffer)
05-23 23:13:34.234  1953  3907 I SharedMemoryServer: SharedMemoryServer::MapMemory: Allocated shared memory fd 50 (ipcReadOnlyState)
05-23 23:13:34.234  1953  3907 I JniUtils: Creating temporary JNIEnv. This is a heavy operation and should be infrequent. To optimize, use JNI AttachCurrentThread on calling thread
05-23 23:13:34.234  1953  3907 I chatty  : uid=10025(com.oculus.systemdriver) com.oculus.vrruntimeservice identical 2 lines
05-23 23:13:34.234  1953  3907 I JniUtils: Creating temporary JNIEnv. This is a heavy operation and should be infrequent. To optimize, use JNI AttachCurrentThread on calling thread
05-23 23:13:34.235  1953  3907 I ServerProcessConnector: HandleClientConnect: Client: android.uid.system:1000:system_server:1060, Server: com.oculus.systemdriver:com.oculus.vrruntimeservice:1953 (RuntimeServiceServer)
05-23 23:13:34.236  1060  1079 W RuntimeIPCClientMgr: InitRPCToServer: RPC_CONNECTOR_CONNECT_TO_SERVER SUCCESS (new path): Client: android.uid.system:1000:system_server:1060, Server: com.oculus.systemdriver:com.oculus.vrruntimeservice (RuntimeServiceServer)
05-23 23:13:34.236  1060  1079 I RuntimeIPCClientMgr: ConnectToServer: SUCCESS: Client: android.uid.system:1000:system_server:1060, Server: com.oculus.systemdriver:com.oculus.vrruntimeservice (RuntimeServiceServer)
05-23 23:13:34.236  1060  1079 I VrRuntimeClient: g_RuntimeServiceSDKClient.Connected: com.oculus.systemdriver:com.oculus.vrruntimeservice
05-23 23:13:34.350   726  4338 W vendor.oculus.hardware.sensors@1.0-service: Unknown packet type (20) received
05-23 23:13:34.407  2381  2429 I Clay    : EnvironmentSystem: computed visibility changed from Hidden to Unload (reason: Paused)
05-23 23:13:34.407  2381  2429 I Clay    : EnvironmentStateSystem: Clearing IR due to pausing
05-23 23:13:34.461  1953  2265 D RuntimeIPCServerMgr: RegisterClient: Client: android.uid.system:1000:system_server:1060, Server: com.oculus.systemdriver:com.oculus.vrruntimeservice (RuntimeServiceServer)
05-23 23:13:34.461  1953  5453 I VrRuntimeService: RuntimeIPC: IPC_SYSTEM_EVENT_CLIENT_CONNECTED_EXT: system_server:1060, Version: 1.0, Custom: 1.0
05-23 23:13:34.461  1953  5453 I VrRuntimeService: RuntimeIPC: SendPrimaryPackageChangeEvent: PostClientEvent SUCCESS: android.uid.system:1000:system_server:1060, com.oculus.shellenv, com.oculus.shellenv
