05-23 23:13:48.962  2467  3045 I [OAO] OverlayGuardianFlow: OverlayGuardianFlow::ParseShellUri
05-23 23:13:48.962  2467  3045 I [OAO] OverlayFlowController: Guardian Parse result:  0
05-23 23:13:48.962  2467  3045 I [OAO] OverlayPrimaryPanelFlow: OverlayPrimaryPanelFlow::ShouldHandle targetComponent = systemux://dialog/exit
05-23 23:13:48.962  2467  3045 I [OAO] OverlayFlowController: PrimaryPanelFlow Parse result:  0
05-23 23:13:48.962  2467  3045 I [OAO] OverlayFlowController: KeyboardFlow Parse result:  0
05-23 23:13:48.962  2467  3045 I [OAO] OverlayPauseFlow: OverlayPauseFlow::ParseShellUri requesting activation
05-23 23:13:48.962  2467  3045 I [OAO] OverlayFlowController: PauseFlow Parse result:  1
05-23 23:13:48.962  2467  3045 I [OAO] OverlayFlowController: Setting lastNonSystemPackageName to com.makepad.hello_quest
05-23 23:13:48.962  2467  3045 I [OAO] OverlayFlowController: Setting primaryAppComponent = com.makepad.hello_quest
05-23 23:13:48.962  2467  3045 I [OAO] FlowController: UpdateActiveFlow from (none) to OverlayPauseFlow
05-23 23:13:48.962  2467  3045 I [OAO] OverlayPauseFlow: Activated
05-23 23:13:48.962  2467  3045 I [OAO] ShellOverlayApp: ResolveInteractionState: change from None to InputFocus
05-23 23:13:48.963  2467  3045 D [OAO] ShellApplication: setOverlayInputFocus: inputFocus=true shouldSupportIME=false
05-23 23:13:48.963  2467  3045 D [OAO] BaseOverlayService: setOverlayInputFocus : entrypoint - inputFocus=true shouldSupportIME=false
05-23 23:13:48.963  2467  3045 I [OAO] SystemAssistant: OnModeChanged from ImmersiveAppFocused to Paused
05-23 23:13:48.963  2467  2467 D [OAO] BaseOverlayService: attachServiceWindowView shouldSupportIME:false
05-23 23:13:48.963  2467  3045 I [OAO] ShellOverlayApp: EnterVrMode
05-23 23:13:48.963  2467  3045 I [OAO] VrPlatformVrApi: VrPlatformVrApi::SessionBegin
05-23 23:13:48.963  2467  3045 I [OAO] VrPlatformVrApi: vrapi_EnterVrMode()
05-23 23:13:48.963  2467  3045 I VrApi   : ---------- vrapi_EnterVrMode [start] ----------
05-23 23:13:48.963  2467  3045 I VrRuntimeClient: Tracing is disabled
05-23 23:13:48.964  2467  3045 I VrRuntimeClient: SysProp debug mode is disabled on Client side
05-23 23:13:48.965  2467  3045 D VrApi   : targetSDKVersion 29
05-23 23:13:48.966  2467  3045 I VrRuntimeClient: DEVICE MODEL NUMBER = Quest 2
05-23 23:13:48.966  2467  3045 I VrRuntimeClient: DEVICE HARDWARE = hollywood
05-23 23:13:48.966  2467  3045 I VrRuntimeClient: DEVICE BUILD NAME = user-16476800118700000
05-23 23:13:48.966  2467  3045 I VrRuntimeClient: DEVICE BUILD TYPE = user
05-23 23:13:48.966  2467  3045 I VrRuntimeClient: DEVICE OS VERSION = 10
05-23 23:13:48.966  2467  3045 I VrRuntimeClient: API LOADER VERSION = 1.41.0
05-23 23:13:48.966  2467  3045 I VrRuntimeClient: RUNTIME API VERSION = 1.46.0
05-23 23:13:48.966  2467  3045 I VrRuntimeClient: RUNTIME VERSION = 29.0.0.65.370 May  8 2021 20:13:10 RELEASE
05-23 23:13:48.966  2467  3045 I VrRuntimeClient: APP NAME = Oculus App Runtime
05-23 23:13:48.966  2467  3045 I VrRuntimeClient: APP VERSION = 29.0.0.65.370 versionCode 289987433 internalVersionName 29.0.0.65.370.384025c4a70b 2021_05_08_20_13
05-23 23:13:48.966  2467  3045 I VrRuntimeClient: APP VR TYPE = vr_only
05-23 23:13:48.967  2467  3045 I VrRuntimeClient: APP MODE TYPE = VR
05-23 23:13:48.967  2467  3045 I VrRuntimeClient: APP PACKAGE NAME = com.oculus.vrshell
05-23 23:13:48.967  2467  3045 I VrRuntimeClient: APP ACTIVITY CLASS = com.oculus.os.WindowTokenContext
05-23 23:13:48.967  2467  3045 I Sensor  : OSSDKTRACKING Initializing head tracking
05-23 23:13:48.967  2467  3045 D OsSdk   : TrackingServiceConnection ctor
05-23 23:13:48.967  2467  3045 I Sensor  : OSSDKTRACKING Head tracker != nullpointer 0xbcfe7e9c, 1
05-23 23:13:48.967  2467  3045 I Sensor  : OSSDKTRACKING Initializing controller tracking
05-23 23:13:48.967  2467  3045 I Sensor  : OSSDKTRACKING Controller tracker != nullpointer 0xbcfe7f80, 1
05-23 23:13:48.967  2467  3045 D BatteryReceiver: Registering battery receiver
05-23 23:13:48.969  2467  3045 D HeadsetReceiver: getCurrentHeadsetState: false
05-23 23:13:48.969  2467  3045 I DeviceStatus: nativeHeadsetEvent(0)
05-23 23:13:48.969  1060  3065 E WindowManager: App trying to use insecure INPUT_FEATURE_NO_INPUT_CHANNEL flag. Ignoring
05-23 23:13:48.970  2467  3045 I ClientInputInterface: DEADRECKONING SetControllerTrackingExtendedDeadreckoning 0
05-23 23:13:48.970  2467  3045 D InputHooksJava: Enabling Java Input Hooks
05-23 23:13:48.971  2467  3045 W InputHooksJava: Unable to enable input hooks on a non-Activity Context
05-23 23:13:48.971  2467  3045 I InputDevice_TrackedRemote: OSSDKTRACKING Initializing Haptics
05-23 23:13:48.971  2467  3045 I InputDevice_TrackedRemote: OSSDKTRACKING Haptics != nullpointer 0xbcfe7fc0, 1
05-23 23:13:48.971  2467  3045 I InputDevice_TrackedRemote: OSSDKTRACKING Initializing Haptics
05-23 23:13:48.971  2467  3045 I InputDevice_TrackedRemote: OSSDKTRACKING Haptics != nullpointer 0xbd16b040, 1
05-23 23:13:48.971  2467  3045 I InputDeviceManager: ovrInputDeviceManager::Initialize
05-23 23:13:48.971  2467  3045 I HandDataQuerier: OSSDKTRACKING Initializing HandsTracker
05-23 23:13:48.971  2467  3045 I HandDataQuerier: OSSDKTRACKING HandsTracker != nullpointer 0xd6721b80, 1
05-23 23:13:48.971  2467  3045 I HandDataQuerier: OSSDKTRACKING Initializing HandsTracker
05-23 23:13:48.971  2467  3045 I HandDataQuerier: OSSDKTRACKING HandsTracker != nullpointer 0xbd2c6540, 1
05-23 23:13:48.971  2467  3045 I InputDeviceManager: HANDTRACKING packagename is com.oculus.vrshell
05-23 23:13:48.973  1953  1953 I ClientMgr: FocusedWindowChanged: found matching overlay client: 955430324
05-23 23:13:48.973  1953  1953 I ClientMgr: FocusedClient ID changed: com.oculus.vrshell:Overlay:2467
05-23 23:13:48.973  1953  1953 I ClientMgr: ClientMgr::SetFocusedClient: 2467:com.oculus.vrshell type 1
05-23 23:13:48.973  1953  1953 I VrRuntimeService: RuntimeIPC: SendFocusChangeEventToAllClients: PostClientEvent SUCCESS: com.makepad.hello_quest:com.makepad.hello_quest:5417, com.oculus.vrshell, com.oculus.vrshell:Overlay
05-23 23:13:48.973  1953  1953 I VrRuntimeService: RuntimeIPC: SendFocusChangeEventToAllClients: PostClientEvent SUCCESS: com.oculus.mrservice:com.oculus.mrservice:1576, com.oculus.vrshell, com.oculus.vrshell:Overlay
05-23 23:13:48.973  1953  1953 I VrRuntimeService: RuntimeIPC: SendFocusChangeEventToAllClients: PostClientEvent SUCCESS: com.oculus.vrshell:com.oculus.vrshell:Overlay:2467, com.oculus.vrshell, com.oculus.vrshell:Overlay
05-23 23:13:48.973  1953  1953 I VrRuntimeService: RuntimeIPC: SendFocusChangeEventToAllClients: PostClientEvent SUCCESS: com.oculus.guardian:com.oculus.vrguardianservice:2537, com.oculus.vrshell, com.oculus.vrshell:Overlay
05-23 23:13:48.973  1953  1953 I VrRuntimeService: RuntimeIPC: SendFocusChangeEventToAllClients: PostClientEvent SUCCESS: com.oculus.vrshell:com.oculus.vrshell:EnvOverlay:2441, com.oculus.vrshell, com.oculus.vrshell:Overlay
05-23 23:13:48.973  1953  1953 I VrRuntimeService: RuntimeIPC: SendFocusChangeEventToAllClients: PostClientEvent SUCCESS: com.oculus.shellenv:com.oculus.shellenv:2381, com.oculus.vrshell, com.oculus.vrshell:Overlay
05-23 23:13:48.973  1953  1953 I VrRuntimeService: RuntimeIPC: SendFocusChangeEventToAllClients: PostClientEvent SUCCESS: com.oculus.vrshell:com.oculus.vrshell:1789, com.oculus.vrshell, com.oculus.vrshell:Overlay
05-23 23:13:48.975  2467  3045 I InputDeviceManager: HANDTRACKING: Manifest Permission request for com.oculus.vrshell
05-23 23:13:48.977  2467  3045 I InputDeviceManager: HANDTRACKING:  'com.oculus.vrshell' Is hands or controller.
05-23 23:13:48.977  2467  3045 I InputDeviceManager: HANDTRACKING: feature flag set to 2
05-23 23:13:48.977  2467  3045 I ClientInputInterface: HANDTRACKING sethandmanifest 2
05-23 23:13:48.979  2467  5491 I InputDevice_TrackedRemote: REMOTE: Hand=2 IndexAnalog=0.00 GripAnalog=0.00 Buttons=0x00000000
05-23 23:13:48.979  2467  5491 I InputDevice_TrackedRemote: REMOTE: Hand=1 IndexAnalog=0.00 GripAnalog=0.00 Buttons=0x00000000
05-23 23:13:48.979  2467  5491 I InputDeviceManager: HANDTRACKING Pose filter profile changed to: 0
05-23 23:13:48.979  2467  5491 I InputDeviceManager: HANDTRACKING Pose filter profile changed to: 0
05-23 23:13:48.981   828  3064 I TrackingService: TrackingService::getSharedMemoryFileDescriptor
05-23 23:13:48.982  2467  2467 D [OAO] BaseOverlayService: setOverlayInputFocus : completed - inputFocus=true shouldSupportIME=false actionTaken:true
05-23 23:13:48.987  2206  2284 I LibraryProvider: running queryApp(com.makepad.hello_quest) for com.oculus.uid:10031
05-23 23:13:48.987  2206  2284 W LibraryProvider: Cannot find entitlement for com.makepad.hello_quest
05-23 23:13:48.987  1879  1879 W OVRLibrary: null cursor received for query content://com.oculus.ocms.library/apps/com.makepad.hello_quest
05-23 23:13:48.988   828  3064 I chatty  : uid=1000(system) Binder:828_4 identical 3 lines
05-23 23:13:48.988   828  3064 I TrackingService: TrackingService::getSharedMemoryFileDescriptor
05-23 23:13:48.989   828  3064 I TrackingService: TrackingService::registerClient
05-23 23:13:48.989   828  3064 I TrackingService: Registering client with TrackingServiceHost (com.oculus.vrshell#2467)
05-23 23:13:48.990   828  3064 I TrackingService: TrackingServiceHost GetSharedMemoryFileDescriptor for client com.oculus.vrshell#2467
05-23 23:13:48.990   828  3064 I TrackingService: TrackingServiceHost registered common client; there are 0 secure clients
05-23 23:13:48.990   828  3064 I chatty  : uid=1000(system) Binder:828_4 identical 4 lines
05-23 23:13:48.990   828  3064 I TrackingService: TrackingServiceHost registered common client; there are 0 secure clients
05-23 23:13:48.990  2467  3045 D OsSdk   : TrackingServiceConnection registered
05-23 23:13:48.990  2467  3045 I Distortion: Initializing Mesh Decenter Correction
05-23 23:13:48.992  2467  3045 I Distortion: EYE_DECENTER ipdMin 58.1563 left H: -8.7872 v: 3.349  right  H: -10.2831 v: 3.1967
05-23 23:13:48.992  2467  3045 I Distortion: EYE_DECENTER ipdMid 63.1032 left H: -2.8447 v: 0.1006  right  H: -5.5135 v: 4.3348
05-23 23:13:48.992  2467  3045 I Distortion: EYE_DECENTER ipdMax 67.9762 left H: -0.4677 v: 0.1006  right  H: -6.7059 v: 4.3348
05-23 23:13:48.992  2467  3045 I Distortion: EYE_DECENTER PIXELS(4) left H: 2.8447 V: -0.1006  right H: 5.5135 V: -4.3348
05-23 23:13:48.992  2467  3045 I Distortion: EYE_DECENTER iad: 0.0631828, left H: 0.000137283 V: -3.30471e-06  right H: 0.000137283 V: -0.000142398
05-23 23:13:48.992  2467  3045 I Distortion: SetLensPositions - iad=0.0631828, left offset=2.82601e-05,-0.0012516, right offset=0.000246309,-0.0013907
05-23 23:13:48.992  2206  2284 I LibraryProvider: running queryApp(com.makepad.hello_quest) for com.oculus.uid:10031
05-23 23:13:48.992  2206  2284 W LibraryProvider: Cannot find entitlement for com.makepad.hello_quest
05-23 23:13:48.992  2467  3045 I Distortion: Initializing Mesh Decenter Correction
05-23 23:13:48.992  1879  1879 W OVRLibrary: null cursor received for query content://com.oculus.ocms.library/apps/com.makepad.hello_quest
05-23 23:13:48.993  5417  5417 I chatty  : uid=10192(com.makepad.hello_quest) expire 2 lines
05-23 23:13:48.997  2467  3045 I Distortion: EYE_DECENTER ipdMin 58.1563 left H: -8.7872 v: 3.349  right  H: -10.2831 v: 3.1967
05-23 23:13:48.997  2467  3045 I Distortion: EYE_DECENTER ipdMid 63.1032 left H: -2.8447 v: 0.1006  right  H: -5.5135 v: 4.3348
05-23 23:13:48.997  2467  3045 I Distortion: EYE_DECENTER ipdMax 67.9762 left H: -0.4677 v: 0.1006  right  H: -6.7059 v: 4.3348
05-23 23:13:48.997  2467  3045 I Distortion: EYE_DECENTER PIXELS(4) left H: 2.8447 V: -0.1006  right H: 5.5135 V: -4.3348
05-23 23:13:48.997  2467  3045 I Distortion: EYE_DECENTER iad: 0.0631828, left H: 0.000137283 V: -3.30471e-06  right H: 0.000137283 V: -0.000142398
05-23 23:13:48.997  2467  3045 I Distortion: SetLensPositions - iad=0.0631828, left offset=2.82601e-05,-0.0012516, right offset=0.000246309,-0.0013907
05-23 23:13:48.998  2467  3045 I Distortion: Created custom distortion mesh.
05-23 23:13:48.998  2467  3045 I Distortion: ovrDistortionMeshHeader::magic = 0x56347807
05-23 23:13:48.998  2467  3045 I Distortion: ovrDistortionMeshHeader::deviceModel = 0x200
05-23 23:13:48.998  2467  3045 I Distortion: ovrDistortionMeshHeader::headsetModel = 0x104
05-23 23:13:48.998  2467  3045 I Distortion: ovrDistortionMeshHeader::eyeBlocksWide = 32
05-23 23:13:48.998  2467  3045 I Distortion: ovrDistortionMeshHeader::eyeBlocksHigh = 32
05-23 23:13:48.998  2467  3045 I Distortion: ovrDistortionMeshHeader::lensSeparationMeters = 0.063183
05-23 23:13:48.999  2467  3045 I Distortion: ovrDistortionMeshHeader::horizontalOffsetMeters = 0.000137
05-23 23:13:49.003  2467  3045 I Distortion: ovrDistortionMeshHeader::displayWidthMeters = 0.120362
05-23 23:13:49.003  2467  3045 I Distortion: ovrDistortionMeshHeader::displayHeightMeters = 0.063072
05-23 23:13:49.003  2467  3045 I Distortion: ovrDistortionMeshHeader::displayWidthPixels = 3664
05-23 23:13:49.003  2467  3045 I Distortion: ovrDistortionMeshHeader::displayHeightPixels = 1920
05-23 23:13:49.003  2467  3045 I Distortion: ovrDistortionMeshHeader::eyeTextureWidthPixels = 1440
05-23 23:13:49.004  2467  3045 I Distortion: ovrDistortionMeshHeader::eyeTextureHeightPixels = 1584
05-23 23:13:49.004  2467  3045 I Distortion: ovrDistortionMeshHeader::leftEye = up 48.000000 / down 50.000000 / left 49.000000 / right 45.000000
05-23 23:13:49.004  2467  3045 I Distortion: ovrDistortionMeshHeader::rightEye = up 48.000000 / down 50.000000 / left 45.000000 / right 49.000000
05-23 23:13:49.004  2467  3045 I VrApi   : ovrModeParms::VRAPI_MODE_FLAG_RESET_WINDOW_FULLSCREEN = 1
05-23 23:13:49.004  2467  3045 I VrApi   : ovrModeParms::VRAPI_MODE_FLAG_NATIVE_WINDOW = 1
05-23 23:13:49.004  2467  3045 I VrApi   : ovrModeParms::VRAPI_MODE_FLAG_FRONT_BUFFER_SRGB = 1
05-23 23:13:49.004  2467  3045 I VrApi   : ovrModeParms::VRAPI_MODE_FLAG_CREATE_CONTEXT_NO_ERROR = 0
05-23 23:13:49.004  2467  3045 I VrApi   : ovrModeParms::VRAPI_MODE_FLAG_PHASE_SYNC = 1
05-23 23:13:49.004  2467  3045 I VrApi   : ovrModeParms::VRAPI_MODE_FLAG_APP_SPACE_WARP = 0
05-23 23:13:49.004  2467  3045 I VrRuntimeClient: SetPhaseSyncMode 1
05-23 23:13:49.004  2467  3045 I VrApi   : PhaseSync enabled
05-23 23:13:49.004  2467  3045 I VrApi   : HMD sensor attached.
05-23 23:13:49.004  2467  3045 I PhaseSync: PhaseSync::PhaseSync PaddingLowerLimit 0.350000 StandardDeviations 2.000000 PaddingUpperLimit 0.750000 on instance 6
05-23 23:13:49.004  2467  3045 I VrRuntimeClient: PhaseSync Instance created
05-23 23:13:49.004  2467  3045 D VrRuntimeClient: VrRuntimeClient: getClientWindow: windowtoken client
05-23 23:13:49.007  1953  2979 I VrRuntimeService: RuntimeServiceSDKServer::EnableRendering: 0x783bd34740, 2, com.oculus.vrshell:Overlay
05-23 23:13:49.008  1953  2979 I ClientMgr: EnableRendering2: Calling SetFocusedClient: 955430324
05-23 23:13:49.008  1953  2979 I ClientMgr: ClientMgr::SetFocusedClient: 2467:com.oculus.vrshell type 1
05-23 23:13:49.008  1953  2979 I ClientMgr: ClientMgr::EnableRendering 2467:com.oculus.vrshell : type 1 comp-id 5: enable
05-23 23:13:49.008  1953  2979 I TimeWarpClientMgr: Enable client 5
05-23 23:13:49.008  1953  2979 I VrRuntimeServer: EnableCompositorClient client(5): layer placement(2147483647) flags(0) sm(0x78d0ed2010)
05-23 23:13:49.008  1953  2979 I TimeWarp: CheckDebuggerConnected: debugger 0
05-23 23:13:49.008  1953  2979 I VrRuntimeServer: SysProp debug mode is disabled on Server side
05-23 23:13:49.009  2467  2467 D KeyboardInputMethodService: onFinishInput
05-23 23:13:49.011  1542  1542 D OculusNotificationListenerService: Notification posted: 0|android|0|com.android.server.wm.AlertWindowNotification - com.oculus.vrshell|1000
05-23 23:13:49.019  1953  2979 I UnifiedTelemetryWrapper: Started UT session render:com.oculus.vrshell:Overlay
05-23 23:13:49.019  2467  2467 I [OAO] VrNotificationListenerService: onNotificationPosted(): key = 0|android|0|com.android.server.wm.AlertWindowNotification - com.oculus.vrshell|1000, type = third_party
05-23 23:13:49.019  2467  2467 I [OAO] VrNotificationListenerService: onNotificationPosted(): user|package|tag|id = UserHandle{0}|android|com.android.server.wm.AlertWindowNotification - com.oculus.vrshell|0
05-23 23:13:49.019  1953  2979 I VrRuntimeService: GetSpecialSwapChain: 955430324
05-23 23:13:49.019  2467  3045 I VrApi   : Creating Default swapchain
05-23 23:13:49.019  1953  2979 I VrRuntimeService: GetSpecialSwapChain: 955430324
05-23 23:13:49.019  2467  3045 I VrApi   : Creating Loading Icon swapchain
05-23 23:13:49.020  2467  3045 I VrApi   : OVR::Stats thread started
05-23 23:13:49.020  2467  3045 I XrRuntimeSystem_Client: BeginSession
05-23 23:13:49.021  2467  3045 I VrApi   : ---------- vrapi_EnterVrMode [end] ----------
05-23 23:13:49.022  2467  2467 D VrNotificationAnalytics: logNotificationPosted(third_party)
05-23 23:13:49.022  2467  3045 I [OAO] VrPlatformVrApi: MrService is enabled, going to init the session.
05-23 23:13:49.022  2467  3045 I ipcLoader: RuntimeIPC: Loader: IPC Service API Loader Version: 22 Mar 19 2021 15:12:11
05-23 23:13:49.022  2467  3045 I ipcLoader: RuntimeIPC: Loader: Re-using vtable
05-23 23:13:49.022  2467  3045 I RuntimeIPCApi: ipc_Initialize
05-23 23:13:49.022  2467  3045 V RuntimeIPCServiceClient: compareContext FAILED: com.oculus.vrshell.ShellApplication, com.oculus.vrshell.ShellOverlayService
05-23 23:13:49.023  2467  3045 D RuntimeIPCServiceClient: ensureServiceStarted: com.oculus.mrservice, com.oculus.mrservice.MrService
05-23 23:13:49.024  2467  2467 D [OAO] VrBroadcastReceiver: action: com.oculus.vrshell.intent.action.NOTIFICATION_WAKE
05-23 23:13:49.025  2467  5492 D VrApi   : targetSDKVersion 29
05-23 23:13:49.025  2467  5492 I JniUtils: ovr_GetCurrentPackageSignature 
05-23 23:13:49.026  2467  5492 I Metrics : device name = Oculus Quest 2
05-23 23:13:49.027  1576  1576 I MrService: onStartCommand
05-23 23:13:49.028  2467  3045 D RuntimeIPCServiceClient: ensureServiceStarted SUCCESS: com.oculus.mrservice, com.oculus.mrservice.MrService
05-23 23:13:49.028  2467  3045 D RuntimeIPCClientMgr: SyncClientWithService: Client: com.oculus.vrshell:com.oculus.vrshell:Overlay:2467, Server: com.oculus.mrservice:com.oculus.mrservice (MrServiceIPCServer)
05-23 23:13:49.028  1576  4028 I SharedMemoryServer: SharedMemoryServer::MapMemory: Allocated shared memory fd 70 (rpcBuffer)
05-23 23:13:49.029  1576  4028 I SharedMemoryServer: SharedMemoryServer::MapMemory: Allocated shared memory fd 72 (ipcReadOnlyState)
05-23 23:13:49.029  1576  4028 I JniUtils: Creating temporary JNIEnv. This is a heavy operation and should be infrequent. To optimize, use JNI AttachCurrentThread on calling thread
05-23 23:13:49.029  2467  2467 D [OAO] VrNotificationService: VrNotificationService onStartCommand() Intent { cmp=com.oculus.vrshell/.VrNotificationService }
05-23 23:13:49.030  2656  2656 W com.oculus.processhelper.ProcessHelper: Current process name is: com.oculus.socialplatform
05-23 23:13:49.030  1879  1879 E OVRMediaServiceManager: LivestreamingManager Not initialized
05-23 23:13:49.030  1576  4028 I JniUtils: Creating temporary JNIEnv. This is a heavy operation and should be infrequent. To optimize, use JNI AttachCurrentThread on calling thread
05-23 23:13:49.031  1576  4028 I chatty  : uid=10067(com.oculus.mrservice) mrsvc::main identical 1 line
05-23 23:13:49.031  1576  4028 I JniUtils: Creating temporary JNIEnv. This is a heavy operation and should be infrequent. To optimize, use JNI AttachCurrentThread on calling thread
05-23 23:13:49.032  1576  4028 I ServerProcessConnector: HandleClientConnect: Client: com.oculus.vrshell:com.oculus.vrshell:Overlay:2467, Server: com.oculus.mrservice:com.oculus.mrservice:1576 (MrServiceIPCServer)
05-23 23:13:49.033  2656  2656 E PartyStateManager: onAppStart nativeGetSystemVoipData didn't contain state
05-23 23:13:49.033  2656  2656 W VRLifecycleManager: onHeadsetMounted
05-23 23:13:49.035  3373  3373 D [SUI] NotificationBroadcastReceiver: action: com.oculus.intent.action.NOTIF_CHANGE
05-23 23:13:49.035  3373  3373 I NotificationManagerSourceHandler: Dataset has changed
05-23 23:13:49.038  2467  3045 W RuntimeIPCClientMgr: InitRPCToServer: RPC_CONNECTOR_CONNECT_TO_SERVER SUCCESS (new path): Client: com.oculus.vrshell:com.oculus.vrshell:Overlay:2467, Server: com.oculus.mrservice:com.oculus.mrservice (MrServiceIPCServer)
05-23 23:13:49.038  2467  3045 I RuntimeIPCClientMgr: ConnectToServer: SUCCESS: Client: com.oculus.vrshell:com.oculus.vrshell:Overlay:2467, Server: com.oculus.mrservice:com.oculus.mrservice (MrServiceIPCServer)
05-23 23:13:49.038  2467  3045 I [OAO] MrServiceClientVrApi: MrSessionCreate OK
05-23 23:13:49.121  1576  2937 D RuntimeIPCServerMgr: RegisterClient: Client: com.oculus.vrshell:com.oculus.vrshell:Overlay:2467, Server: com.oculus.mrservice:com.oculus.mrservice (MrServiceIPCServer)
05-23 23:13:49.122  1576  5495 I [CT]    : MIXEDREALITY: MrServiceIPCServer: MrServiceIPCServer::onClientConnected
05-23 23:13:49.122  1576  5495 I [CT]    : MIXEDREALITY: MrServiceController: clientConnected: 955430324/com.oculus.vrshell/com.oculus.vrshell:Overlay
05-23 23:13:49.122  1576  5495 I [CT]    : MIXEDREALITY: ClientsStatus: ====== Connected clients ======
05-23 23:13:49.122  1576  5495 I [CT]    : MIXEDREALITY: ClientsStatus: Client: 3298027205/com.oculus.guardian/com.oculus.vrguardianservice
05-23 23:13:49.122  1576  5495 I [CT]    : MIXEDREALITY: ClientsStatus:    [Passthrough] -> Created
05-23 23:13:49.122  1576  5495 I [CT]    : MIXEDREALITY: ClientsStatus:    [Freespace] -> Created
05-23 23:13:49.122  1576  5495 I [CT]    : MIXEDREALITY: ClientsStatus: ===============================
05-23 23:13:49.122  1576  5495 I [CT]    : MIXEDREALITY: ClientsStatus: Registration from 955430324/com.oculus.vrshell/com.oculus.vrshell:Overlay accepted.
05-23 23:13:49.122  1576  5495 I [CT]    : MIXEDREALITY: MrClientModelStates: registerClient: For client 955430324 (com.oculus.vrshell:com.oculus.vrshell:Overlay).
05-23 23:13:49.122  1576  5495 I [CT]    : MIXEDREALITY: MrClientModelStates: ==== Known clients ====
05-23 23:13:49.122  1576  5495 I [CT]    : MIXEDREALITY: MrClientModelStates:   ID: 3298027205 layers: 1 meshes: 0 geometries: 0 shaders: 0
05-23 23:13:49.122  1576  5495 I [CT]    : MIXEDREALITY: MrClientModelStates: ==== Known clients ====
05-23 23:13:49.122  1576  5495 I [CT]    : MIXEDREALITY: MrClientModelStates:   ID: 955430324 layers: 0 meshes: 0 geometries: 0 shaders: 0
05-23 23:13:49.122  1576  5495 I [CT]    : MIXEDREALITY: MrClientModelStates:   ID: 3298027205 layers: 1 meshes: 0 geometries: 0 shaders: 0
05-23 23:13:49.123  1576  5495 I [CT]    : MIXEDREALITY: MrFeatureStatus: Client status changed from Destroyed to Created.
05-23 23:13:49.123  2467  3045 I [OAO] MrServiceClientVrApi: MrSessionCreatePassthrough OK
05-23 23:13:49.123  2467  3045 I [OAO] VrPlatformVrApi: Setting perf thread tids to main=3045, render=unset
05-23 23:13:49.123  2467  3045 I [OAO] VrPlatformVrApi: Setting clock levels to cpu=2, gpu=4
05-23 23:13:49.123  2467  3045 I ClientInputSettings: SetInhibitHandleHomeKey = true for com.oculus.vrshell
05-23 23:13:49.123  2467  3045 I ClientInputInterface: SetInhibitHandleHomeKey 1
05-23 23:13:49.123  2467  3045 I [OAO] Compositor: Initializing Compositor: 1024x1024
05-23 23:13:49.123  2467  3045 I [OAO] AudioMixer: Enabling AudioPlayer.
05-23 23:13:49.123  2467  3045 I [OAO] AudioEngine: virtual void AudioLibrary::AudioEngine::EnablePlayer()
05-23 23:13:49.124  2467  3045 D         : PlayerBase::PlayerBase()
05-23 23:13:49.124  2467  3045 D         : TrackPlayerBase::TrackPlayerBase()
05-23 23:13:49.125  2467  3045 I libOpenSLES: Emulating old channel mask behavior (ignoring positional mask 0x3, using default mask 0x3 based on channel count of 2)
05-23 23:13:49.129   714   939 I audio_hw_primary: getting vr mode to 0
05-23 23:13:49.130   734  1286 I hash_map_utils: key: 'vr_audio_mode_on' value: ''
05-23 23:13:49.130   734  1286 I AudioPolicyManagerCustom: VR mode is 0, switch to primary output if request is for fast|raw
05-23 23:13:49.131   734  1286 W AudioFlinger: createTrack_l(): mismatch between requested flags (00000104) and output flags (00000006)
05-23 23:13:49.131   734  1286 D AudioFlinger: Client defaulted notificationFrames to 192 for frameCount 384
05-23 23:13:49.131   734  1286 D AF::TrackHandle: OpPlayAudio: track:76 uid:10020 pkg:com.oculus.vrshell usage:1 not muted
05-23 23:13:49.133  2467  3045 I AudioTrack: createTrack_l(31): AUDIO_OUTPUT_FLAG_FAST successful; frameCount 0 -> 384
05-23 23:13:49.135  1239  1239 V AvrcpMediaPlayerList: onPlaybackConfigChanged(): Configs list size=4
05-23 23:13:49.143  2467  5496 D         : PlayerBase::stop() from IPlayer
05-23 23:13:49.143  2467  5496 D AudioTrack: stop(32): called with 0 frames delivered
05-23 23:13:49.144  2467  3045 I [OAO] TaskBarSpacePanelController: EnterVrMode(offsetPitch 0.000000 radians, offsetYaw 0.000000 radians)
05-23 23:13:49.144  2467  3045 I [OAO] LocalSpace: EnterVrMode: Setting local pose state.
05-23 23:13:49.144  2467  3045 I [OAO] InputManager: Adding controller deviceId = 536870914
05-23 23:13:49.146  1239  1239 V AvrcpMediaPlayerList: onPlaybackConfigChanged(): Configs list size=4
05-23 23:13:49.146  1239  1239 V AvrcpMediaPlayerList: onPlaybackConfigChanged(): Configs list size=4
05-23 23:13:49.147  2467  3045 I [OAO] InputManager: Adding controller deviceId = 536870915
05-23 23:13:49.149  2467  3045 I [OAO] InputManager: Switching Primary controller due to vrapi
05-23 23:13:49.150  2467  3045 I [OAO] InputManager: Secondary input source selection id=536870914
05-23 23:13:49.150  2467  3045 I [OAO] RouteInput: New inputState.cursorTraceSource: 1
05-23 23:13:49.150  2467  3045 I [OAO] SystemTabletController: Processing pending Pause tablet.
05-23 23:13:49.150  2467  3045 I [OAO] SystemTabletController: Processing AUI deep link uri /pause.
05-23 23:13:49.151  3373  3373 D [SUI] AnytimeUIAndroidPanelApp: Received deeplink; uri: /pause.
05-23 23:13:49.151   714   939 D msm8974_platform: platform_split_snd_device: snd_device(2) num devices(1) new_snd_devices(0)
05-23 23:13:49.151  3373  3373 W [SUI] TooltipController: Unable to set the tooltip text: the given tooltip id "anytime_bar_running_app_button" has no corresponding tooltip state.
05-23 23:13:49.151  3373  3373 D [SUI] MemoryManager: Executing clearViewCache - maxAgeSecs: 0
05-23 23:13:49.152  3373  3373 I [SUI] AnytimeUIAndroidPanelApp: handleGenericMessage activeComponent com.oculus.systemux/com.oculus.panelapp.anytimeui.AnytimeUIAndroidPanelService com.makepad.hello_quest
05-23 23:13:49.152  3373  3373 I [SUI] AnytimeUIAndroidPanelApp: handleActiveComponent - com.oculus.systemux/com.oculus.panelapp.anytimeui.AnytimeUIAndroidPanelService, returnComponent = com.makepad.hello_quest
05-23 23:13:49.152  2467  3045 I VrApi   : Received ovrRuntime event 2
05-23 23:13:49.152  2467  3045 I VrApi   : Received ovrRuntime event 4
05-23 23:13:49.153  2467  5497 I FenceChecker: FenceChecker::MainLoop - started
05-23 23:13:49.168  2206  2284 I LibraryProvider: running queryApp(com.makepad.hello_quest) for com.oculus.systemux
05-23 23:13:49.168  2206  2284 W LibraryProvider: Cannot find entitlement for com.makepad.hello_quest
05-23 23:13:49.168  3373  3373 W OVRLibrary: null cursor received for query content://com.oculus.ocms.library/apps/com.makepad.hello_quest
05-23 23:13:49.182  2206  2284 I LibraryProvider: running queryApp(com.makepad.hello_quest) for com.oculus.systemux
05-23 23:13:49.182  2206  2284 W LibraryProvider: Cannot find entitlement for com.makepad.hello_quest
05-23 23:13:49.183  3373  3373 W OVRLibrary: null cursor received for query content://com.oculus.ocms.library/apps/com.makepad.hello_quest
05-23 23:13:49.185  3373  3373 D [SUI] SharingViewModel: clearAbuseReportRecordingTimer
05-23 23:13:49.185  3373  3373 W [SUI] TooltipController: Unable to enable/disable the tooltip: the given tooltip id "anytime_tablet_destination_ui_tooltip_screenshot_button" has no corresponding tooltip state.
05-23 23:13:49.185  3373  3373 D [SUI] SharingViewModel: clearAbuseReportRecordingTimer
05-23 23:13:49.186  3373  3373 D [SUI] SocialViewModel: refresPartyData()
05-23 23:13:49.193  2206  2284 I LibraryProvider: running queryApp(com.makepad.hello_quest) for com.oculus.uid:10031
05-23 23:13:49.193  2206  2284 W LibraryProvider: Cannot find entitlement for com.makepad.hello_quest
05-23 23:13:49.193  1879  1879 W OVRLibrary: null cursor received for query content://com.oculus.ocms.library/apps/com.makepad.hello_quest
05-23 23:13:49.194  3373  3392 W [SUI] TooltipController: Unable to enable/disable the tooltip: the given tooltip id "anytime_tablet_destination_ui_tooltip_screenshot_button" has no corresponding tooltip state.
05-23 23:13:49.252  2656  2656 W PartyNativeModuleManager: Calling nativeTearDown but native code wasn't initialized. Noop.
05-23 23:13:49.254  2656  2656 W PartyNativeModuleManager: Calling nativeTearDown but native code wasn't initialized. Noop.
05-23 23:13:49.354   726  4338 W vendor.oculus.hardware.sensors@1.0-service: Unknown packet type (20) received
05-23 23:13:49.441   823  3135 I [CT]    : Bolt:CVPUtilization: CVP DFS utilization: 3
05-23 23:13:49.441   823  3135 I [CT]    : Bolt:CVPUtilization: CVP runtime 1490us, frametime 6000245us
05-23 23:13:49.458  3373  3373 D [SUI] SocialViewModel: Fetched party: null 
05-23 23:13:49.458  3373  3373 D [SUI] SocialViewModel: setParty() - no change
05-23 23:13:49.493   828  4997 I [CT]    : VIPER:MAP_MANAGER: State: TrackingPersistent, UUID=5a8a3299-1ab3-19e1-ecfa-6b09d514023f, Num. Persistent maps = 2,  Persistent maps:5a8a3299-1ab3-19e1-ecfa-6b09d514023f,442c7654-055e-1ccf-76da-5013650de42a,, Ser. Disabled = 00000000-0000-0000-0000-000000000000
05-23 23:13:49.838   828  4343 I [CT]    : CONSTELLATION:IMU_STATUS: c576150ea24ed021 (L): [FusionTracked=1.000, OutputTracked=1.000, OutputValid=1.000] [AccelSat=0.000, GyroSat=0.000] 
05-23 23:13:50.074  2467  3045 I [OAO] InputManager: Switching Primary controller due to vrapi
05-23 23:13:50.074  2467  3045 I [OAO] InputManager: Secondary input source selection id=536870915
05-23 23:13:50.078  2537  3224 I VrGuardianService: GuardianSDKServer::SetGuardianCanPaint
05-23 23:13:50.078  2537  3224 I VrGuardianService: GuardianSDKServer::GuardianCmdWithParms: 11
05-23 23:13:50.078  2537  3224 I GuardianSystem: Guardian: GuardianCmdWithParms 11, 1.000000, 0.000000
05-23 23:13:50.092   828  3064 I TrackingService: getTrackingSocketFileDescriptor
05-23 23:13:50.092   828  3064 D TrackingService: haptic socket already exists
05-23 23:13:50.112  2467  5492 I Telemetry: App memory usage: PSS=82MB DalvikPSS=1 MB
05-23 23:13:50.298  3373  3373 I [SUI] AnytimeUIAndroidPanelApp: actionPauseStateResult - resume
05-23 23:13:50.298  3373  3373 D [SUI] AnytimeUIPanelAppBase: ClickEventButtonId: AUI_DESTINATION_UI_RESUME
05-23 23:13:50.299  2537  3224 I VrGuardianService: GuardianSDKServer::GuardianCmdWithParms: 11
05-23 23:13:50.299  2537  3224 I GuardianSystem: Guardian: GuardianCmdWithParms 11, 0.000000, 0.000000
05-23 23:13:50.326  2467  3045 I [OAO] SysUXCommandHandler: SystemUX Pause State Result resume
05-23 23:13:50.326  2467  3045 I [OAO] OverlaySystemUXController: Pause Result:  resume
05-23 23:13:50.326  2467  3045 I [OAO] OverlaySystemUXController: resume
05-23 23:13:50.326  2467  3045 I [OAO] OverlaySystemUXController: OnResumePausedApp (com.makepad.hello_quest)
05-23 23:13:50.326  2467  3045 I [OAO] OverlayFlowController: RequestResumePrimaryClient
05-23 23:13:50.328  2467  3045 I [OAO] OverlayFlowController: ResumePrimaryClient
05-23 23:13:50.328  2467  3045 I [OAO] OverlayFlowController: Reset resetReason : Dismissed
05-23 23:13:50.328  2467  3045 I [OAO] OverlayPauseFlow: Deactivated
05-23 23:13:50.328  2467  3045 I [OAO] OverlaySystemUXTransitionFlow: KeepAliveForDuration countdown start
05-23 23:13:50.328  2467  3045 I [OAO] DialogController: CloseDialogs() old: systemux://dialog/none, pendingUri: systemux://dialog/none, pendingComponent: 
05-23 23:13:50.328  2467  3045 I [OAO] SystemTabletController: Reset, reason: 1, taskBarVisibility: 0
05-23 23:13:50.329  2467  3045 I [OAO] SystemDialogController: Reset
05-23 23:13:50.329  2467  3045 I [OAO] DialogControllerManager: Reset
05-23 23:13:50.329  2467  3045 I [OAO] OverlayFlowController: Reset - Resetting lastNonSystemPackageName to empty
05-23 23:13:50.329  2467  3045 I [OAO] FlowController: UpdateActiveFlow from (none) to OverlaySystemUXTransitionFlow
05-23 23:13:50.329  2467  3045 I [OAO] OverlaySystemUXTransitionFlow: Activated
05-23 23:13:50.329  2467  3045 I [OAO] ShellOverlayApp: ResolveInteractionState: change from InputFocus to None
05-23 23:13:50.329  2467  3045 I [OAO] ShellOverlayApp: LeaveVrMode: Interaction state from InputFocus to None
05-23 23:13:50.329  2467  3045 I [OAO] ShellOverlayApp: EmptyFrame: Pushing an empty frame
05-23 23:13:50.329  2467  3045 W VrApi   : vrapi_SubmitFrame2: Prior call to vrapi_BeginFrame not found.  Dropping frame.
05-23 23:13:50.329  2467  3045 D [OAO] ShellApplication: setOverlayInputFocus: inputFocus=false shouldSupportIME=false
05-23 23:13:50.329  2467  3045 D [OAO] BaseOverlayService: setOverlayInputFocus : entrypoint - inputFocus=false shouldSupportIME=false
05-23 23:13:50.329  2467  3045 I VrApi   : ---------- vrapi_LeaveVrMode [start] ----------
05-23 23:13:50.329  2467  2467 D [OAO] BaseOverlayService: detachServiceWindowView
05-23 23:13:50.332  2467  3045 D VrApi   : targetSDKVersion 29
05-23 23:13:50.338  1953  1953 I ClientMgr: FocusedWindowChanged: top window's client already enabled
05-23 23:13:50.338  1953  1953 I ClientMgr: FocusedClient ID changed: com.makepad.hello_quest:5417
05-23 23:13:50.338  1953  1953 I ClientMgr: ClientMgr::SetFocusedClient: 5417:com.makepad.hello_quest type 0
05-23 23:13:50.338  1953  1953 I VrRuntimeService: RuntimeIPC: SendFocusChangeEventToAllClients: PostClientEvent SUCCESS: com.makepad.hello_quest:com.makepad.hello_quest:5417, com.makepad.hello_quest, com.makepad.hello_quest
05-23 23:13:50.339  1953  1953 I VrRuntimeService: RuntimeIPC: SendFocusChangeEventToAllClients: PostClientEvent SUCCESS: com.oculus.mrservice:com.oculus.mrservice:1576, com.makepad.hello_quest, com.makepad.hello_quest
05-23 23:13:50.339  1953  1953 I VrRuntimeService: RuntimeIPC: SendFocusChangeEventToAllClients: PostClientEvent SUCCESS: com.oculus.vrshell:com.oculus.vrshell:Overlay:2467, com.makepad.hello_quest, com.makepad.hello_quest
05-23 23:13:50.339  1953  1953 I VrRuntimeService: RuntimeIPC: SendFocusChangeEventToAllClients: PostClientEvent SUCCESS: com.oculus.guardian:com.oculus.vrguardianservice:2537, com.makepad.hello_quest, com.makepad.hello_quest
05-23 23:13:50.339  1953  1953 I VrRuntimeService: RuntimeIPC: SendFocusChangeEventToAllClients: PostClientEvent SUCCESS: com.oculus.vrshell:com.oculus.vrshell:EnvOverlay:2441, com.makepad.hello_quest, com.makepad.hello_quest
05-23 23:13:50.339  1953  1953 I VrRuntimeService: RuntimeIPC: SendFocusChangeEventToAllClients: PostClientEvent SUCCESS: com.oculus.shellenv:com.oculus.shellenv:2381, com.makepad.hello_quest, com.makepad.hello_quest
05-23 23:13:50.339  1953  1953 I VrRuntimeService: RuntimeIPC: SendFocusChangeEventToAllClients: PostClientEvent SUCCESS: com.oculus.vrshell:com.oculus.vrshell:1789, com.makepad.hello_quest, com.makepad.hello_quest
05-23 23:13:50.343  2467  3045 I VrRuntimeClient: DEVICE MODEL NUMBER = Quest 2
05-23 23:13:50.343  2467  3045 I VrRuntimeClient: DEVICE HARDWARE = hollywood
05-23 23:13:50.343  2467  3045 I VrRuntimeClient: DEVICE BUILD NAME = user-16476800118700000
05-23 23:13:50.343  2467  3045 I VrRuntimeClient: DEVICE BUILD TYPE = user
05-23 23:13:50.343  2467  3045 I VrRuntimeClient: DEVICE OS VERSION = 10
05-23 23:13:50.343  2467  3045 I VrRuntimeClient: API LOADER VERSION = 1.41.0
05-23 23:13:50.343  2467  3045 I VrRuntimeClient: RUNTIME API VERSION = 1.46.0
05-23 23:13:50.343  2467  3045 I VrRuntimeClient: RUNTIME VERSION = 29.0.0.65.370 May  8 2021 20:13:10 RELEASE
05-23 23:13:50.343  2467  3045 I VrRuntimeClient: APP NAME = Oculus App Runtime
05-23 23:13:50.343  2467  3045 I VrRuntimeClient: APP VERSION = 29.0.0.65.370 versionCode 289987433 internalVersionName 29.0.0.65.370.384025c4a70b 2021_05_08_20_13
05-23 23:13:50.343  2467  3045 I VrRuntimeClient: APP VR TYPE = vr_only
05-23 23:13:50.343  2467  3045 I VrRuntimeClient: APP MODE TYPE = VR
05-23 23:13:50.343  2467  3045 I VrRuntimeClient: APP PACKAGE NAME = com.oculus.vrshell
05-23 23:13:50.343  2467  3045 I VrRuntimeClient: APP ACTIVITY CLASS = com.oculus.os.WindowTokenContext
05-23 23:13:50.343  2467  2467 D [OAO] BaseOverlayService: setOverlayInputFocus : completed - inputFocus=false shouldSupportIME=false actionTaken:true
05-23 23:13:50.344  1542  1542 D OculusNotificationListenerService: Notification removed: 0|android|0|com.android.server.wm.AlertWindowNotification - com.oculus.vrshell|1000
05-23 23:13:50.344  2467  3045 D BatteryReceiver: Unregistering battery receiver
05-23 23:13:50.345  2467  2467 D KeyboardInputMethodService: onFinishInput
05-23 23:13:50.345  2467  2467 I [OAO] VrNotificationListenerService: onNotificationRemoved(): key = 0|android|0|com.android.server.wm.AlertWindowNotification - com.oculus.vrshell|1000, type = third_party
05-23 23:13:50.345  2467  2467 I [OAO] VrNotificationListenerService: onNotificationRemoved(): user|package|tag|id = UserHandle{0}|android|com.android.server.wm.AlertWindowNotification - com.oculus.vrshell|0
05-23 23:13:50.348  3373  3373 D [SUI] NotificationBroadcastReceiver: action: com.oculus.intent.action.NOTIF_CHANGE
05-23 23:13:50.348  3373  3373 I NotificationManagerSourceHandler: Dataset has changed
05-23 23:13:50.350  2467  2467 D VrNotificationAnalytics: logNotificationRemoved(third_party)
05-23 23:13:50.351  2467  3045 I Sensor  : OSSDKTRACKING Shutdown tracking
05-23 23:13:50.354  5417  5472 I chatty  : uid=10192(com.makepad.hello_quest) OVRInput expire 2 lines
05-23 23:13:50.358  2467  2467 D DeviceHelper: isScreenOn = true
05-23 23:13:50.358  2467  2467 D [OAO] ShellOverlayBroadcastReceiver: onReceive with ShellOverlayService native pointer 3982600024, action com.oculus.vrshell.intent.action.DISMISS_NOTIFICATION
05-23 23:13:50.359  2467  2467 D [OAO] RssdkHelper: getCurrentPackageInfo
05-23 23:13:50.359  2467  2467 I [OAO] RssdkHelperJNI: Java_com_oculus_common_navigation_RssdkHelper_nativeGetCurrentPackageInfo
05-23 23:13:50.359  2467  2467 I [OAO] RssdkHelperJNI: NativeGetCurrentPackageInfo - str combined: 'com.makepad.hello_quest true'
05-23 23:13:50.359  2467  2467 D [OAO] PrimaryPackage: Shell backgrounded or not running.
05-23 23:13:50.360  2467  3045 I VrApi   : OVR::Stats thread stopped
05-23 23:13:50.360  2467  3045 I InputDeviceManager: ovrInputDeviceManager::~ovrInputDeviceManager
05-23 23:13:50.360  2467  3045 I HandDataQuerier: OSSDKTRACKING shutting down HandsTracker
05-23 23:13:50.360  2467  3045 I HandDataQuerier: OSSDKTRACKING shutting down HandsTracker
05-23 23:13:50.360  2467  3045 I InputDevice_TrackedRemote: OSSDKTRACKING shutting down Haptics
05-23 23:13:50.360  2467  2467 I [OAO] ShellOverlayServiceJNI: NativeWake
05-23 23:13:50.360  2467  3045 I InputDevice_TrackedRemote: OSSDKTRACKING shutting down Haptics
05-23 23:13:50.360  2467  2467 I [OAO] ShellOverlayMain: WakeVrThread
05-23 23:13:50.360  2467  3045 D OsSdk   : TrackingServiceConnection dtor
05-23 23:13:50.360  2467  2467 I [OAO] ShellOverlayMain: WakeVrThread - notifying vr thread
05-23 23:13:50.361  2206  2284 I LibraryProvider: running queryApp(com.makepad.hello_quest) for com.oculus.uid:10031
05-23 23:13:50.361  2206  2284 W LibraryProvider: Cannot find entitlement for com.makepad.hello_quest
05-23 23:13:50.361  1789  1789 D [OAR] RssdkHelper: getCurrentPackageInfo
05-23 23:13:50.361  1789  1789 I [OAR] RssdkHelperJNI: Java_com_oculus_common_navigation_RssdkHelper_nativeGetCurrentPackageInfo
05-23 23:13:50.361  1789  1789 I [OAR] RssdkHelperJNI: NativeGetCurrentPackageInfo - str combined: 'com.makepad.hello_quest true'
05-23 23:13:50.361   828  3064 I TrackingService: Unregistering client by ITrackingService.unregisterClient
05-23 23:13:50.361   828  3064 I TrackingService: TrackingServiceHost Unregistering client: com.oculus.vrshell#2467
05-23 23:13:50.361  1879  1879 W OVRLibrary: null cursor received for query content://com.oculus.ocms.library/apps/com.makepad.hello_quest
05-23 23:13:50.361  1789  1789 D [OAR] ShellControlProtectedReceiver: onReceive with MainActivity native pointer 0, action com.oculus.vrshell.intent.action.DISMISS_NOTIFICATION
05-23 23:13:50.361  2467  3045 D OsSdk   : TrackingServiceConnection unregistered
05-23 23:13:50.362  1789  1789 D DeviceHelper: isScreenOn = true
05-23 23:13:50.362  1789  1789 D [OAR] PrimaryPackage: ShellEnv is backgrounded or not running.
05-23 23:13:50.366  2206  2284 I LibraryProvider: running queryApp(com.makepad.hello_quest) for com.oculus.uid:10031
05-23 23:13:50.367  2206  2284 W LibraryProvider: Cannot find entitlement for com.makepad.hello_quest
05-23 23:13:50.367  1879  1879 W OVRLibrary: null cursor received for query content://com.oculus.ocms.library/apps/com.makepad.hello_quest
05-23 23:13:50.369  2467  5491 I ClientInputThread_Internal: InputThreadRun ShutdownRequest received
05-23 23:13:50.369  2467  3045 D InputHooksJava: Disabling Java Input Hooks
05-23 23:13:50.369  2467  3045 I ClientInputTrackedObjectManager: TRACKEDKEYBOARD ClearTrackedObjectManager called on client
05-23 23:13:50.370  1953  2979 I VrRuntimeService: RuntimeServiceSDKServer::EnableRendering: 0x0, 0, com.oculus.vrshell:Overlay
05-23 23:13:50.370  1953  2979 I ClientMgr: ClientMgr::EnableRendering 2467:com.oculus.vrshell : type 1 comp-id 5: disable
05-23 23:13:50.370  1953  2979 I VrRuntimeServer: DisableCompositorClient: 5
05-23 23:13:50.370  1953  2979 I TimeWarpClientMgr: Disable client 5
05-23 23:13:50.370  1953  2979 I TimeWarpClientMgr: DisableClient: frame flush required: 1
05-23 23:13:50.384  1953  2979 I UnifiedTelemetryWrapper: Stopped UT session render:com.oculus.vrshell:Overlay
05-23 23:13:50.385  2467  5497 I FenceChecker: FenceChecker::MainLoop - ended
05-23 23:13:50.385  2467  3045 I VrRuntimeClient: PhaseSync Instance deleted
05-23 23:13:50.386  2467  3045 I VrApi   : ---------- vrapi_LeaveVrMode [end] ----------
05-23 23:13:50.386  1576  5495 W [CT]    : MIXEDREALITY: MrFeatureStatus: Status change from Created with the operation Pause is not allowed.
05-23 23:13:50.386  1576  5495 W [CT]    : MIXEDREALITY: MrFeatureStatus: clientChangeStatus: client 955430324 status change not allowed.
05-23 23:13:50.386  1576  5495 I [CT]    : MIXEDREALITY: MrFeatureStatus: Client status changed from Created to Destroyed.
05-23 23:13:50.386  1576  4028 I ServerProcessConnector: HandleClientDisconnect: Client: com.oculus.vrshell:com.oculus.vrshell:Overlay:2467, Server: com.oculus.mrservice:com.oculus.mrservice:1576 (MrServiceIPCServer)
05-23 23:13:50.386  2467  3045 I RuntimeIPCClientMgr: RuntimeIPCClient: Shutdown: Client: com.oculus.vrshell:com.oculus.vrshell:Overlay:2467, Server: com.oculus.mrservice:com.oculus.mrservice (MrServiceIPCServer)
05-23 23:13:50.386  2467  3045 I RuntimeIPCApi: ipc_Shutdown
05-23 23:13:50.386  1576  5495 W PipeUtils: RuntimeIPC: ReadFromPipeInternal: read failed: 0, Success
05-23 23:13:50.387  1576  5495 W PipeUtils: RuntimeIPC: ReadFromPipe: ReadFromPipeInternal FAILED
05-23 23:13:50.387  1576  5495 W RuntimeIPCServerMgr: RPCClientHandler::MainLoop: Error reading pipe: Client: com.oculus.vrshell:com.oculus.vrshell:Overlay:2467, Server: com.oculus.mrservice:com.oculus.mrservice (MrServiceIPCServer)
05-23 23:13:50.387  1576  5495 I [CT]    : MIXEDREALITY: MrServiceIPCServer: MrServiceIPCServer::onClientDisconnected
05-23 23:13:50.387  1576  5495 I [CT]    : MIXEDREALITY: MrServiceController: clientDisconnected: 955430324/com.oculus.vrshell/com.oculus.vrshell:Overlay
05-23 23:13:50.387  1576  5495 I [CT]    : MIXEDREALITY: ClientsStatus: ====== Connected clients ======
05-23 23:13:50.387  1576  5495 I [CT]    : MIXEDREALITY: ClientsStatus: Client: 955430324/com.oculus.vrshell/com.oculus.vrshell:Overlay
05-23 23:13:50.387  1576  5495 I [CT]    : MIXEDREALITY: ClientsStatus:    [Passthrough] -> Destroyed
05-23 23:13:50.387  1576  5495 I [CT]    : MIXEDREALITY: ClientsStatus:    [Freespace] -> Destroyed
05-23 23:13:50.387  1576  5495 I [CT]    : MIXEDREALITY: ClientsStatus: Client: 3298027205/com.oculus.guardian/com.oculus.vrguardianservice
05-23 23:13:50.387  1576  5495 I [CT]    : MIXEDREALITY: ClientsStatus:    [Passthrough] -> Created
05-23 23:13:50.387  1576  5495 I [CT]    : MIXEDREALITY: ClientsStatus:    [Freespace] -> Created
05-23 23:13:50.387  1576  5495 I [CT]    : MIXEDREALITY: ClientsStatus: ===============================
05-23 23:13:50.387  1576  5495 I [CT]    : MIXEDREALITY: MrClientModelStates: unregisterClient: For client 955430324.
05-23 23:13:50.387  1576  5495 I [CT]    : MIXEDREALITY: MrClientModelStates: ==== Known clients ====
05-23 23:13:50.387  1576  5495 I [CT]    : MIXEDREALITY: MrClientModelStates:   ID: 955430324 layers: 0 meshes: 0 geometries: 0 shaders: 0
05-23 23:13:50.387  1576  5495 I [CT]    : MIXEDREALITY: MrClientModelStates:   ID: 3298027205 layers: 1 meshes: 0 geometries: 0 shaders: 0
05-23 23:13:50.387  1576  5495 I [CT]    : MIXEDREALITY: MrClientModelStates: ==== Known clients ====
05-23 23:13:50.387  1576  5495 I [CT]    : MIXEDREALITY: MrClientModelStates:   ID: 3298027205 layers: 1 meshes: 0 geometries: 0 shaders: 0
05-23 23:13:50.387  1576  5495 I [CT]    : MIXEDREALITY: ClientsStatus: Unregistration from 955430324/com.oculus.vrshell/com.oculus.vrshell:Overlay accepted.
05-23 23:13:50.387  2467  3045 I RuntimeIPCServiceClient: Shutdown: Refs still outstanding: 7, com.oculus.vrshell:Overlay
05-23 23:13:50.388  2467  3045 I [OAO] TrackedKeyboardDeviceManager: Clearing all tracked keyboards
05-23 23:13:50.388  2467  3045 I [OAO] AudioMixer: Disabling AudioPlayer.
05-23 23:13:50.392  1879  1879 E OVRMediaServiceManager: LivestreamingManager Not initialized
05-23 23:13:50.392  2656  2656 W com.oculus.processhelper.ProcessHelper: Current process name is: com.oculus.socialplatform
05-23 23:13:50.394  2656  2656 E PartyStateManager: onAppStart nativeGetSystemVoipData didn't contain state
05-23 23:13:50.395  2656  2656 W VRLifecycleManager: onHeadsetMounted
05-23 23:13:50.399  1576  2940 I [CT]    : MIXEDREALITY: MrClientModelStates: Cleaned up resources for client 955430324
05-23 23:13:50.599  2656  2656 W PartyNativeModuleManager: Calling nativeTearDown but native code wasn't initialized. Noop.
05-23 23:13:50.600  2656  2656 W PartyNativeModuleManager: Calling nativeTearDown but native code wasn't initialized. Noop.
05-23 23:13:50.696  5417  5440 I chatty  : uid=10192(com.makepad.hello_quest) Thread-2 expire 509 lines
05-23 23:13:51.163  2467  5496 I [OAO] AudioMixer: Notifying VrThread to shutdown.
05-23 23:13:51.163  2467  3045 I [OAO] AudioMixer: Successful shutdown.
05-23 23:13:51.163  2467  3045 I [OAO] AudioEngine: virtual void AudioLibrary::AudioEngine::DisablePlayer()
05-23 23:13:51.163  2467  3045 I [OAO] AudioEngine: Setting ShuttingDown.
05-23 23:13:51.183  2467  5496 I [OAO] AudioMixer: Notifying VrThread to shutdown.
05-23 23:13:51.183  2467  5496 I [OAO] AudioEngine: Fading final buffer
05-23 23:13:51.203  2467  5496 I [OAO] AudioEngine: Notifying VrThread to shutdown.
05-23 23:13:51.203  2467  5496 D         : PlayerBase::stop() from IPlayer
05-23 23:13:51.203  2467  5496 D AudioTrack: stop(32): called with 98880 frames delivered
05-23 23:13:51.203  2467  3045 I [OAO] AudioEngine: Stopping player
05-23 23:13:51.204  2467  3045 D         : PlayerBase::stop() from IPlayer
05-23 23:13:51.205  2467  3045 D [OAO] ShellApplication: setOverlayInputFocus: inputFocus=false shouldSupportIME=false
05-23 23:13:51.205  2467  3045 D [OAO] BaseOverlayService: setOverlayInputFocus : entrypoint - inputFocus=false shouldSupportIME=false
05-23 23:13:51.205  2467  3045 I [OAO] SystemAssistant: OnModeChanged from Paused to ImmersiveAppFocused
05-23 23:13:51.205  2467  2467 D [OAO] BaseOverlayService: detachServiceWindowView
05-23 23:13:51.205  2467  2467 D [OAO] BaseOverlayService: setOverlayInputFocus : completed - inputFocus=false shouldSupportIME=false actionTaken:false
05-23 23:13:51.206  3373  3373 I [SUI] AnytimeUIAndroidPanelApp: handleGenericMessage activeComponent com.oculus.systemux/com.oculus.panelapp.anytimeui.AnytimeUIAndroidPanelService 
05-23 23:13:51.207  2537  3224 I VrGuardianService: GuardianSDKServer::SetGuardianCanPaint
05-23 23:13:51.207  3373  3373 I [SUI] AnytimeUIAndroidPanelApp: handleActiveComponent - com.oculus.systemux/com.oculus.panelapp.anytimeui.AnytimeUIAndroidPanelService, returnComponent = 
05-23 23:13:51.207  1239  1239 V AvrcpMediaPlayerList: onPlaybackConfigChanged(): Configs list size=4
05-23 23:13:51.207  1239  1239 V AvrcpMediaPlayerList: onPlaybackConfigChanged(): Configs list size=3
05-23 23:13:51.208  3373  3373 D [SUI] AnytimeUIAndroidPanelApp: ShellEnv is running
05-23 23:13:51.212  3373  3373 D [SUI] SharingViewModel: clearAbuseReportRecordingTimer
05-23 23:13:51.212  3373  3373 W [SUI] TooltipController: Unable to enable/disable the tooltip: the given tooltip id "anytime_tablet_destination_ui_tooltip_screenshot_button" has no corresponding tooltip state.
05-23 23:13:51.212  3373  3373 D [SUI] SharingViewModel: clearAbuseReportRecordingTimer
05-23 23:13:51.221  3373  3392 W [SUI] TooltipController: Unable to enable/disable the tooltip: the given tooltip id "anytime_tablet_destination_ui_tooltip_screenshot_button" has no corresponding tooltip state.
