05-23 23:13:43.618  1576  5484 I [CT]    : MIXEDREALITY: MrServiceController: clientConnected: 955430324/com.oculus.vrshell/com.oculus.vrshell:Overlay
05-23 23:13:43.618  1576  5484 I [CT]    : MIXEDREALITY: ClientsStatus: ====== Connected clients ======
05-23 23:13:43.618  1576  5484 I [CT]    : MIXEDREALITY: ClientsStatus: Client: 3298027205/com.oculus.guardian/com.oculus.vrguardianservice
05-23 23:13:43.618  1576  5484 I [CT]    : MIXEDREALITY: ClientsStatus:    [Passthrough] -> Created
05-23 23:13:43.618  1576  5484 I [CT]    : MIXEDREALITY: ClientsStatus:    [Freespace] -> Created
05-23 23:13:43.618  1576  5484 I [CT]    : MIXEDREALITY: ClientsStatus: ===============================
05-23 23:13:43.619  1576  5484 I [CT]    : MIXEDREALITY: ClientsStatus: Registration from 955430324/com.oculus.vrshell/com.oculus.vrshell:Overlay accepted.
05-23 23:13:43.619  1576  5484 I [CT]    : MIXEDREALITY: MrClientModelStates: registerClient: For client 955430324 (com.oculus.vrshell:com.oculus.vrshell:Overlay).
05-23 23:13:43.619  1576  5484 I [CT]    : MIXEDREALITY: MrClientModelStates: ==== Known clients ====
05-23 23:13:43.619  1576  5484 I [CT]    : MIXEDREALITY: MrClientModelStates:   ID: 3298027205 layers: 1 meshes: 0 geometries: 0 shaders: 0
05-23 23:13:43.619  1576  5484 I [CT]    : MIXEDREALITY: MrClientModelStates: ==== Known clients ====
05-23 23:13:43.619  1576  5484 I [CT]    : MIXEDREALITY: MrClientModelStates:   ID: 955430324 layers: 0 meshes: 0 geometries: 0 shaders: 0
05-23 23:13:43.619  1576  5484 I [CT]    : MIXEDREALITY: MrClientModelStates:   ID: 3298027205 layers: 1 meshes: 0 geometries: 0 shaders: 0
05-23 23:13:43.619  1576  5484 I [CT]    : MIXEDREALITY: MrFeatureStatus: Client status changed from Destroyed to Created.
05-23 23:13:43.619  2467  3045 I [OAO] MrServiceClientVrApi: MrSessionCreatePassthrough OK
05-23 23:13:43.619  2467  3045 I [OAO] VrPlatformVrApi: Setting perf thread tids to main=3045, render=unset
05-23 23:13:43.619  2467  3045 I [OAO] VrPlatformVrApi: Setting clock levels to cpu=2, gpu=4
05-23 23:13:43.619  2467  3045 I ClientInputSettings: SetInhibitHandleHomeKey = true for com.oculus.vrshell
05-23 23:13:43.619  2467  3045 I ClientInputInterface: SetInhibitHandleHomeKey 1
05-23 23:13:43.619  2467  3045 I [OAO] Compositor: Initializing Compositor: 1024x1024
05-23 23:13:43.619  2467  3045 I [OAO] AudioMixer: Enabling AudioPlayer.
05-23 23:13:43.619  2467  3045 I [OAO] AudioEngine: virtual void AudioLibrary::AudioEngine::EnablePlayer()
05-23 23:13:43.620  2467  3045 D         : PlayerBase::PlayerBase()
05-23 23:13:43.620  2467  3045 D         : TrackPlayerBase::TrackPlayerBase()
05-23 23:13:43.620  2467  3045 I libOpenSLES: Emulating old channel mask behavior (ignoring positional mask 0x3, using default mask 0x3 based on channel count of 2)
05-23 23:13:43.622   714   939 I audio_hw_primary: getting vr mode to 0
05-23 23:13:43.622   734  1286 I hash_map_utils: key: 'vr_audio_mode_on' value: ''
05-23 23:13:43.622   734  1286 I AudioPolicyManagerCustom: VR mode is 0, switch to primary output if request is for fast|raw
05-23 23:13:43.623   734  1286 W AudioFlinger: createTrack_l(): mismatch between requested flags (00000104) and output flags (00000006)
05-23 23:13:43.623   734  1286 D AudioFlinger: Client defaulted notificationFrames to 192 for frameCount 384
05-23 23:13:43.624   734  1286 D AF::TrackHandle: OpPlayAudio: track:75 uid:10020 pkg:com.oculus.vrshell usage:1 not muted
05-23 23:13:43.627  2467  3045 I AudioTrack: createTrack_l(0): AUDIO_OUTPUT_FLAG_FAST successful; frameCount 0 -> 384
05-23 23:13:43.629  1239  1239 V AvrcpMediaPlayerList: onPlaybackConfigChanged(): Configs list size=4
05-23 23:13:43.633  2467  3045 I [OAO] TaskBarSpacePanelController: EnterVrMode(offsetPitch 0.000000 radians, offsetYaw 0.000000 radians)
05-23 23:13:43.633  2467  3045 I [OAO] LocalSpace: EnterVrMode: Setting local pose state.
05-23 23:13:43.633  2467  3045 I [OAO] InputManager: Adding controller deviceId = 536870914
05-23 23:13:43.633   714   939 E volume_listener: check_and_set_gain_dep_cal: Failed to set gain dep cal level
05-23 23:13:43.633   714  1135 D audio_hw_primary: start_output_stream: enter: stream(0xed9cd000)usecase(1: low-latency-playback) devices(0x2) is_haptic_usecase(0)
05-23 23:13:43.633   714  1135 D audio_hw_primary: select_devices for use case (low-latency-playback)
05-23 23:13:43.633   714  1135 I msm8974_platform: platform_check_and_set_codec_backend_cfg:becf: afe: bitwidth 16, samplerate 48000 channels 2, backend_idx 0 usecase = 1 device (speaker)
05-23 23:13:43.633   714  1135 D msm8974_platform: platform_split_snd_device: snd_device(2) num devices(1) new_snd_devices(0)
05-23 23:13:43.633   714  1135 I msm8974_platform: platform_check_and_set_codec_backend_cfg: new_snd_devices[0] is 2
05-23 23:13:43.633   714  1135 I msm8974_platform: platform_check_codec_backend_cfg:becf: afe: bitwidth 16, samplerate 48000 channels 2, backend_idx 0 usecase = 1 device (speaker)
05-23 23:13:43.635   714  1135 D audio_hw_extn: audio_extn_enable_hifi_filter: mixer_value set 0
05-23 23:13:43.635   714  1135 D msm8974_platform: platform_check_codec_backend_cfg:becf: updated afe: bitwidth 16, samplerate 48000 channels 2,backend_idx 0 usecase = 1 device (speaker)
05-23 23:13:43.635   714  1135 D msm8974_platform: platform_check_codec_backend_cfg:becf: afe: playback on codec device not supporting native playback set default Sample Rate(48k)
05-23 23:13:43.635   714  1135 I msm8974_platform: platform_check_codec_backend_cfg:becf: afe: Codec selected backend: 0 updated bit width: 16 and sample rate: 48000
05-23 23:13:43.635   714  1135 D audio_hw_primary: check_usecases_codec_backend:becf: force routing 0
05-23 23:13:43.635   714  1135 E msm8974_platform: platform_check_backends_match: Invalid snd_device = 
05-23 23:13:43.635   714  1135 D audio_hw_primary: check_usecases_codec_backend:becf: (75) check_usecases curr device: speaker, usecase device: backends match 0
05-23 23:13:43.635   714  1135 D audio_hw_primary: check_usecases_codec_backend:becf: check_usecases num.of Usecases to switch 0
05-23 23:13:43.635   714  1135 D hardware_info: hw_info_append_hw_type : device_name = speaker
05-23 23:13:43.635   714  1135 D msm8974_platform: platform_split_snd_device: snd_device(2) num devices(0) new_snd_devices(0)
05-23 23:13:43.635   714  1135 D audio_hw_primary: enable_snd_device: snd_device(2: speaker)
05-23 23:13:43.635   714  1135 D audio_route: Apply path: speaker
05-23 23:13:43.636  2467  3045 I [OAO] InputManager: Adding controller deviceId = 536870915
05-23 23:13:43.640   714  1135 I audio_hw_utils: audio_extn_utils_update_stream_output_app_type_cfg Allowing 24 and above bits playback on speaker ONLY at default sampling rate
05-23 23:13:43.640   714  1135 D audio_hw_utils: audio_extn_utils_send_app_type_cfg: usecase->out_snd_device speaker
05-23 23:13:43.640   714  1135 D msm8974_platform: platform_split_snd_device: snd_device(2) num devices(0) new_snd_devices(0)
05-23 23:13:43.640  2467  3045 I [OAO] InputManager: Switching Primary controller due to vrapi
05-23 23:13:43.640   714  1135 D audio_hw_utils: audio_extn_btsco_get_sample_rate:Not a BT SCO device, need not update sampling rate
05-23 23:13:43.640   714  1135 I audio_hw_utils: send_app_type_cfg_for_device PLAYBACK app_type 69943, acdb_dev_id 15, sample_rate 48000, snd_device_be_idx 43
05-23 23:13:43.640  2467  3045 I [OAO] InputManager: Secondary input source selection id=536870915
05-23 23:13:43.640  2467  3045 I [OAO] RouteInput: New inputState.cursorTraceSource: 1
05-23 23:13:43.641   714  1135 D msm8974_platform: platform_split_snd_device: snd_device(2) num devices(1) new_snd_devices(0)
05-23 23:13:43.641  2467  3045 I [OAO] SystemTabletController: Processing pending Pause tablet.
05-23 23:13:43.641   714  1135 D audio_hw_utils: audio_extn_btsco_get_sample_rate:Not a BT SCO device, need not update sampling rate
05-23 23:13:43.641  2467  3045 I [OAO] SystemTabletController: Processing AUI deep link uri /pause.
05-23 23:13:43.641   714  1135 D ACDB-LOADER: ACDB -> send_audio_cal, acdb_id = 15, path = 0, app id = 0x11137, sample rate = 48000, afe_sample_rate = 48000
05-23 23:13:43.641   714  1135 D ACDB-LOADER: ACDB -> send_asm_topology
05-23 23:13:43.641   714  1135 D ACDB-LOADER: ACDB -> ACDB_CMD_GET_AUDPROC_STREAM_TOPOLOGY_ID
05-23 23:13:43.641   714  1135 D ACDB-LOADER: ACDB -> send_adm_topology
05-23 23:13:43.641   714  1135 D ACDB-LOADER: ACDB -> ACDB_CMD_GET_AUDPROC_COMMON_TOPOLOGY_ID
05-23 23:13:43.641   714  1135 D ACDB-LOADER: ACDB -> send_audtable
05-23 23:13:43.641   714  1135 D ACDB-LOADER: ACDB -> ACDB_CMD_GET_AUDPROC_INSTANCE_COMMON_TABLE_SIZE
05-23 23:13:43.641   714  1135 D ACDB-LOADER: ACDB -> ACDB_CMD_GET_AUDPROC_INSTANCE_COMMON_TABLE
05-23 23:13:43.641   714  1135 D ACDB-LOADER: ACDB -> AUDIO_SET_AUDPROC_CAL cal_type[11] acdb_id[15] app_type[69943]
05-23 23:13:43.641   714  1135 D ACDB-LOADER: ACDB -> ACDB_CMD_GET_PERSISTENT_AUDPROC_INSTANCE_COMMON_TABLE_SIZE
05-23 23:13:43.641   714  1135 D         : ACDBFILE_MGR: Property for the pid 000133B7 not found
05-23 23:13:43.641   714  1135 D         : ACDBFILE_MGR: Property for the pid 000133B7 not found
05-23 23:13:43.641   714  1135 D         : ACDBFILE_MGR: Property for the pid 000133B7 not found
05-23 23:13:43.641   714  1135 D         : [Data Manager]-> No data found
05-23 23:13:43.641   714  1135 D ACDB-LOADER: Error: ACDB_CMD_GET_PERSISTENT_AUDPROC_INSTANCE_COMMON_TABLE_SIZE returned -18
05-23 23:13:43.641   714  1135 D ACDB-LOADER: ACDB -> send_audproc_persist_table -18 
05-23 23:13:43.641   714  1135 D ACDB-LOADER: Error: Invalid Audproc persist size = -18
05-23 23:13:43.641   714  1135 D ACDB-LOADER: ACDB -> send_audvoltable
05-23 23:13:43.641   714  1135 D ACDB-LOADER: ACDB -> ACDB_CMD_GET_AUDPROC_INSTANCE_GAIN_DEP_STEP_TABLE_SIZE
05-23 23:13:43.641   714  1135 D ACDB-LOADER: ACDB -> ACDB_CMD_GET_AUDPROC_INSTANCE_GAIN_DEP_STEP_TABLE, vol index 1
05-23 23:13:43.641   714  1135 D ACDB-LOADER: ACDB -> AUDIO_SET_VOL_CAL cal type = 12
05-23 23:13:43.641   714  1135 D ACDB-LOADER: ACDB -> ACDB_CMD_GET_AUDPROC_INSTANCE_STREAM_TABLE_SIZE
05-23 23:13:43.641   714  1135 D ACDB-LOADER: ACDB -> send_audstrmtable
05-23 23:13:43.641   714  1135 D ACDB-LOADER: ACDB -> ACDB_CMD_GET_AUDPROC_INSTANCE_STREAM_TABLE
05-23 23:13:43.641   714  1135 D ACDB-LOADER: ACDB -> audstrm_cal->cal_type.cal_data.cal_size = 20
05-23 23:13:43.641   714  1135 D ACDB-LOADER: ACDB -> send_afe_topology
05-23 23:13:43.641   714  1135 D ACDB-LOADER: ACDB -> ACDB_CMD_GET_AFE_TOPOLOGY_ID
05-23 23:13:43.641   714  1135 D ACDB-LOADER: ACDB -> GET_AFE_TOPOLOGY_ID for adcd_id 15, Topology Id 112fc
05-23 23:13:43.641   714  1135 D ACDB-LOADER: ACDB -> send_afe_cal
05-23 23:13:43.641   714  1135 D ACDB-LOADER: ACDB -> ACDB_CMD_GET_AFE_INSTANCE_COMMON_TABLE_SIZE
05-23 23:13:43.641   714  1135 D         : Failed to fetch the lookup information of the device 0000000F 
05-23 23:13:43.641   714  1135 D ACDB-LOADER: Error: ACDB_CMD_GET_AFE_INSTANCE_COMMON_TABLE_SIZE Returned = -19
05-23 23:13:43.641   714  1135 D ACDB-LOADER: ACDB -> ACDB_CMD_GET_AFE_INSTANCE_COMMON_TABLE
05-23 23:13:43.641   714  1135 D         : Failed to fetch the lookup information of the device 0000000F 
05-23 23:13:43.641   714  1135 D ACDB-LOADER: Error: ACDB AFE returned = -19
05-23 23:13:43.641   714  1135 D ACDB-LOADER: ACDB -> AUDIO_SET_AFE_CAL cal_type[16] acdb_id[15]
05-23 23:13:43.641   714  1135 D ACDB-LOADER: ACDB -> send_hw_delay : acdb_id = 15 path = 0
05-23 23:13:43.641   714  1135 D ACDB-LOADER: ACDB -> ACDB_AVSYNC_INFO: ACDB_CMD_GET_DEVICE_PROPERTY
05-23 23:13:43.641   714  1135 D msm8974_platform: platform_split_snd_device: snd_device(2) num devices(0) new_snd_devices(0)
05-23 23:13:43.641   714  1135 I msm8974_platform: platform_get_custom_mtmx_params: no matching param with id 0 ip_ch 2 op_ch 2 uc_id 1 snd_dev 2
05-23 23:13:43.641   714  1135 D audio_hw_primary: enable_audio_route: apply mixer and update path: low-latency-playback
05-23 23:13:43.641   714  1135 D audio_route: Apply path: low-latency-playback
05-23 23:13:43.642   714  1135 D audio_hw_primary: select_devices: done
05-23 23:13:43.642  2467  3045 I VrRuntimeClient: SyncInternalGuardianState: GetGuardianPolygon: 0
05-23 23:13:43.644  3373  3373 D [SUI] AnytimeUIAndroidPanelApp: Received deeplink; uri: /pause.
05-23 23:13:43.645  3373  3373 D [SUI] DestinationUIView: Constructing DestinationUIView
05-23 23:13:43.646  2467  3045 I [OAO] ShellSurfaceRender: Averages: drawCalls 12.9 progBinds 10.9 paramUpdates 59.6 textureBinds 4.0 bufferBinds 7.0
05-23 23:13:43.646  1953  2979 I VrRuntimeService: UpdateSwapChainSamplerState: 169
05-23 23:13:43.646  1953  2979 I VrRuntimeService: UpdateSwapChainSamplerState: minFilter=1 magFilter=1 wrapModeS=3 warpModeT=3 maxAniso=1.000000 border={0.000000,0.000000,0.000000,0.000000} swizzle={1903,1904,1905,1906}
05-23 23:13:43.647  2467  3045 I VrApi   : Received ovrRuntime event 2
05-23 23:13:43.647  2467  3045 I VrApi   : Received ovrRuntime event 4
05-23 23:13:43.648  2467  5486 I FenceChecker: FenceChecker::MainLoop - started
05-23 23:13:43.651  1953  5007 I SwapChain_GLES: AttachSurfaceSwapChainGLES: 0x77e4894000 with SurfaceTexture 0x2802 attached on init
05-23 23:13:43.656  3373  3373 D [SUI] DestinationUIView: Initializing DestinationUIView
05-23 23:13:43.657  3373  3373 D [SUI] AnytimeUIPanelAppBase: Acquiring viewModel DestinationUIViewModel refCount: 4
05-23 23:13:43.657  3373  3373 D [SUI] AnytimeUIPanelAppBase: Acquiring viewModel SharingViewModel refCount: 2
05-23 23:13:43.657  3373  3373 D [SUI] ScreenCaptureButtonUtil: Initializing casting button
05-23 23:13:43.657  3373  3373 D [SUI] ScreenCaptureButtonUtil: Initialized casting button
05-23 23:13:43.657  3373  3373 D [SUI] ScreenCaptureButtonUtil: Initializing livestream button
05-23 23:13:43.657  3373  3373 D [SUI] ScreenCaptureButtonUtil: Initialized livestream button
05-23 23:13:43.657  3373  3373 D [SUI] ScreenCaptureButtonUtil: Initializing screen recording button
05-23 23:13:43.657  3373  3373 D [SUI] ScreenCaptureButtonUtil: Initializing screenshot button
05-23 23:13:43.657  3373  3373 D [SUI] ScreenCaptureButtonUtil: Initialized screenshot button
05-23 23:13:43.657  3373  3373 D [SUI] DestinationUIView: Initializing invite button
05-23 23:13:43.657  3373  3373 D [SUI] DestinationUIView: Initialized invite button
05-23 23:13:43.657  3373  3373 D [SUI] DestinationUIView: Initializing roster button
05-23 23:13:43.657  3373  3373 D [SUI] DestinationUIView: Initialized roster button
05-23 23:13:43.657  3373  3373 D [SUI] DestinationUIView: Initializing report button
05-23 23:13:43.657  3373  3373 D [SUI] DestinationUIView: Initialized report button
05-23 23:13:43.657  3373  3373 D [SUI] DestinationUIView: Initializing pause actions
05-23 23:13:43.658  3373  3373 D [SUI] DestinationUIView: Initialized paused actions
05-23 23:13:43.658  3373  3373 W [SUI] TooltipController: Unable to enable/disable the tooltip: the given tooltip id "anytime_tablet_destination_ui_tooltip_record_video_button" has no corresponding tooltip state.
05-23 23:13:43.658  3373  3373 W [SUI] TooltipController: Unable to enable/disable the tooltip: the given tooltip id "anytime_tablet_destination_ui_tooltip_screenshot_button" has no corresponding tooltip state.
05-23 23:13:43.658  3373  3373 W [SUI] TooltipController: Unable to enable/disable the tooltip: the given tooltip id "anytime_tablet_destination_ui_tooltip_live_stream_button" has no corresponding tooltip state.
05-23 23:13:43.658  3373  3373 D [SUI] SharingViewModel: clearAbuseReportRecordingTimer
05-23 23:13:43.658  3373  3373 D [SUI] EmptyView: Hiding EmptyView
05-23 23:13:43.658  3373  3373 D [SUI] DestinationUIView: Showing DestinationUIView
05-23 23:13:43.658  3373  4750 D QplServiceClient: MarkerEnd success!
05-23 23:13:43.658  3373  3373 W [SUI] TooltipController: Unable to set the tooltip text: the given tooltip id "anytime_bar_running_app_button" has no corresponding tooltip state.
05-23 23:13:43.659  3373  3373 D [SUI] MemoryManager: Executing clearViewCache - maxAgeSecs: 0
05-23 23:13:43.659  3373  3373 D [SUI] EmptyView: Destroying EmptyView
05-23 23:13:43.659  3373  3373 I [SUI] AnytimeUIAndroidPanelApp: handleGenericMessage activeComponent com.oculus.systemux/com.oculus.panelapp.anytimeui.AnytimeUIAndroidPanelService com.makepad.hello_quest
05-23 23:13:43.659  3373  4750 D QplServiceClient: MarkerEnd success!
05-23 23:13:43.660  3373  3373 I [SUI] AnytimeUIAndroidPanelApp: handleActiveComponent - com.oculus.systemux/com.oculus.panelapp.anytimeui.AnytimeUIAndroidPanelService, returnComponent = com.makepad.hello_quest
05-23 23:13:43.665   714  1135 D msm8974_platform: platform_set_channel_map mixer_ctl_name:Playback Channel Map9
05-23 23:13:43.665   714  1135 D msm8974_platform: platform_set_channel_map: set mapping(1 2 0 0 0 0 0 0) for channel:2
05-23 23:13:43.666   714  1135 D audio_hw_primary: start_output_stream: exit
05-23 23:13:43.666   714  1135 D audio_hw_primary: out_write: retry previous failed cal level set
05-23 23:13:43.666   714  1135 D msm8974_platform: platform_split_snd_device: snd_device(2) num devices(1) new_snd_devices(0)
05-23 23:13:43.666   714  1135 D ACDB-LOADER: ACDB -> send_audvoltable
05-23 23:13:43.666   714  1135 D ACDB-LOADER: ACDB -> ACDB_CMD_GET_AUDPROC_INSTANCE_GAIN_DEP_STEP_TABLE_SIZE
05-23 23:13:43.666   714  1135 D ACDB-LOADER: ACDB -> ACDB_CMD_GET_AUDPROC_INSTANCE_GAIN_DEP_STEP_TABLE, vol index 7
05-23 23:13:43.666   714  1135 D ACDB-LOADER: ACDB -> AUDIO_SET_VOL_CAL cal type = 40
05-23 23:13:43.684  2206  2330 I LibraryProvider: running queryApp(com.makepad.hello_quest) for com.oculus.systemux
05-23 23:13:43.684  2206  2330 W LibraryProvider: Cannot find entitlement for com.makepad.hello_quest
05-23 23:13:43.684  3373  3373 W OVRLibrary: null cursor received for query content://com.oculus.ocms.library/apps/com.makepad.hello_quest
05-23 23:13:43.707  2206  2330 I LibraryProvider: running queryApp(com.makepad.hello_quest) for com.oculus.systemux
05-23 23:13:43.707  2206  2330 W LibraryProvider: Cannot find entitlement for com.makepad.hello_quest
05-23 23:13:43.707  3373  3373 W OVRLibrary: null cursor received for query content://com.oculus.ocms.library/apps/com.makepad.hello_quest
05-23 23:13:43.709  3373  3373 D [SUI] SharingViewModel: clearAbuseReportRecordingTimer
05-23 23:13:43.709  3373  3373 W [SUI] TooltipController: Unable to enable/disable the tooltip: the given tooltip id "anytime_tablet_destination_ui_tooltip_screenshot_button" has no corresponding tooltip state.
05-23 23:13:43.709  3373  3373 D [SUI] SharingViewModel: clearAbuseReportRecordingTimer
05-23 23:13:43.710  3373  3373 D [SUI] SocialViewModel: updateInternetConnection() - internet connected
05-23 23:13:43.710  3373  3373 D [SUI] SocialViewModel: refreshHiPriData()
05-23 23:13:43.710  3373  3373 D [SUI] SocialViewModel: loadFriends()
05-23 23:13:43.710  3373  3373 D [SUI] SocialViewModel: refresPartyData()
05-23 23:13:43.710  3373  3373 D [SUI] SocialViewModel: refreshLowPriData()
05-23 23:13:43.710  3373  3373 D [SUI] SocialViewModel: loadPYMKs()
05-23 23:13:43.710  3373  3373 D [SUI] SocialViewModel: loadJoinableParties()
05-23 23:13:43.710  3373  3373 D [SUI] SocialViewModel: loadSocialViewerInfo()
05-23 23:13:43.710  3373  3373 D [SUI] SocialViewModel: refresPartyData()
05-23 23:13:43.712  3373  3373 D [SUI] DestinationUIViewModel: GK oculus_systemux:oc_hide_go_live: false
05-23 23:13:43.723  2206  2330 I LibraryProvider: running queryApp(com.makepad.hello_quest) for com.oculus.uid:10031
05-23 23:13:43.724  2206  2330 W LibraryProvider: Cannot find entitlement for com.makepad.hello_quest
05-23 23:13:43.724  1879  1879 W OVRLibrary: null cursor received for query content://com.oculus.ocms.library/apps/com.makepad.hello_quest
05-23 23:13:43.725  3373  3392 W [SUI] TooltipController: Unable to enable/disable the tooltip: the given tooltip id "anytime_tablet_destination_ui_tooltip_screenshot_button" has no corresponding tooltip state.
05-23 23:13:43.752  1953  5007 I TimeWarpProgs: loaded binary layerProgram 1:0x40207:0x0 in 3.4 ms
05-23 23:13:43.881  1518  5487 W ContextImpl: Calling a method in the system process without a qualified user: android.app.ContextImpl.sendBroadcast:1057 android.content.ContextWrapper.sendBroadcast:448 X.HK.A00:155 X.HK.handleMessage:92 android.os.Handler.dispatchMessage:107 
05-23 23:13:44.040  3373  3373 D [SUI] SocialViewModel: updateFriendsListForObservers(): 
05-23 23:13:44.058  3373  3373 D [SUI] SocialViewModel: refresPartyData()
05-23 23:13:44.104  1576  3087 I Telemetry: App memory usage: PSS=17MB DalvikPSS=3 MB
05-23 23:13:44.244  3373  3373 D [SUI] SocialViewModel: loadJoinableParties() - Fetched joinable parties, latency: 534ms count:0
05-23 23:13:44.244  3373  3373 D [SUI] SocialViewModel: setJoinableParties(), no change
05-23 23:13:44.253   828  4997 I [CT]    : VIPER: Mode=Viper,Status=6DoF,TRACKING,KF=164,Inl=302,Pts=416,Mem=65.3,Jit=0.1mm,Issues(Cam/min=0.0,IMU/min=0.0),Exp=(5.2ms,g=3.0,I=74,Ir=4808.2)(5.4ms,g=6.0,I=85,Ir=2622.6)(5.4ms,g=6.0,I=61,Ir=1899.9)(6.3ms,g=5.0,I=74,Ir=2382.2)
05-23 23:13:44.282  2537  3224 I VrGuardianService: GuardianSDKServer::SetGuardianCanPaint
05-23 23:13:44.354   726  4338 W vendor.oculus.hardware.sensors@1.0-service: Unknown packet type (20) received
05-23 23:13:44.370  2467  5481 I Telemetry: App memory usage: PSS=81MB DalvikPSS=1 MB
05-23 23:13:44.468  3373  3373 D [SUI] SocialViewModel: loadSocialViewerInfo() - Fetched social viewer info, latency: 758ms
05-23 23:13:44.468  3373  3373 D [SUI] SocialViewModel: updateFriendsListForObservers(): 
05-23 23:13:44.468  3373  3373 D [SUI] SocialViewModel: updateSocialViewerForObservers(): 
05-23 23:13:44.477  3373  3373 D [SUI] SocialViewModel: updateObserversOnEnoughDataFetched(): 
05-23 23:13:44.617  2537  3224 I VrGuardianService: GuardianSDKServer::SetGuardianCanPaint
05-23 23:13:44.660  3373  3373 D [SUI] SocialViewModel: Fetched party: null 
05-23 23:13:44.660  3373  3373 D [SUI] SocialViewModel: setParty() - no change
05-23 23:13:44.742  2537  3224 I VrGuardianService: GuardianSDKServer::SetGuardianCanPaint
05-23 23:13:45.097   828  3064 I TrackingService: getTrackingSocketFileDescriptor
05-23 23:13:45.099   828  3064 D TrackingService: initialized haptic socket pair, keeping service 82 and giving out client 83
05-23 23:13:45.229  2537  3224 I VrGuardianService: GuardianSDKServer::GuardianCmdWithParms: 11
05-23 23:13:45.229  2537  3224 I GuardianSystem: Guardian: GuardianCmdWithParms 11, 1.000000, 0.000000
05-23 23:13:45.438  3373  3373 I [SUI] AnytimeUIAndroidPanelApp: actionPauseStateResult - resume
05-23 23:13:45.438  3373  3373 D [SUI] AnytimeUIPanelAppBase: ClickEventButtonId: AUI_DESTINATION_UI_RESUME
05-23 23:13:45.441  2537  3224 I VrGuardianService: GuardianSDKServer::GuardianCmdWithParms: 11
05-23 23:13:45.441  2537  3224 I GuardianSystem: Guardian: GuardianCmdWithParms 11, 0.000000, 0.000000
05-23 23:13:45.463  2467  3045 I [OAO] SysUXCommandHandler: SystemUX Pause State Result resume
05-23 23:13:45.463  2467  3045 I [OAO] OverlaySystemUXController: Pause Result:  resume
05-23 23:13:45.463  2467  3045 I [OAO] OverlaySystemUXController: resume
05-23 23:13:45.463  2467  3045 I [OAO] OverlaySystemUXController: OnResumePausedApp (com.makepad.hello_quest)
05-23 23:13:45.463  2467  3045 I [OAO] OverlayFlowController: RequestResumePrimaryClient
05-23 23:13:45.466  2467  3045 I [OAO] OverlayFlowController: ResumePrimaryClient
05-23 23:13:45.466  2467  3045 I [OAO] OverlayFlowController: Reset resetReason : Dismissed
05-23 23:13:45.466  2467  3045 I [OAO] OverlayPauseFlow: Deactivated
05-23 23:13:45.466  2467  3045 I [OAO] OverlaySystemUXTransitionFlow: KeepAliveForDuration countdown start
05-23 23:13:45.466  2467  3045 I [OAO] DialogController: CloseDialogs() old: systemux://dialog/none, pendingUri: systemux://dialog/none, pendingComponent: 
05-23 23:13:45.466  2467  3045 I [OAO] SystemTabletController: Reset, reason: 1, taskBarVisibility: 0
05-23 23:13:45.466  2467  3045 I [OAO] SystemDialogController: Reset
05-23 23:13:45.466  2467  3045 I [OAO] DialogControllerManager: Reset
05-23 23:13:45.466  2467  3045 I [OAO] OverlayFlowController: Reset - Resetting lastNonSystemPackageName to empty
05-23 23:13:45.466  2467  3045 I [OAO] FlowController: UpdateActiveFlow from (none) to OverlaySystemUXTransitionFlow
05-23 23:13:45.466  2467  3045 I [OAO] OverlaySystemUXTransitionFlow: Activated
05-23 23:13:45.466  2467  3045 I [OAO] ShellOverlayApp: ResolveInteractionState: change from InputFocus to None
05-23 23:13:45.466  2467  3045 I [OAO] ShellOverlayApp: LeaveVrMode: Interaction state from InputFocus to None
05-23 23:13:45.466  2467  3045 I [OAO] ShellOverlayApp: EmptyFrame: Pushing an empty frame
05-23 23:13:45.466  2467  3045 W VrApi   : vrapi_SubmitFrame2: Prior call to vrapi_BeginFrame not found.  Dropping frame.
05-23 23:13:45.466  2467  3045 D [OAO] ShellApplication: setOverlayInputFocus: inputFocus=false shouldSupportIME=false
05-23 23:13:45.467  2467  3045 D [OAO] BaseOverlayService: setOverlayInputFocus : entrypoint - inputFocus=false shouldSupportIME=false
05-23 23:13:45.467  2467  3045 I VrApi   : ---------- vrapi_LeaveVrMode [start] ----------
05-23 23:13:45.467  2467  2467 D [OAO] BaseOverlayService: detachServiceWindowView
05-23 23:13:45.468  2467  3045 D VrApi   : targetSDKVersion 29
05-23 23:13:45.469  5417  5440 I chatty  : uid=10192(com.makepad.hello_quest) Thread-2 expire 252 lines
05-23 23:13:45.471  5417  5417 I chatty  : uid=10192(com.makepad.hello_quest) expire 1 line
05-23 23:13:45.471  1953  1953 I ClientMgr: FocusedWindowChanged: top window's client already enabled
05-23 23:13:45.472  1953  1953 I ClientMgr: FocusedClient ID changed: com.makepad.hello_quest:5417
05-23 23:13:45.472  1953  1953 I ClientMgr: ClientMgr::SetFocusedClient: 5417:com.makepad.hello_quest type 0
05-23 23:13:45.472  1953  1953 I VrRuntimeService: RuntimeIPC: SendFocusChangeEventToAllClients: PostClientEvent SUCCESS: com.makepad.hello_quest:com.makepad.hello_quest:5417, com.makepad.hello_quest, com.makepad.hello_quest
05-23 23:13:45.472  1953  1953 I VrRuntimeService: RuntimeIPC: SendFocusChangeEventToAllClients: PostClientEvent SUCCESS: com.oculus.mrservice:com.oculus.mrservice:1576, com.makepad.hello_quest, com.makepad.hello_quest
05-23 23:13:45.472  1953  1953 I VrRuntimeService: RuntimeIPC: SendFocusChangeEventToAllClients: PostClientEvent SUCCESS: com.oculus.vrshell:com.oculus.vrshell:Overlay:2467, com.makepad.hello_quest, com.makepad.hello_quest
05-23 23:13:45.472  1953  1953 I VrRuntimeService: RuntimeIPC: SendFocusChangeEventToAllClients: PostClientEvent SUCCESS: com.oculus.guardian:com.oculus.vrguardianservice:2537, com.makepad.hello_quest, com.makepad.hello_quest
05-23 23:13:45.472  1953  1953 I VrRuntimeService: RuntimeIPC: SendFocusChangeEventToAllClients: PostClientEvent SUCCESS: com.oculus.vrshell:com.oculus.vrshell:EnvOverlay:2441, com.makepad.hello_quest, com.makepad.hello_quest
05-23 23:13:45.472  1953  1953 I VrRuntimeService: RuntimeIPC: SendFocusChangeEventToAllClients: PostClientEvent SUCCESS: com.oculus.shellenv:com.oculus.shellenv:2381, com.makepad.hello_quest, com.makepad.hello_quest
05-23 23:13:45.472  1953  1953 I VrRuntimeService: RuntimeIPC: SendFocusChangeEventToAllClients: PostClientEvent SUCCESS: com.oculus.vrshell:com.oculus.vrshell:1789, com.makepad.hello_quest, com.makepad.hello_quest
05-23 23:13:45.473  1542  1542 D OculusNotificationListenerService: Notification removed: 0|android|0|com.android.server.wm.AlertWindowNotification - com.oculus.vrshell|1000
05-23 23:13:45.474  2467  3045 I VrRuntimeClient: DEVICE MODEL NUMBER = Quest 2
05-23 23:13:45.474  2467  3045 I VrRuntimeClient: DEVICE HARDWARE = hollywood
05-23 23:13:45.474  2467  3045 I VrRuntimeClient: DEVICE BUILD NAME = user-16476800118700000
05-23 23:13:45.474  2467  3045 I VrRuntimeClient: DEVICE BUILD TYPE = user
05-23 23:13:45.474  2467  3045 I VrRuntimeClient: DEVICE OS VERSION = 10
05-23 23:13:45.474  2467  3045 I VrRuntimeClient: API LOADER VERSION = 1.41.0
05-23 23:13:45.474  2467  3045 I VrRuntimeClient: RUNTIME API VERSION = 1.46.0
05-23 23:13:45.474  2467  3045 I VrRuntimeClient: RUNTIME VERSION = 29.0.0.65.370 May  8 2021 20:13:10 RELEASE
05-23 23:13:45.474  2467  3045 I VrRuntimeClient: APP NAME = Oculus App Runtime
05-23 23:13:45.474  2467  3045 I VrRuntimeClient: APP VERSION = 29.0.0.65.370 versionCode 289987433 internalVersionName 29.0.0.65.370.384025c4a70b 2021_05_08_20_13
05-23 23:13:45.474  2467  3045 I VrRuntimeClient: APP VR TYPE = vr_only
05-23 23:13:45.474  2467  3045 I VrRuntimeClient: APP MODE TYPE = VR
05-23 23:13:45.474  2467  3045 I VrRuntimeClient: APP PACKAGE NAME = com.oculus.vrshell
05-23 23:13:45.474  2467  3045 I VrRuntimeClient: APP ACTIVITY CLASS = com.oculus.os.WindowTokenContext
05-23 23:13:45.476  2467  3045 D BatteryReceiver: Unregistering battery receiver
05-23 23:13:45.477  2467  2467 D [OAO] BaseOverlayService: setOverlayInputFocus : completed - inputFocus=false shouldSupportIME=false actionTaken:true
05-23 23:13:45.477  2467  2467 I [OAO] VrNotificationListenerService: onNotificationRemoved(): key = 0|android|0|com.android.server.wm.AlertWindowNotification - com.oculus.vrshell|1000, type = third_party
05-23 23:13:45.477  2467  2467 I [OAO] VrNotificationListenerService: onNotificationRemoved(): user|package|tag|id = UserHandle{0}|android|com.android.server.wm.AlertWindowNotification - com.oculus.vrshell|0
05-23 23:13:45.477  2467  3045 I Sensor  : OSSDKTRACKING Shutdown tracking
05-23 23:13:45.479  2206  2330 I LibraryProvider: running queryApp(com.makepad.hello_quest) for com.oculus.uid:10031
05-23 23:13:45.480  2206  2330 W LibraryProvider: Cannot find entitlement for com.makepad.hello_quest
05-23 23:13:45.480  2467  2467 D VrNotificationAnalytics: logNotificationRemoved(third_party)
05-23 23:13:45.480  1879  1879 W OVRLibrary: null cursor received for query content://com.oculus.ocms.library/apps/com.makepad.hello_quest
05-23 23:13:45.481  5417  5472 I chatty  : uid=10192(com.makepad.hello_quest) OVRInput expire 2 lines
05-23 23:13:45.483  3373  3373 D [SUI] NotificationBroadcastReceiver: action: com.oculus.intent.action.NOTIF_CHANGE
05-23 23:13:45.483  3373  3373 I NotificationManagerSourceHandler: Dataset has changed
05-23 23:13:45.483  2467  3045 I VrApi   : OVR::Stats thread stopped
05-23 23:13:45.483  2467  3045 I InputDeviceManager: ovrInputDeviceManager::~ovrInputDeviceManager
05-23 23:13:45.483  2467  3045 I HandDataQuerier: OSSDKTRACKING shutting down HandsTracker
05-23 23:13:45.484  2467  3045 I HandDataQuerier: OSSDKTRACKING shutting down HandsTracker
05-23 23:13:45.484  2467  3045 I InputDevice_TrackedRemote: OSSDKTRACKING shutting down Haptics
05-23 23:13:45.484  2467  3045 I InputDevice_TrackedRemote: OSSDKTRACKING shutting down Haptics
05-23 23:13:45.484  2467  3045 D OsSdk   : TrackingServiceConnection dtor
05-23 23:13:45.484   828  3064 I TrackingService: Unregistering client by ITrackingService.unregisterClient
05-23 23:13:45.484   828  3064 I TrackingService: TrackingServiceHost Unregistering client: com.oculus.vrshell#2467
05-23 23:13:45.484  2467  3045 D OsSdk   : TrackingServiceConnection unregistered
05-23 23:13:45.486  2467  2467 D KeyboardInputMethodService: onFinishInput
05-23 23:13:45.489  2206  2330 I LibraryProvider: running queryApp(com.makepad.hello_quest) for com.oculus.uid:10031
05-23 23:13:45.490  2206  2330 W LibraryProvider: Cannot find entitlement for com.makepad.hello_quest
05-23 23:13:45.491  1879  1879 W OVRLibrary: null cursor received for query content://com.oculus.ocms.library/apps/com.makepad.hello_quest
05-23 23:13:45.492  2467  5480 I ClientInputThread_Internal: InputThreadRun ShutdownRequest received
05-23 23:13:45.495  2467  3045 D InputHooksJava: Disabling Java Input Hooks
05-23 23:13:45.495  2467  3045 I ClientInputTrackedObjectManager: TRACKEDKEYBOARD ClearTrackedObjectManager called on client
05-23 23:13:45.495  1953  2979 I VrRuntimeService: RuntimeServiceSDKServer::EnableRendering: 0x0, 0, com.oculus.vrshell:Overlay
05-23 23:13:45.495  1953  2979 I ClientMgr: ClientMgr::EnableRendering 2467:com.oculus.vrshell : type 1 comp-id 5: disable
05-23 23:13:45.496  1953  2979 I VrRuntimeServer: DisableCompositorClient: 5
05-23 23:13:45.496  1953  2979 I TimeWarpClientMgr: Disable client 5
05-23 23:13:45.496  1953  2979 I TimeWarpClientMgr: DisableClient: frame flush required: 1
05-23 23:13:45.496  2467  2467 D DeviceHelper: isScreenOn = true
05-23 23:13:45.496  2467  2467 D [OAO] ShellOverlayBroadcastReceiver: onReceive with ShellOverlayService native pointer 3982600024, action com.oculus.vrshell.intent.action.DISMISS_NOTIFICATION
05-23 23:13:45.496  2467  2467 D [OAO] RssdkHelper: getCurrentPackageInfo
05-23 23:13:45.496  2467  2467 I [OAO] RssdkHelperJNI: Java_com_oculus_common_navigation_RssdkHelper_nativeGetCurrentPackageInfo
05-23 23:13:45.497  2467  2467 I [OAO] RssdkHelperJNI: NativeGetCurrentPackageInfo - str combined: 'com.makepad.hello_quest true'
05-23 23:13:45.497  2467  2467 D [OAO] PrimaryPackage: Shell backgrounded or not running.
05-23 23:13:45.498  2467  2467 I [OAO] ShellOverlayServiceJNI: NativeWake
05-23 23:13:45.498  2467  2467 I [OAO] ShellOverlayMain: WakeVrThread
05-23 23:13:45.498  2467  2467 I [OAO] ShellOverlayMain: WakeVrThread - notifying vr thread
05-23 23:13:45.506  1789  1789 D [OAR] RssdkHelper: getCurrentPackageInfo
05-23 23:13:45.506  1789  1789 I [OAR] RssdkHelperJNI: Java_com_oculus_common_navigation_RssdkHelper_nativeGetCurrentPackageInfo
05-23 23:13:45.506  1789  1789 I [OAR] RssdkHelperJNI: NativeGetCurrentPackageInfo - str combined: 'com.makepad.hello_quest true'
05-23 23:13:45.506  1789  1789 D [OAR] ShellControlProtectedReceiver: onReceive with MainActivity native pointer 0, action com.oculus.vrshell.intent.action.DISMISS_NOTIFICATION
05-23 23:13:45.507  1789  1789 D DeviceHelper: isScreenOn = true
05-23 23:13:45.507  1789  1789 D [OAR] PrimaryPackage: ShellEnv is backgrounded or not running.
05-23 23:13:45.510  1953  2979 I UnifiedTelemetryWrapper: Stopped UT session render:com.oculus.vrshell:Overlay
05-23 23:13:45.510  2467  5486 I FenceChecker: FenceChecker::MainLoop - ended
05-23 23:13:45.510  2467  3045 I VrRuntimeClient: PhaseSync Instance deleted
05-23 23:13:45.510  2467  3045 I VrApi   : ---------- vrapi_LeaveVrMode [end] ----------
05-23 23:13:45.510  1576  5484 W [CT]    : MIXEDREALITY: MrFeatureStatus: Status change from Created with the operation Pause is not allowed.
05-23 23:13:45.510  1576  5484 W [CT]    : MIXEDREALITY: MrFeatureStatus: clientChangeStatus: client 955430324 status change not allowed.
05-23 23:13:45.511  1576  5484 I [CT]    : MIXEDREALITY: MrFeatureStatus: Client status changed from Created to Destroyed.
05-23 23:13:45.511  1576  4028 I ServerProcessConnector: HandleClientDisconnect: Client: com.oculus.vrshell:com.oculus.vrshell:Overlay:2467, Server: com.oculus.mrservice:com.oculus.mrservice:1576 (MrServiceIPCServer)
05-23 23:13:45.511  2467  3045 I RuntimeIPCClientMgr: RuntimeIPCClient: Shutdown: Client: com.oculus.vrshell:com.oculus.vrshell:Overlay:2467, Server: com.oculus.mrservice:com.oculus.mrservice (MrServiceIPCServer)
05-23 23:13:45.511  2467  3045 I RuntimeIPCApi: ipc_Shutdown
05-23 23:13:45.511  2467  3045 I RuntimeIPCServiceClient: Shutdown: Refs still outstanding: 7, com.oculus.vrshell:Overlay
05-23 23:13:45.512  2467  3045 I [OAO] TrackedKeyboardDeviceManager: Clearing all tracked keyboards
05-23 23:13:45.512  2467  3045 I [OAO] AudioMixer: Disabling AudioPlayer.
05-23 23:13:45.512  1576  5484 W PipeUtils: RuntimeIPC: ReadFromPipeInternal: read failed: 0, Success
05-23 23:13:45.512  1576  5484 W PipeUtils: RuntimeIPC: ReadFromPipe: ReadFromPipeInternal FAILED
05-23 23:13:45.512  1576  5484 W RuntimeIPCServerMgr: RPCClientHandler::MainLoop: Error reading pipe: Client: com.oculus.vrshell:com.oculus.vrshell:Overlay:2467, Server: com.oculus.mrservice:com.oculus.mrservice (MrServiceIPCServer)
05-23 23:13:45.512  1576  5484 I [CT]    : MIXEDREALITY: MrServiceIPCServer: MrServiceIPCServer::onClientDisconnected
05-23 23:13:45.512  1576  5484 I [CT]    : MIXEDREALITY: MrServiceController: clientDisconnected: 955430324/com.oculus.vrshell/com.oculus.vrshell:Overlay
05-23 23:13:45.512  1576  5484 I [CT]    : MIXEDREALITY: ClientsStatus: ====== Connected clients ======
05-23 23:13:45.512  1576  5484 I [CT]    : MIXEDREALITY: ClientsStatus: Client: 955430324/com.oculus.vrshell/com.oculus.vrshell:Overlay
05-23 23:13:45.512  1576  5484 I [CT]    : MIXEDREALITY: ClientsStatus:    [Passthrough] -> Destroyed
05-23 23:13:45.512  1576  5484 I [CT]    : MIXEDREALITY: ClientsStatus:    [Freespace] -> Destroyed
05-23 23:13:45.512  1576  5484 I [CT]    : MIXEDREALITY: ClientsStatus: Client: 3298027205/com.oculus.guardian/com.oculus.vrguardianservice
05-23 23:13:45.512  1576  5484 I [CT]    : MIXEDREALITY: ClientsStatus:    [Passthrough] -> Created
05-23 23:13:45.512  1576  5484 I [CT]    : MIXEDREALITY: ClientsStatus:    [Freespace] -> Created
05-23 23:13:45.512  1576  5484 I [CT]    : MIXEDREALITY: ClientsStatus: ===============================
05-23 23:13:45.512  1576  5484 I [CT]    : MIXEDREALITY: MrClientModelStates: unregisterClient: For client 955430324.
05-23 23:13:45.512  1576  5484 I [CT]    : MIXEDREALITY: MrClientModelStates: ==== Known clients ====
05-23 23:13:45.512  1576  5484 I [CT]    : MIXEDREALITY: MrClientModelStates:   ID: 955430324 layers: 0 meshes: 0 geometries: 0 shaders: 0
05-23 23:13:45.512  1576  5484 I [CT]    : MIXEDREALITY: MrClientModelStates:   ID: 3298027205 layers: 1 meshes: 0 geometries: 0 shaders: 0
05-23 23:13:45.512  1576  5484 I [CT]    : MIXEDREALITY: MrClientModelStates: ==== Known clients ====
05-23 23:13:45.512  1576  5484 I [CT]    : MIXEDREALITY: MrClientModelStates:   ID: 3298027205 layers: 1 meshes: 0 geometries: 0 shaders: 0
05-23 23:13:45.512  1576  5484 I [CT]    : MIXEDREALITY: ClientsStatus: Unregistration from 955430324/com.oculus.vrshell/com.oculus.vrshell:Overlay accepted.
05-23 23:13:45.523  1879  1879 E OVRMediaServiceManager: LivestreamingManager Not initialized
05-23 23:13:45.524  2656  2656 W com.oculus.processhelper.ProcessHelper: Current process name is: com.oculus.socialplatform
05-23 23:13:45.529  2656  2656 E PartyStateManager: onAppStart nativeGetSystemVoipData didn't contain state
05-23 23:13:45.530  2656  2656 W VRLifecycleManager: onHeadsetMounted
05-23 23:13:45.532  1576  2940 I [CT]    : MIXEDREALITY: MrClientModelStates: Cleaned up resources for client 955430324
05-23 23:13:45.750  2656  2656 W PartyNativeModuleManager: Calling nativeTearDown but native code wasn't initialized. Noop.
05-23 23:13:45.752  2656  2656 W PartyNativeModuleManager: Calling nativeTearDown but native code wasn't initialized. Noop.
05-23 23:13:45.893   828  4997 I [CT]    : VIPER:MAP_MANAGER: State: TrackingPersistent, UUID=5a8a3299-1ab3-19e1-ecfa-6b09d514023f, Num. Persistent maps = 2,  Persistent maps:5a8a3299-1ab3-19e1-ecfa-6b09d514023f,442c7654-055e-1ccf-76da-5013650de42a,, Ser. Disabled = 00000000-0000-0000-0000-000000000000
05-23 23:13:46.060  5417  5440 I chatty  : uid=10192(com.makepad.hello_quest) Thread-2 expire 254 lines
05-23 23:13:46.291  2467  5485 I [OAO] AudioMixer: Notifying VrThread to shutdown.
05-23 23:13:46.291  2467  3045 I [OAO] AudioMixer: Successful shutdown.
05-23 23:13:46.291  2467  3045 I [OAO] AudioEngine: virtual void AudioLibrary::AudioEngine::DisablePlayer()
05-23 23:13:46.291  2467  3045 I [OAO] AudioEngine: Setting ShuttingDown.
05-23 23:13:46.311  2467  5485 I [OAO] AudioMixer: Notifying VrThread to shutdown.
05-23 23:13:46.311  2467  5485 I [OAO] AudioEngine: Fading final buffer
05-23 23:13:46.331  2467  5485 I [OAO] AudioEngine: Notifying VrThread to shutdown.
05-23 23:13:46.331  2467  5485 D         : PlayerBase::stop() from IPlayer
05-23 23:13:46.331  2467  5485 D AudioTrack: stop(31): called with 127680 frames delivered
05-23 23:13:46.331  2467  3045 I [OAO] AudioEngine: Stopping player
05-23 23:13:46.331  2467  3045 D         : PlayerBase::stop() from IPlayer
05-23 23:13:46.334  1239  1239 V AvrcpMediaPlayerList: onPlaybackConfigChanged(): Configs list size=4
05-23 23:13:46.334  2467  3045 D [OAO] ShellApplication: setOverlayInputFocus: inputFocus=false shouldSupportIME=false
05-23 23:13:46.334  2467  3045 D [OAO] BaseOverlayService: setOverlayInputFocus : entrypoint - inputFocus=false shouldSupportIME=false
05-23 23:13:46.334  2467  3045 I [OAO] SystemAssistant: OnModeChanged from Paused to ImmersiveAppFocused
05-23 23:13:46.334  2467  2467 D [OAO] BaseOverlayService: detachServiceWindowView
05-23 23:13:46.334  2467  2467 D [OAO] BaseOverlayService: setOverlayInputFocus : completed - inputFocus=false shouldSupportIME=false actionTaken:false
05-23 23:13:46.335  1239  1239 V AvrcpMediaPlayerList: onPlaybackConfigChanged(): Configs list size=3
05-23 23:13:46.335  3373  3373 I [SUI] AnytimeUIAndroidPanelApp: handleGenericMessage activeComponent com.oculus.systemux/com.oculus.panelapp.anytimeui.AnytimeUIAndroidPanelService 
05-23 23:13:46.336  2537  3224 I VrGuardianService: GuardianSDKServer::SetGuardianCanPaint
05-23 23:13:46.336  3373  3373 I [SUI] AnytimeUIAndroidPanelApp: handleActiveComponent - com.oculus.systemux/com.oculus.panelapp.anytimeui.AnytimeUIAndroidPanelService, returnComponent = 
05-23 23:13:46.337  3373  3373 D [SUI] AnytimeUIAndroidPanelApp: ShellEnv is running
05-23 23:13:46.342  3373  3373 D [SUI] SharingViewModel: clearAbuseReportRecordingTimer
05-23 23:13:46.343  3373  3373 W [SUI] TooltipController: Unable to enable/disable the tooltip: the given tooltip id "anytime_tablet_destination_ui_tooltip_screenshot_button" has no corresponding tooltip state.
05-23 23:13:46.343  3373  3373 D [SUI] SharingViewModel: clearAbuseReportRecordingTimer
05-23 23:13:46.345  3373  3392 W [SUI] TooltipController: Unable to enable/disable the tooltip: the given tooltip id "anytime_tablet_destination_ui_tooltip_screenshot_button" has no corresponding tooltip state.
05-23 23:13:46.386  2467  3045 I [OAO] ShellOverlayApp: 0xc2d7bc20 msg: broadcastIntent:
05-23 23:13:46.386  2467  3045 I [OAO] ShellOverlayApp: intent_action = com.oculus.vrshell.intent.action.DISMISS_NOTIFICATION
05-23 23:13:46.386  2467  3045 I [OAO] ShellOverlayApp: status_bar_notification = 0|android|0|com.android.server.wm.AlertWindowNotification - com.oculus.vrshell|1000
05-23 23:13:46.386  2467  3045 I [OAO] ShellOverlayApp: ProcessMessage_Broadcast: com.oculus.vrshell.intent.action.DISMISS_NOTIFICATION
05-23 23:13:46.387  2467  3045 I VrApi   : Received ovrRuntime event 5
05-23 23:13:46.387  2467  3045 I VrApi   : Received ovrRuntime event 3
05-23 23:13:46.388  3373  3373 I [SUI] AnytimeUIAndroidPanelApp: handleGenericMessage dismissNotificationToast 0|android|0|com.android.server.wm.AlertWindowNotification - com.oculus.vrshell|1000
05-23 23:13:46.388  3373  3373 D [SUI] ToastController: onReceiveNotificationToDismiss()
05-23 23:13:46.444  5417  5473 I chatty  : uid=10192(com.makepad.hello_quest) OVR::Stats expire 1 line
05-23 23:13:46.644  5417  5440 I chatty  : uid=10192(com.makepad.hello_quest) Thread-2 expire 448 lines
05-23 23:13:46.988   828  5003 I [CT]    : CONSTELLATION:VISION_STATUS: 7332eb40b77e183e (R): BlobDetection:[#BlobsDetected=(24.73, 5.03)]Matching:[MatchSuccess=1.000, MatchCost=(0.00177, 0.00000), #MatchedBlobs=(12.17, 2.33), #MatchedLeds=(6.68, 0.80), RematchM=0.000, SkipRefine=0.000] MatchMethod:[Prox=1.000, ConstBrute=0.000, UnconstBrute=0.000] MatchResets[AnomBlobSize=0.000, SharedMatch=0.000, DenseReacq=0.000] | Fusion:[FusionError=0.000, ImuFromCamMs=(17.005, 1.059), RematchF=0.000] FusionUpdates:[Successful=0.772, Reliable=0.772, TightFusion=0.772, FullPose=0.000, StaticPrior=0.228, StaticForHandTrans=0.228, PoseUpdateMD=(0.0000, 0.0000)] FusionResets[6DoFReset=0.000, ResetSuccess=0.000] FusionStatus[HasPosition=1.000, HasVelocity=1.000] 
05-23 23:13:46.989   828  5003 I [CT]    : CONSTELLATION:VISION_STATUS: c576150ea24ed021 (L): BlobDetection:[#BlobsDetected=(24.73, 5.03)]Matching:[MatchSuccess=1.000, MatchCost=(0.00120, 0.00000), #MatchedBlobs=(12.54, 1.15), #MatchedLeds=(6.69, 0.45), RematchM=0.000, SkipRefine=0.000] MatchMethod:[Prox=1.000, ConstBrute=0.000, UnconstBrute=0.000] MatchResets[AnomBlobSize=0.000, SharedMatch=0.000, DenseReacq=0.000] | Fusion:[FusionError=0.000, ImuFromCamMs=(17.282, 1.446), RematchF=0.000] FusionUpdates:[Successful=0.768, Reliable=0.768, TightFusion=0.768, FullPose=0.000, StaticPrior=0.232, StaticForHandTrans=0.236, PoseUpdateMD=(0.0000, 0.0000)] FusionResets[6DoFReset=0.000, ResetSuccess=0.000] FusionStatus[HasPosition=1.000, HasVelocity=1.000] 
05-23 23:13:47.108   828  4343 I [CT]    : CONSTELLATION:IMU_STATUS: 7332eb40b77e183e (R): [FusionTracked=1.000, OutputTracked=1.000, OutputValid=1.000] [AccelSat=0.000, GyroSat=0.000] 
05-23 23:13:47.445  5417  5473 I chatty  : uid=10192(com.makepad.hello_quest) OVR::Stats expire 1 line
05-23 23:13:47.688  5417  5440 I chatty  : uid=10192(com.makepad.hello_quest) Thread-2 expire 509 lines
05-23 23:13:47.766   828  4305 I [CT]    : boltlib: DSP utilization: 6.36 % (318 / 5006 ms)
05-23 23:13:47.774   828  4997 I [CT]    : HealthReport: Everything Passed =)
05-23 23:13:47.853   828  4997 I [CT]    : VIPER: Mode=Viper,Status=6DoF,TRACKING,KF=164,Inl=298,Pts=416,Mem=65.4,Jit=0.1mm,Issues(Cam/min=0.0,IMU/min=0.0),Exp=(5.3ms,g=3.0,I=74,Ir=4672.1)(6.0ms,g=6.0,I=87,Ir=2441.3)(6.0ms,g=6.0,I=63,Ir=1767.3)(5.3ms,g=6.0,I=74,Ir=2338.8)
05-23 23:13:48.444  5417  5473 I chatty  : uid=10192(com.makepad.hello_quest) OVR::Stats expire 3 lines
05-23 23:13:48.489  2467  3045 I [OAO] FlowController: UpdateActiveFlow from OverlaySystemUXTransitionFlow to (none)
05-23 23:13:48.489  2467  3045 I [OAO] OverlaySystemUXTransitionFlow: Deactivated
05-23 23:13:48.540  2467  3045 I [OAO] ShellOverlayApp: Start sleep timeout. Now:1405.892283, Timeout:1407.892283
05-23 23:13:48.872  5417  5440 I chatty  : uid=10192(com.makepad.hello_quest) Thread-2 expire 402 lines
05-23 23:13:48.907  1789  1789 D [OAR] RssdkHelper: getCurrentPackageInfo
05-23 23:13:48.907  1789  1789 I [OAR] RssdkHelperJNI: Java_com_oculus_common_navigation_RssdkHelper_nativeGetCurrentPackageInfo
05-23 23:13:48.907  1789  1789 I [OAR] RssdkHelperJNI: NativeGetCurrentPackageInfo - str combined: 'com.makepad.hello_quest true'
05-23 23:13:48.907  1789  1789 D [OAR] ShellControlBroadcastReceiver: onReceive with MainActivity native pointer 0, action com.oculus.vrshell.intent.action.LAUNCH
05-23 23:13:48.908  1789  1789 D [OAR] ShellControlBroadcastReceiver: isGuardianInOverlayEnabled = false
05-23 23:13:48.908  1789  1789 D [OAR] ShellControlBroadcastReceiver: isLaunchAction = true
05-23 23:13:48.908  1789  1789 D [OAR] RssdkHelper: getCurrentPackageInfo
05-23 23:13:48.908  1789  1789 I [OAR] RssdkHelperJNI: Java_com_oculus_common_navigation_RssdkHelper_nativeGetCurrentPackageInfo
05-23 23:13:48.908  1789  1789 I [OAR] RssdkHelperJNI: NativeGetCurrentPackageInfo - str combined: 'com.makepad.hello_quest true'
05-23 23:13:48.908  1789  1789 D [OAR] PrimaryPackage: ShellEnv is backgrounded or not running.
05-23 23:13:48.908  1789  1789 E [OAR] ShellControlBroadcastReceiver: Submitting as launch intent
05-23 23:13:48.908  1789  1789 D [OAR] NavigationRouter: shouldLaunchAsOverlay
05-23 23:13:48.909  1789  1789 D [OAR] RssdkHelper: getCurrentPackageInfo
05-23 23:13:48.909  1789  1789 I [OAR] RssdkHelperJNI: Java_com_oculus_common_navigation_RssdkHelper_nativeGetCurrentPackageInfo
05-23 23:13:48.909  1789  1789 I [OAR] RssdkHelperJNI: NativeGetCurrentPackageInfo - str combined: 'com.makepad.hello_quest true'
05-23 23:13:48.909  1789  1789 D [OAR] PrimaryPackage: Shell backgrounded or not running.
05-23 23:13:48.909  1789  4715 D QplServiceClient: MarkerStart success!
05-23 23:13:48.909  1789  1789 D [OAR] NavigationRouter: Data URI is systemux://dialog/exit
05-23 23:13:48.909  1789  1789 D [OAR] NavigationRouter: systemUxRouteString = systemux://dialog/exit
05-23 23:13:48.909  1789  1789 D [OAR] NavigationRouter: systemUXRoute = EXIT_TO_HOME(systemux://dialog/exit)
05-23 23:13:48.909  1789  1789 D [OAR] NavigationRouter: shouldLaunchAsOverlay == true (focus aware and valid route
05-23 23:13:48.910  2467  2467 I [OAO] ShellOverlayService: onStartCommand(): Intent { act=com.oculus.vrshell.intent.action.LAUNCH flg=0x10010030 pkg=com.oculus.vrshell cmp=com.oculus.vrshell/.ShellOverlayService (has extras) }
05-23 23:13:48.910  2467  2467 I [OAO] ShellOverlayServiceJNI: NativeWake
05-23 23:13:48.910  2467  2467 I [OAO] ShellOverlayMain: WakeVrThread
05-23 23:13:48.910  2467  2467 I [OAO] ShellOverlayMain: WakeVrThread - notifying vr thread
05-23 23:13:48.961  2467  3045 I [OAO] ShellOverlayApp: 0xc2d7bc20 msg: broadcastIntent:
05-23 23:13:48.961  2467  3045 I [OAO] ShellOverlayApp: intent_pkg = com.makepad.hello_quest
05-23 23:13:48.961  2467  3045 I [OAO] ShellOverlayApp: intent_data = systemux://dialog/exit
05-23 23:13:48.961  2467  3045 I [OAO] ShellOverlayApp: intent_action = com.oculus.vrshell.intent.action.LAUNCH
05-23 23:13:48.961  2467  3045 I [OAO] ShellOverlayApp: intent_component_name = com.makepad.hello_quest/com.makepad.hello_quest.MainActivity
05-23 23:13:48.962  2467  3045 I [OAO] ShellOverlayApp: ProcessMessage_Broadcast: com.oculus.vrshell.intent.action.LAUNCH
05-23 23:13:48.962  2467  3045 I [OAO] OverlayFlowController: ShellControl::BroadcastIntent::Launch
05-23 23:13:48.962  2467  3045 I [OAO] OverlayFlowController: SetPendingLaunchFromIntent - target=systemux://dialog/exit, return=com.makepad.hello_quest, uri=, launchingComponent=com.oculus.vrshell.intent.action.LAUNCH
05-23 23:13:48.962  2467  3045 I [OAO] OverlayFlowController: exclusiveDialogFlow Parse result:  0
